Component: ARM Compiler 6.12 Tool: armlink [5d624300]

==============================================================================

Section Cross References

    misc.o(.ARM.exidx.text.NVIC_PriorityGroupConfig) refers to misc.o(.text.NVIC_PriorityGroupConfig) for [Anonymous Symbol]
    misc.o(.ARM.exidx.text.NVIC_Init) refers to misc.o(.text.NVIC_Init) for [Anonymous Symbol]
    misc.o(.ARM.exidx.text.NVIC_SetVectorTable) refers to misc.o(.text.NVIC_SetVectorTable) for [Anonymous Symbol]
    misc.o(.ARM.exidx.text.NVIC_SystemLPConfig) refers to misc.o(.text.NVIC_SystemLPConfig) for [Anonymous Symbol]
    misc.o(.ARM.exidx.text.SysTick_CLKSourceConfig) refers to misc.o(.text.SysTick_CLKSourceConfig) for [Anonymous Symbol]
    stm32f10x_adc.o(.text.ADC_DeInit) refers to stm32f10x_rcc.o(.text.RCC_APB2PeriphResetCmd) for RCC_APB2PeriphResetCmd
    stm32f10x_adc.o(.ARM.exidx.text.ADC_DeInit) refers to stm32f10x_adc.o(.text.ADC_DeInit) for [Anonymous Symbol]
    stm32f10x_adc.o(.ARM.exidx.text.ADC_Init) refers to stm32f10x_adc.o(.text.ADC_Init) for [Anonymous Symbol]
    stm32f10x_adc.o(.ARM.exidx.text.ADC_StructInit) refers to stm32f10x_adc.o(.text.ADC_StructInit) for [Anonymous Symbol]
    stm32f10x_adc.o(.ARM.exidx.text.ADC_Cmd) refers to stm32f10x_adc.o(.text.ADC_Cmd) for [Anonymous Symbol]
    stm32f10x_adc.o(.ARM.exidx.text.ADC_DMACmd) refers to stm32f10x_adc.o(.text.ADC_DMACmd) for [Anonymous Symbol]
    stm32f10x_adc.o(.ARM.exidx.text.ADC_ITConfig) refers to stm32f10x_adc.o(.text.ADC_ITConfig) for [Anonymous Symbol]
    stm32f10x_adc.o(.ARM.exidx.text.ADC_ResetCalibration) refers to stm32f10x_adc.o(.text.ADC_ResetCalibration) for [Anonymous Symbol]
    stm32f10x_adc.o(.ARM.exidx.text.ADC_GetResetCalibrationStatus) refers to stm32f10x_adc.o(.text.ADC_GetResetCalibrationStatus) for [Anonymous Symbol]
    stm32f10x_adc.o(.ARM.exidx.text.ADC_StartCalibration) refers to stm32f10x_adc.o(.text.ADC_StartCalibration) for [Anonymous Symbol]
    stm32f10x_adc.o(.ARM.exidx.text.ADC_GetCalibrationStatus) refers to stm32f10x_adc.o(.text.ADC_GetCalibrationStatus) for [Anonymous Symbol]
    stm32f10x_adc.o(.ARM.exidx.text.ADC_SoftwareStartConvCmd) refers to stm32f10x_adc.o(.text.ADC_SoftwareStartConvCmd) for [Anonymous Symbol]
    stm32f10x_adc.o(.ARM.exidx.text.ADC_GetSoftwareStartConvStatus) refers to stm32f10x_adc.o(.text.ADC_GetSoftwareStartConvStatus) for [Anonymous Symbol]
    stm32f10x_adc.o(.ARM.exidx.text.ADC_DiscModeChannelCountConfig) refers to stm32f10x_adc.o(.text.ADC_DiscModeChannelCountConfig) for [Anonymous Symbol]
    stm32f10x_adc.o(.ARM.exidx.text.ADC_DiscModeCmd) refers to stm32f10x_adc.o(.text.ADC_DiscModeCmd) for [Anonymous Symbol]
    stm32f10x_adc.o(.ARM.exidx.text.ADC_RegularChannelConfig) refers to stm32f10x_adc.o(.text.ADC_RegularChannelConfig) for [Anonymous Symbol]
    stm32f10x_adc.o(.ARM.exidx.text.ADC_ExternalTrigConvCmd) refers to stm32f10x_adc.o(.text.ADC_ExternalTrigConvCmd) for [Anonymous Symbol]
    stm32f10x_adc.o(.ARM.exidx.text.ADC_GetConversionValue) refers to stm32f10x_adc.o(.text.ADC_GetConversionValue) for [Anonymous Symbol]
    stm32f10x_adc.o(.ARM.exidx.text.ADC_GetDualModeConversionValue) refers to stm32f10x_adc.o(.text.ADC_GetDualModeConversionValue) for [Anonymous Symbol]
    stm32f10x_adc.o(.ARM.exidx.text.ADC_AutoInjectedConvCmd) refers to stm32f10x_adc.o(.text.ADC_AutoInjectedConvCmd) for [Anonymous Symbol]
    stm32f10x_adc.o(.ARM.exidx.text.ADC_InjectedDiscModeCmd) refers to stm32f10x_adc.o(.text.ADC_InjectedDiscModeCmd) for [Anonymous Symbol]
    stm32f10x_adc.o(.ARM.exidx.text.ADC_ExternalTrigInjectedConvConfig) refers to stm32f10x_adc.o(.text.ADC_ExternalTrigInjectedConvConfig) for [Anonymous Symbol]
    stm32f10x_adc.o(.ARM.exidx.text.ADC_ExternalTrigInjectedConvCmd) refers to stm32f10x_adc.o(.text.ADC_ExternalTrigInjectedConvCmd) for [Anonymous Symbol]
    stm32f10x_adc.o(.ARM.exidx.text.ADC_SoftwareStartInjectedConvCmd) refers to stm32f10x_adc.o(.text.ADC_SoftwareStartInjectedConvCmd) for [Anonymous Symbol]
    stm32f10x_adc.o(.ARM.exidx.text.ADC_GetSoftwareStartInjectedConvCmdStatus) refers to stm32f10x_adc.o(.text.ADC_GetSoftwareStartInjectedConvCmdStatus) for [Anonymous Symbol]
    stm32f10x_adc.o(.ARM.exidx.text.ADC_InjectedChannelConfig) refers to stm32f10x_adc.o(.text.ADC_InjectedChannelConfig) for [Anonymous Symbol]
    stm32f10x_adc.o(.ARM.exidx.text.ADC_InjectedSequencerLengthConfig) refers to stm32f10x_adc.o(.text.ADC_InjectedSequencerLengthConfig) for [Anonymous Symbol]
    stm32f10x_adc.o(.ARM.exidx.text.ADC_SetInjectedOffset) refers to stm32f10x_adc.o(.text.ADC_SetInjectedOffset) for [Anonymous Symbol]
    stm32f10x_adc.o(.ARM.exidx.text.ADC_GetInjectedConversionValue) refers to stm32f10x_adc.o(.text.ADC_GetInjectedConversionValue) for [Anonymous Symbol]
    stm32f10x_adc.o(.ARM.exidx.text.ADC_AnalogWatchdogCmd) refers to stm32f10x_adc.o(.text.ADC_AnalogWatchdogCmd) for [Anonymous Symbol]
[...]
    Removing stm32f10x_wwdg.o(.ARM.exidx.text.WWDG_GetFlagStatus), (8 bytes).
    Removing stm32f10x_wwdg.o(.text.WWDG_ClearFlag), (14 bytes).
    Removing stm32f10x_wwdg.o(.ARM.exidx.text.WWDG_ClearFlag), (8 bytes).
    Removing main.o(.text), (0 bytes).
    Removing main.o(.ARM.exidx.text.main), (8 bytes).
    Removing main.o(.ARM.exidx.text.SystemInitDefine), (8 bytes).
    Removing main.o(.text.Delay_1_Ms), (32 bytes).
    Removing main.o(.ARM.exidx.text.Delay_1_Ms), (8 bytes).
    Removing main.o(.text.Delay_Ms), (22 bytes).
    Removing main.o(.ARM.exidx.text.Delay_Ms), (8 bytes).
    Removing main.o(.ARM.use_no_argv), (4 bytes).
    Removing stm32f10x_it.o(.text), (0 bytes).
    Removing stm32f10x_it.o(.ARM.exidx.text.NMI_Handler), (8 bytes).
    Removing stm32f10x_it.o(.ARM.exidx.text.HardFault_Handler), (8 bytes).
    Removing stm32f10x_it.o(.ARM.exidx.text.MemManage_Handler), (8 bytes).
    Removing stm32f10x_it.o(.ARM.exidx.text.BusFault_Handler), (8 bytes).
    Removing stm32f10x_it.o(.ARM.exidx.text.UsageFault_Handler), (8 bytes).
    Removing stm32f10x_it.o(.ARM.exidx.text.SVC_Handler), (8 bytes).
    Removing stm32f10x_it.o(.ARM.exidx.text.DebugMon_Handler), (8 bytes).
    Removing stm32f10x_it.o(.ARM.exidx.text.PendSV_Handler), (8 bytes).
    Removing system_stm32f10x.o(.text), (0 bytes).
    Removing system_stm32f10x.o(.ARM.exidx.text.SystemInit), (8 bytes).
    Removing system_stm32f10x.o(.ARM.exidx.text.SetSysClock), (8 bytes).
    Removing system_stm32f10x.o(.text.SystemCoreClockUpdate), (108 bytes).
    Removing system_stm32f10x.o(.ARM.exidx.text.SystemCoreClockUpdate), (8 bytes).
    Removing system_stm32f10x.o(.ARM.exidx.text.SetSysClockTo72), (8 bytes).
    Removing system_stm32f10x.o(.rodata.AHBPrescTable), (16 bytes).
    Removing delay_systick.o(.text), (0 bytes).
    Removing delay_systick.o(.ARM.exidx.text.SysTick_Handler), (8 bytes).
    Removing delay_systick.o(.ARM.exidx.text.Delay_Init), (8 bytes).
    Removing delay_systick.o(.ARM.exidx.text.SysTick_Config), (8 bytes).
    Removing delay_systick.o(.ARM.exidx.text.NVIC_SetPriority), (8 bytes).
    Removing delay_systick.o(.ARM.exidx.text.Delay_ms), (8 bytes).
    Removing delay_systick.o(.text.Delay_us), (20 bytes).
    Removing delay_systick.o(.ARM.exidx.text.Delay_us), (8 bytes).
    Removing delay_systick.o(.text.Timer_reset), (14 bytes).
    Removing delay_systick.o(.ARM.exidx.text.Timer_reset), (8 bytes).
    Removing delay_systick.o(.text.Timer_read_ms), (26 bytes).
    Removing delay_systick.o(.ARM.exidx.text.Timer_read_ms), (8 bytes).
    Removing delay_systick.o(.text.Timer_read_us), (12 bytes).
    Removing delay_systick.o(.ARM.exidx.text.Timer_read_us), (8 bytes).
    Removing rfid.o(.text), (0 bytes).
    Removing rfid.o(.text.RC522_SPI_Transfer), (54 bytes).
    Removing rfid.o(.ARM.exidx.text.RC522_SPI_Transfer), (8 bytes).
    Removing rfid.o(.text.Write_MFRC522), (54 bytes).
    Removing rfid.o(.ARM.exidx.text.Write_MFRC522), (8 bytes).
    Removing rfid.o(.text.Read_MFRC522), (56 bytes).
    Removing rfid.o(.ARM.exidx.text.Read_MFRC522), (8 bytes).
    Removing rfid.o(.text.SetBitMask), (24 bytes).
    Removing rfid.o(.ARM.exidx.text.SetBitMask), (8 bytes).
    Removing rfid.o(.text.ClearBitMask), (24 bytes).
    Removing rfid.o(.ARM.exidx.text.ClearBitMask), (8 bytes).
    Removing rfid.o(.text.AntennaOn), (20 bytes).
    Removing rfid.o(.ARM.exidx.text.AntennaOn), (8 bytes).
    Removing rfid.o(.text.AntennaOff), (8 bytes).
    Removing rfid.o(.ARM.exidx.text.AntennaOff), (8 bytes).
    Removing rfid.o(.text.MFRC522_Reset), (8 bytes).
    Removing rfid.o(.ARM.exidx.text.MFRC522_Reset), (8 bytes).
    Removing rfid.o(.text.MFRC522_SPI_Init), (96 bytes).
    Removing rfid.o(.ARM.exidx.text.MFRC522_SPI_Init), (8 bytes).
    Removing rfid.o(.text.MFRC522_Init), (140 bytes).
    Removing rfid.o(.ARM.exidx.text.MFRC522_Init), (8 bytes).
    Removing rfid.o(.text.MFRC522_ToCard), (260 bytes).
    Removing rfid.o(.ARM.exidx.text.MFRC522_ToCard), (8 bytes).
    Removing rfid.o(.text.MFRC522_Request), (56 bytes).
    Removing rfid.o(.ARM.exidx.text.MFRC522_Request), (8 bytes).
    Removing rfid.o(.text.MFRC522_Anticoll), (76 bytes).
    Removing rfid.o(.ARM.exidx.text.MFRC522_Anticoll), (8 bytes).
    Removing rfid.o(.text.CalulateCRC), (88 bytes).
    Removing rfid.o(.ARM.exidx.text.CalulateCRC), (8 bytes).
    Removing rfid.o(.text.MFRC522_SelectTag), (80 bytes).
    Removing rfid.o(.ARM.exidx.text.MFRC522_SelectTag), (8 bytes).
    Removing rfid.o(.text.MFRC522_Auth), (68 bytes).
    Removing rfid.o(.ARM.exidx.text.MFRC522_Auth), (8 bytes).
    Removing rfid.o(.text.MFRC522_Read), (60 bytes).
    Removing rfid.o(.ARM.exidx.text.MFRC522_Read), (8 bytes).
    Removing rfid.o(.text.MFRC522_Write), (144 bytes).
    Removing rfid.o(.ARM.exidx.text.MFRC522_Write), (8 bytes).
    Removing rfid.o(.text.MFRC522_Halt), (42 bytes).
    Removing rfid.o(.ARM.exidx.text.MFRC522_Halt), (8 bytes).
    Removing usart.o(.text), (0 bytes).
    Removing usart.o(.text.fputc), (36 bytes).
    Removing usart.o(.ARM.exidx.text.fputc), (8 bytes).
    Removing usart.o(.text.fgetc), (34 bytes).
    Removing usart.o(.ARM.exidx.text.fgetc), (8 bytes).
    Removing usart.o(.text.ferror), (6 bytes).
    Removing usart.o(.ARM.exidx.text.ferror), (8 bytes).
    Removing usart.o(.text._ttywrch), (36 bytes).
    Removing usart.o(.ARM.exidx.text._ttywrch), (8 bytes).
    Removing usart.o(.ARM.exidx.text._sys_exit), (8 bytes).
    Removing usart.o(.text.UART1_Config), (116 bytes).
    Removing usart.o(.ARM.exidx.text.UART1_Config), (8 bytes).
    Removing usart.o(.text.UART1_SendChar), (20 bytes).
    Removing usart.o(.ARM.exidx.text.UART1_SendChar), (8 bytes).
    Removing usart.o(.text.UART1_SendString), (28 bytes).
    Removing usart.o(.ARM.exidx.text.UART1_SendString), (8 bytes).
    Removing usart.o(.text.UART2_Config), (146 bytes).
    Removing usart.o(.ARM.exidx.text.UART2_Config), (8 bytes).
    Removing usart.o(.text.UART2_SendChar), (20 bytes).
    Removing usart.o(.ARM.exidx.text.UART2_SendChar), (8 bytes).
    Removing usart.o(.text.UART2_SendString), (28 bytes).
    Removing usart.o(.ARM.exidx.text.UART2_SendString), (8 bytes).
    Removing usart.o(.text.UART3_Config), (150 bytes).
    Removing usart.o(.ARM.exidx.text.UART3_Config), (8 bytes).
    Removing usart.o(.text.UART3_SendChar), (20 bytes).
    Removing usart.o(.ARM.exidx.text.UART3_SendChar), (8 bytes).
    Removing usart.o(.text.UART3_SendString), (28 bytes).
    Removing usart.o(.ARM.exidx.text.UART3_SendString), (8 bytes).
    Removing usart.o(.bss.__stdout), (84 bytes).
    Removing usart.o(.bss.__stdin), (84 bytes).
    Removing pwm.o(.text), (0 bytes).
    Removing pwm.o(.ARM.exidx.text.PWM_INT_InitTIM1Pins), (8 bytes).
    Removing pwm.o(.ARM.exidx.text.PWM_INT_InitTIM2Pins), (8 bytes).
    Removing pwm.o(.ARM.exidx.text.PWM_INT_InitTIM3Pins), (8 bytes).
    Removing pwm.o(.ARM.exidx.text.PWM_INT_InitTIM4Pins), (8 bytes).
    Removing pwm.o(.ARM.exidx.text.PWM_InitChannel), (8 bytes).
    Removing pwm.o(.ARM.exidx.text.TIM_OC), (8 bytes).
    Removing pwm.o(.ARM.exidx.text.PWM_Init), (8 bytes).
    Removing pwm.o(.ARM.exidx.text.PWM_Set), (8 bytes).
    Removing pwm.o(.text.PWM_Set_Frequency), (78 bytes).
    Removing pwm.o(.ARM.exidx.text.PWM_Set_Frequency), (8 bytes).
    Removing lvq_stm32f1_gpio.o(.text), (0 bytes).
    Removing lvq_stm32f1_gpio.o(.ARM.exidx.text.LVQ_GPIO_Init), (8 bytes).
    Removing lvq_stm32f1_gpio.o(.ARM.exidx.text.LVQ_GPIO_EnableClock), (8 bytes).
    Removing lvq_stm32f1_gpio.o(.ARM.exidx.text.LVQ_GPIO_Config), (8 bytes).
    Removing lvq_stm32f1_gpio.o(.text.LVQ_GPIO_InitAlternate), (2 bytes).
    Removing lvq_stm32f1_gpio.o(.ARM.exidx.text.LVQ_GPIO_InitAlternate), (8 bytes).
    Removing lvq_stm32f1_gpio.o(.text.LVQ_GPIO_SetPinAsInput), (2 bytes).
    Removing lvq_stm32f1_gpio.o(.ARM.exidx.text.LVQ_GPIO_SetPinAsInput), (8 bytes).
    Removing lvq_stm32f1_gpio.o(.text.LVQ_GPIO_SetPinAsOutput), (2 bytes).
    Removing lvq_stm32f1_gpio.o(.ARM.exidx.text.LVQ_GPIO_SetPinAsOutput), (8 bytes).
    Removing lvq_stm32f1_gpio.o(.text.LVQ_GPIO_SetPinAsAnalog), (2 bytes).
    Removing lvq_stm32f1_gpio.o(.ARM.exidx.text.LVQ_GPIO_SetPinAsAnalog), (8 bytes).
    Removing lvq_stm32f1_gpio.o(.text.LVQ_GPIO_SetPinAsAlternate), (2 bytes).
    Removing lvq_stm32f1_gpio.o(.ARM.exidx.text.LVQ_GPIO_SetPinAsAlternate), (8 bytes).
    Removing lvq_stm32f1_gpio.o(.text.LVQ_GPIO_SetPullResistor), (2 bytes).
    Removing lvq_stm32f1_gpio.o(.ARM.exidx.text.LVQ_GPIO_SetPullResistor), (8 bytes).
    Removing lvq_stm32f1_gpio.o(.text.LVQ_GPIO_Lock), (16 bytes).
    Removing lvq_stm32f1_gpio.o(.ARM.exidx.text.LVQ_GPIO_Lock), (8 bytes).
    Removing lvq_stm32f1_gpio.o(.text.LVQ_GPIO_GetPinSource), (22 bytes).
    Removing lvq_stm32f1_gpio.o(.ARM.exidx.text.LVQ_GPIO_GetPinSource), (8 bytes).
    Removing lvq_stm32f1_gpio.o(.text.LVQ_GPIO_GetPortSource), (10 bytes).
    Removing lvq_stm32f1_gpio.o(.ARM.exidx.text.LVQ_GPIO_GetPortSource), (8 bytes).
    Removing lvq_stm32f1_gpio.o(.text.LVQ_GPIO_INT_EnableClock), (28 bytes).
    Removing lvq_stm32f1_gpio.o(.ARM.exidx.text.LVQ_GPIO_INT_EnableClock), (8 bytes).
    Removing lvq_stm32f1_gpio.o(.text.LVQ_GPIO_INT_DisableClock), (30 bytes).
    Removing lvq_stm32f1_gpio.o(.ARM.exidx.text.LVQ_GPIO_INT_DisableClock), (8 bytes).
    Removing lvq_stm32f1_gpio.o(.text.LVQ_GPIO_GetUsedPins), (4 bytes).
    Removing lvq_stm32f1_gpio.o(.ARM.exidx.text.LVQ_GPIO_GetUsedPins), (8 bytes).
    Removing lvq_stm32f1_gpio.o(.text.LVQ_GPIO_GetFreePins), (6 bytes).
    Removing lvq_stm32f1_gpio.o(.ARM.exidx.text.LVQ_GPIO_GetFreePins), (8 bytes).
    Removing lvq_stm32f1_spi.o(.text), (0 bytes).
    Removing lvq_stm32f1_spi.o(.ARM.exidx.text.LVQ_SPI_Init), (8 bytes).
    Removing lvq_stm32f1_spi.o(.ARM.exidx.text.LVQ_SPIx_Init), (8 bytes).
    Removing lvq_stm32f1_spi.o(.text.LVQ_SPI_InitWithMode), (76 bytes).
    Removing lvq_stm32f1_spi.o(.ARM.exidx.text.LVQ_SPI_InitWithMode), (8 bytes).
    Removing lvq_stm32f1_spi.o(.text.LVQ_SPI_InitFull), (72 bytes).
    Removing lvq_stm32f1_spi.o(.ARM.exidx.text.LVQ_SPI_InitFull), (8 bytes).
    Removing lvq_stm32f1_spi.o(.text.LVQ_SPI_GetPrescalerFromMaxFrequency), (78 bytes).
    Removing lvq_stm32f1_spi.o(.ARM.exidx.text.LVQ_SPI_GetPrescalerFromMaxFrequency), (8 bytes).
    Removing lvq_stm32f1_spi.o(.text.LVQ_SPI_SetDataSize), (42 bytes).
    Removing lvq_stm32f1_spi.o(.ARM.exidx.text.LVQ_SPI_SetDataSize), (8 bytes).
    Removing lvq_stm32f1_spi.o(.text.LVQ_SPI_SendMulti), (90 bytes).
    Removing lvq_stm32f1_spi.o(.ARM.exidx.text.LVQ_SPI_SendMulti), (8 bytes).
    Removing lvq_stm32f1_spi.o(.text.LVQ_SPI_WriteMulti), (64 bytes).
    Removing lvq_stm32f1_spi.o(.ARM.exidx.text.LVQ_SPI_WriteMulti), (8 bytes).
    Removing lvq_stm32f1_spi.o(.text.LVQ_SPI_ReadMulti), (86 bytes).
    Removing lvq_stm32f1_spi.o(.ARM.exidx.text.LVQ_SPI_ReadMulti), (8 bytes).
    Removing lvq_stm32f1_spi.o(.text.LVQ_SPI_SendMulti16), (90 bytes).
    Removing lvq_stm32f1_spi.o(.ARM.exidx.text.LVQ_SPI_SendMulti16), (8 bytes).
    Removing lvq_stm32f1_spi.o(.text.LVQ_SPI_WriteMulti16), (64 bytes).
    Removing lvq_stm32f1_spi.o(.ARM.exidx.text.LVQ_SPI_WriteMulti16), (8 bytes).
    Removing lvq_stm32f1_spi.o(.text.LVQ_SPI_ReadMulti16), (86 bytes).
    Removing lvq_stm32f1_spi.o(.ARM.exidx.text.LVQ_SPI_ReadMulti16), (8 bytes).
    Removing lvq_stm32f1_spi.o(.text.LVQ_SPI_InitCustomPinsCallback), (2 bytes).
    Removing lvq_stm32f1_spi.o(.ARM.exidx.text.LVQ_SPI_InitCustomPinsCallback), (8 bytes).
    Removing lvq_stm32f1_spi.o(.ARM.exidx.text.LVQ_SPI1_INT_InitPins), (8 bytes).
    Removing lvq_stm32f1_spi.o(.ARM.exidx.text.LVQ_SPI2_INT_InitPins), (8 bytes).
    Removing lvq_stm32f1_nrf24.o(.text), (0 bytes).
    Removing lvq_stm32f1_nrf24.o(.ARM.exidx.text.LVQ_NRF24_Init), (8 bytes).
    Removing lvq_stm32f1_nrf24.o(.ARM.exidx.text.LVQ_NRF24_WriteReg), (8 bytes).
    Removing lvq_stm32f1_nrf24.o(.ARM.exidx.text.LVQ_NRF24_FlushRX), (8 bytes).
    Removing lvq_stm32f1_nrf24.o(.ARM.exidx.text.LVQ_NRF24_FlushTX), (8 bytes).
    Removing lvq_stm32f1_nrf24.o(.ARM.exidx.text.LVQ_NRF24_ClearIRQFlags), (8 bytes).
    Removing lvq_stm32f1_nrf24.o(.ARM.exidx.text.LVQ_NRF24_CSN_H), (8 bytes).
    Removing lvq_stm32f1_nrf24.o(.ARM.exidx.text.LVQ_NRF24_CE_L), (8 bytes).
    Removing lvq_stm32f1_nrf24.o(.text.LVQ_NRF24_Check), (148 bytes).
    Removing lvq_stm32f1_nrf24.o(.ARM.exidx.text.LVQ_NRF24_Check), (8 bytes).
    Removing lvq_stm32f1_nrf24.o(.text.LVQ_NRF24_WriteMBReg), (200 bytes).
    Removing lvq_stm32f1_nrf24.o(.ARM.exidx.text.LVQ_NRF24_WriteMBReg), (8 bytes).
    Removing lvq_stm32f1_nrf24.o(.ARM.exidx.text.LVQ_NRF24_ReadMBReg), (8 bytes).
    Removing lvq_stm32f1_nrf24.o(.ARM.exidx.text.LVQ_NRF24_SetPowerMode), (8 bytes).
    Removing lvq_stm32f1_nrf24.o(.ARM.exidx.text.LVQ_NRF24_ReadReg), (8 bytes).
    Removing lvq_stm32f1_nrf24.o(.ARM.exidx.text.LVQ_NRF24_SetOperationalMode), (8 bytes).
    Removing lvq_stm32f1_nrf24.o(.text.LVQ_NRF24_SetDynamicPayloadLength), (192 bytes).
    Removing lvq_stm32f1_nrf24.o(.ARM.exidx.text.LVQ_NRF24_SetDynamicPayloadLength), (8 bytes).
    Removing lvq_stm32f1_nrf24.o(.text.LVQ_NRF24_SetPayloadWithAck), (118 bytes).
    Removing lvq_stm32f1_nrf24.o(.ARM.exidx.text.LVQ_NRF24_SetPayloadWithAck), (8 bytes).
    Removing lvq_stm32f1_nrf24.o(.ARM.exidx.text.LVQ_NRF24_SetCRCScheme), (8 bytes).
    Removing lvq_stm32f1_nrf24.o(.ARM.exidx.text.LVQ_NRF24_SetRFChannel), (8 bytes).
    Removing lvq_stm32f1_nrf24.o(.text.LVQ_NRF24_SetAutoRetr), (92 bytes).
    Removing lvq_stm32f1_nrf24.o(.ARM.exidx.text.LVQ_NRF24_SetAutoRetr), (8 bytes).
    Removing lvq_stm32f1_nrf24.o(.ARM.exidx.text.LVQ_NRF24_SetAddressWidth), (8 bytes).
    Removing lvq_stm32f1_nrf24.o(.ARM.exidx.text.LVQ_NRF24_SetAddress), (8 bytes).
    Removing lvq_stm32f1_nrf24.o(.ARM.exidx.text.LVQ_NRF24_CSN_L), (8 bytes).
    Removing lvq_stm32f1_nrf24.o(.ARM.exidx.text.LVQ_NRF24_RW), (8 bytes).
    Removing lvq_stm32f1_nrf24.o(.ARM.exidx.text.LVQ_NRF24_SetTXPower), (8 bytes).
    Removing lvq_stm32f1_nrf24.o(.ARM.exidx.text.LVQ_NRF24_SetDataRate), (8 bytes).
    Removing lvq_stm32f1_nrf24.o(.ARM.exidx.text.LVQ_NRF24_SetRXPipe), (8 bytes).
    Removing lvq_stm32f1_nrf24.o(.text.LVQ_NRF24_ClosePipe), (118 bytes).
    Removing lvq_stm32f1_nrf24.o(.ARM.exidx.text.LVQ_NRF24_ClosePipe), (8 bytes).
    Removing lvq_stm32f1_nrf24.o(.text.LVQ_NRF24_EnableAA), (116 bytes).
    Removing lvq_stm32f1_nrf24.o(.ARM.exidx.text.LVQ_NRF24_EnableAA), (8 bytes).
    Removing lvq_stm32f1_nrf24.o(.ARM.exidx.text.LVQ_NRF24_DisableAA), (8 bytes).
    Removing lvq_stm32f1_nrf24.o(.text.LVQ_NRF24_GetStatus), (68 bytes).
    Removing lvq_stm32f1_nrf24.o(.ARM.exidx.text.LVQ_NRF24_GetStatus), (8 bytes).
    Removing lvq_stm32f1_nrf24.o(.text.LVQ_NRF24_GetIRQFlags), (72 bytes).
    Removing lvq_stm32f1_nrf24.o(.ARM.exidx.text.LVQ_NRF24_GetIRQFlags), (8 bytes).
    Removing lvq_stm32f1_nrf24.o(.ARM.exidx.text.LVQ_NRF24_GetStatus_RXFIFO), (8 bytes).
    Removing lvq_stm32f1_nrf24.o(.text.LVQ_NRF24_GetStatus_TXFIFO), (72 bytes).
    Removing lvq_stm32f1_nrf24.o(.ARM.exidx.text.LVQ_NRF24_GetStatus_TXFIFO), (8 bytes).
    Removing lvq_stm32f1_nrf24.o(.text.LVQ_NRF24_GetRXSource), (72 bytes).
    Removing lvq_stm32f1_nrf24.o(.ARM.exidx.text.LVQ_NRF24_GetRXSource), (8 bytes).
    Removing lvq_stm32f1_nrf24.o(.text.LVQ_NRF24_GetRetransmitCounters), (68 bytes).
    Removing lvq_stm32f1_nrf24.o(.ARM.exidx.text.LVQ_NRF24_GetRetransmitCounters), (8 bytes).
    Removing lvq_stm32f1_nrf24.o(.text.LVQ_NRF24_ResetPLOS), (104 bytes).
    Removing lvq_stm32f1_nrf24.o(.ARM.exidx.text.LVQ_NRF24_ResetPLOS), (8 bytes).
    Removing lvq_stm32f1_nrf24.o(.text.LVQ_NRF24_WritePayload), (84 bytes).
    Removing lvq_stm32f1_nrf24.o(.ARM.exidx.text.LVQ_NRF24_WritePayload), (8 bytes).
    Removing lvq_stm32f1_nrf24.o(.ARM.exidx.text.LVQ_NRF24_ReadPayload), (8 bytes).
    Removing lvq_stm32f1_nrf24.o(.ARM.exidx.text.LVQ_NRF24_ReadPayloadGeneric), (8 bytes).
    Removing lvq_stm32f1_nrf24.o(.text.LVQ_NRF24_ReadPayloadDpl), (84 bytes).
    Removing lvq_stm32f1_nrf24.o(.ARM.exidx.text.LVQ_NRF24_ReadPayloadDpl), (8 bytes).
    Removing lvq_stm32f1_nrf24.o(.text.LVQ_NRF24_GetFeatures), (68 bytes).
    Removing lvq_stm32f1_nrf24.o(.ARM.exidx.text.LVQ_NRF24_GetFeatures), (8 bytes).
    Removing lvq_stm32f1_nrf24.o(.text.LVQ_NRF24_ActivateFeatures), (168 bytes).
    Removing lvq_stm32f1_nrf24.o(.ARM.exidx.text.LVQ_NRF24_ActivateFeatures), (8 bytes).
    Removing lvq_stm32f1_nrf24.o(.text.LVQ_NRF24_WriteAckPayload), (204 bytes).
    Removing lvq_stm32f1_nrf24.o(.ARM.exidx.text.LVQ_NRF24_WriteAckPayload), (8 bytes).
    Removing lvq_stm32f1_nrf24.o(.text.LVQ_NRF24_StartRTXMode), (616 bytes).
    Removing lvq_stm32f1_nrf24.o(.ARM.exidx.text.LVQ_NRF24_StartRTXMode), (8 bytes).
    Removing lvq_stm32f1_nrf24.o(.text.LVQ_NRF24_StartTXMode), (694 bytes).
    Removing lvq_stm32f1_nrf24.o(.ARM.exidx.text.LVQ_NRF24_StartTXMode), (8 bytes).
    Removing lvq_stm32f1_nrf24.o(.ARM.exidx.text.LVQ_NRF24_StartRXMode), (8 bytes).
    Removing lvq_stm32f1_nrf24.o(.ARM.exidx.text.LVQ_NRF24_CE_H), (8 bytes).
    Removing lvq_stm32f1_nrf24.o(.text.LVQ_NRF24_TransmitPacket), (324 bytes).
    Removing lvq_stm32f1_nrf24.o(.ARM.exidx.text.LVQ_NRF24_TransmitPacket), (8 bytes).
    Removing lvq_stm32f1_nrf24.o(.text.LVQ_NRF24_DisableIRQ), (108 bytes).
    Removing lvq_stm32f1_nrf24.o(.ARM.exidx.text.LVQ_NRF24_DisableIRQ), (8 bytes).
    Removing lvq_stm32f1_nrf24.o(.text.LVQ_NRF24_EnableIRQ), (108 bytes).
    Removing lvq_stm32f1_nrf24.o(.ARM.exidx.text.LVQ_NRF24_EnableIRQ), (8 bytes).
    Removing lvq_stm32f1_nrf24.o(.text.LVQ_NRF24_ClearIRQFlag), (108 bytes).
    Removing lvq_stm32f1_nrf24.o(.ARM.exidx.text.LVQ_NRF24_ClearIRQFlag), (8 bytes).
    Removing lvq_stm32f1_nrf24.o(.ARM.exidx.text.LVQ_NRF24_PowerUpTx), (8 bytes).
    Removing lvq_stm32f1_nrf24.o(.ARM.exidx.text.LVQ_NRF24_PowerUpRx), (8 bytes).
    Removing lvq_stm32f1_nrf24.o(.text.LVQ_NRF24_OpeningPIPERead), (116 bytes).
    Removing lvq_stm32f1_nrf24.o(.ARM.exidx.text.LVQ_NRF24_OpeningPIPERead), (8 bytes).
    Removing lvq_stm32f1_nrf24.o(.ARM.exidx.text.LVQ_NRF24_TXSearchChannel), (8 bytes).
    Removing lvq_stm32f1_nrf24.o(.text.LVQ_NRF24_RXSearchChannel), (512 bytes).
    Removing lvq_stm32f1_nrf24.o(.ARM.exidx.text.LVQ_NRF24_RXSearchChannel), (8 bytes).
    Removing lvq_stm32f1_nrf24.o(.text.CharToNo), (14 bytes).
    Removing lvq_stm32f1_nrf24.o(.ARM.exidx.text.CharToNo), (8 bytes).
    Removing lvq_stm32f1_nrf24.o(.text.map), (40 bytes).
    Removing lvq_stm32f1_nrf24.o(.ARM.exidx.text.map), (8 bytes).
    Removing lvq_stm32f1_nrf24.o(.text.LVQ_NRF24_HandleData), (54 bytes).
    Removing lvq_stm32f1_nrf24.o(.ARM.exidx.text.LVQ_NRF24_HandleData), (8 bytes).
    Removing lvq_stm32f1_nrf24.o(.ARM.exidx.text.LVQ_SPI_Send), (8 bytes).
    Removing lvq_stm32f1_nrf24.o(.ARM.exidx.text.LVQ_NRF24_GetRxDplPayloadWidth), (8 bytes).
    Removing lvq_stm32f1_nrf24.o(.rodata.str1.1), (6 bytes).
    Removing lvq_stm32f1_nrf24.o(.rodata..L__const.LVQ_NRF24_TXSearchChannel.u8DataCheck), (5 bytes).

1161 unused section(s) (total 25995 bytes) removed from the image.

==============================================================================

Image Symbol Table

    Local Symbols

    Symbol Name                              Value     Ov Type        Size  Object(Section)

    ../clib/angel/boardlib.s                 0x00000000   Number         0  boardinit1.o ABSOLUTE
    ../clib/angel/boardlib.s                 0x00000000   Number         0  boardinit2.o ABSOLUTE
    ../clib/angel/boardlib.s                 0x00000000   Number         0  boardinit3.o ABSOLUTE
    ../clib/angel/boardlib.s                 0x00000000   Number         0  boardshut.o ABSOLUTE
    ../clib/angel/handlers.s                 0x00000000   Number         0  __scatter_copy.o ABSOLUTE
    ../clib/angel/handlers.s                 0x00000000   Number         0  __scatter_zi.o ABSOLUTE
    ../clib/angel/kernel.s                   0x00000000   Number         0  __rtentry.o ABSOLUTE
    ../clib/angel/kernel.s                   0x00000000   Number         0  __rtentry2.o ABSOLUTE
    ../clib/angel/kernel.s                   0x00000000   Number         0  __rtentry4.o ABSOLUTE
    ../clib/angel/kernel.s                   0x00000000   Number         0  rtexit.o ABSOLUTE
    ../clib/angel/kernel.s                   0x00000000   Number         0  rtexit2.o ABSOLUTE
    ../clib/angel/rt.s                       0x00000000   Number         0  rt_raise.o ABSOLUTE
    ../clib/angel/scatter.s                  0x00000000   Number         0  __scatter.o ABSOLUTE
    ../clib/angel/startup.s                  0x00000000   Number         0  __main.o ABSOLUTE
    ../clib/angel/sys.s                      0x00000000   Number         0  sys_stackheap_outer.o ABSOLUTE
    ../clib/angel/sys.s                      0x00000000   Number         0  libspace.o ABSOLUTE
    ../clib/angel/sys.s                      0x00000000   Number         0  use_no_semi.o ABSOLUTE
    ../clib/angel/sys.s                      0x00000000   Number         0  indicate_semi.o ABSOLUTE
    ../clib/angel/sysapp.c                   0x00000000   Number         0  sys_command.o ABSOLUTE
    ../clib/angel/sysapp.c                   0x00000000   Number         0  sys_command_hlt.o ABSOLUTE
    ../clib/armsys.c                         0x00000000   Number         0  argv_veneer.o ABSOLUTE
    ../clib/armsys.c                         0x00000000   Number         0  argv_veneer.o ABSOLUTE
    ../clib/armsys.c                         0x00000000   Number         0  _get_argv_nomalloc.o ABSOLUTE
    ../clib/armsys.c                         0x00000000   Number         0  no_argv.o ABSOLUTE
    ../clib/heapalloc.c                      0x00000000   Number         0  hrguard.o ABSOLUTE
    ../clib/heapaux.c                        0x00000000   Number         0  heapauxi.o ABSOLUTE
    ../clib/libinit.s                        0x00000000   Number         0  libinit.o ABSOLUTE
    ../clib/libinit.s                        0x00000000   Number         0  libinit2.o ABSOLUTE
    ../clib/libinit.s                        0x00000000   Number         0  libshutdown.o ABSOLUTE
    ../clib/libinit.s                        0x00000000   Number         0  libshutdown2.o ABSOLUTE
    ../clib/memcpset.s                       0x00000000   Number         0  rt_memclr_w.o ABSOLUTE
    ../clib/signal.c                         0x00000000   Number         0  defsig_rtmem_outer.o ABSOLUTE
    ../clib/signal.c                         0x00000000   Number         0  defsig_rtmem_formal.o ABSOLUTE
    ../clib/signal.c                         0x00000000   Number         0  defsig_exit.o ABSOLUTE
    ../clib/signal.c                         0x00000000   Number         0  defsig_rtmem_inner.o ABSOLUTE
    ../clib/signal.c                         0x00000000   Number         0  __raise.o ABSOLUTE
    ../clib/signal.c                         0x00000000   Number         0  defsig_general.o ABSOLUTE
    ../clib/signal.c                         0x00000000   Number         0  defsig_abrt_inner.o ABSOLUTE
    ../clib/signal.c                         0x00000000   Number         0  defsig_fpe_inner.o ABSOLUTE
    ../clib/signal.c                         0x00000000   Number         0  defsig_rtred_inner.o ABSOLUTE
    ../clib/signal.c                         0x00000000   Number         0  defsig_stak_inner.o ABSOLUTE
    ../clib/signal.c                         0x00000000   Number         0  defsig_pvfn_inner.o ABSOLUTE
    ../clib/signal.c                         0x00000000   Number         0  defsig_cppl_inner.o ABSOLUTE
    ../clib/signal.c                         0x00000000   Number         0  defsig_segv_inner.o ABSOLUTE
    ../clib/signal.c                         0x00000000   Number         0  defsig_other.o ABSOLUTE
    ../clib/signal.s                         0x00000000   Number         0  defsig.o ABSOLUTE
    ../clib/stdlib.c                         0x00000000   Number         0  exit.o ABSOLUTE
    ../clib/string.c                         0x00000000   Number         0  strcpy.o ABSOLUTE
    ../fplib/fpinit.s                        0x00000000   Number         0  fpinit.o ABSOLUTE
    dc.s                                     0x00000000   Number         0  dc.o ABSOLUTE
    delay_systick.c                          0x00000000   Number         0  delay_systick.o ABSOLUTE
    lvq_stm32f1_gpio.c                       0x00000000   Number         0  lvq_stm32f1_gpio.o ABSOLUTE
    lvq_stm32f1_nrf24.c                      0x00000000   Number         0  lvq_stm32f1_nrf24.o ABSOLUTE
    lvq_stm32f1_spi.c                        0x00000000   Number         0  lvq_stm32f1_spi.o ABSOLUTE
    main.c                                   0x00000000   Number         0  main.o ABSOLUTE
    misc.c                                   0x00000000   Number         0  misc.o ABSOLUTE
    pwm.c                                    0x00000000   Number         0  pwm.o ABSOLUTE
    rfid.c                                   0x00000000   Number         0  rfid.o ABSOLUTE
    startup\startup_stm32f10x_md.s           0x00000000   Number         0  startup_stm32f10x_md.o ABSOLUTE
    stm32f10x_adc.c                          0x00000000   Number         0  stm32f10x_adc.o ABSOLUTE
    stm32f10x_bkp.c                          0x00000000   Number         0  stm32f10x_bkp.o ABSOLUTE
    stm32f10x_can.c                          0x00000000   Number         0  stm32f10x_can.o ABSOLUTE
    stm32f10x_cec.c                          0x00000000   Number         0  stm32f10x_cec.o ABSOLUTE
    stm32f10x_crc.c                          0x00000000   Number         0  stm32f10x_crc.o ABSOLUTE
    stm32f10x_dac.c                          0x00000000   Number         0  stm32f10x_dac.o ABSOLUTE
    stm32f10x_dbgmcu.c                       0x00000000   Number         0  stm32f10x_dbgmcu.o ABSOLUTE
    stm32f10x_dma.c                          0x00000000   Number         0  stm32f10x_dma.o ABSOLUTE
    stm32f10x_exti.c                         0x00000000   Number         0  stm32f10x_exti.o ABSOLUTE
    stm32f10x_fsmc.c                         0x00000000   Number         0  stm32f10x_fsmc.o ABSOLUTE
    stm32f10x_gpio.c                         0x00000000   Number         0  stm32f10x_gpio.o ABSOLUTE
    stm32f10x_i2c.c                          0x00000000   Number         0  stm32f10x_i2c.o ABSOLUTE
    stm32f10x_it.c                           0x00000000   Number         0  stm32f10x_it.o ABSOLUTE
    stm32f10x_iwdg.c                         0x00000000   Number         0  stm32f10x_iwdg.o ABSOLUTE
    stm32f10x_pwr.c                          0x00000000   Number         0  stm32f10x_pwr.o ABSOLUTE
    stm32f10x_rcc.c                          0x00000000   Number         0  stm32f10x_rcc.o ABSOLUTE
    stm32f10x_rtc.c                          0x00000000   Number         0  stm32f10x_rtc.o ABSOLUTE
    stm32f10x_sdio.c                         0x00000000   Number         0  stm32f10x_sdio.o ABSOLUTE
    stm32f10x_spi.c                          0x00000000   Number         0  stm32f10x_spi.o ABSOLUTE
    stm32f10x_tim.c                          0x00000000   Number         0  stm32f10x_tim.o ABSOLUTE
    stm32f10x_usart.c                        0x00000000   Number         0  stm32f10x_usart.o ABSOLUTE
    stm32f10x_wwdg.c                         0x00000000   Number         0  stm32f10x_wwdg.o ABSOLUTE
    system_stm32f10x.c                       0x00000000   Number         0  system_stm32f10x.o ABSOLUTE
    usart.c                                  0x00000000   Number         0  usart.o ABSOLUTE
    RESET                                    0x08000000   Section      236  startup_stm32f10x_md.o(RESET)
    !!!main                                  0x080000ec   Section        8  __main.o(!!!main)
    !!!scatter                               0x080000f4   Section       52  __scatter.o(!!!scatter)
    !!handler_copy                           0x08000128   Section       26  __scatter_copy.o(!!handler_copy)
    !!handler_zi                             0x08000144   Section       28  __scatter_zi.o(!!handler_zi)
    .ARM.Collect$$libinit$$00000000          0x08000160   Section        2  libinit.o(.ARM.Collect$$libinit$$00000000)
    .ARM.Collect$$libinit$$00000002          0x08000162   Section        0  libinit2.o(.ARM.Collect$$libinit$$00000002)
    .ARM.Collect$$libinit$$00000004          0x08000162   Section        0  libinit2.o(.ARM.Collect$$libinit$$00000004)
    .ARM.Collect$$libinit$$0000000A          0x08000162   Section        0  libinit2.o(.ARM.Collect$$libinit$$0000000A)
    .ARM.Collect$$libinit$$0000000C          0x08000162   Section        0  libinit2.o(.ARM.Collect$$libinit$$0000000C)
    .ARM.Collect$$libinit$$0000000E          0x08000162   Section        0  libinit2.o(.ARM.Collect$$libinit$$0000000E)
    .ARM.Collect$$libinit$$00000011          0x08000162   Section        0  libinit2.o(.ARM.Collect$$libinit$$00000011)
    .ARM.Collect$$libinit$$00000013          0x08000162   Section        0  libinit2.o(.ARM.Collect$$libinit$$00000013)
    .ARM.Collect$$libinit$$00000015          0x08000162   Section        0  libinit2.o(.ARM.Collect$$libinit$$00000015)
    .ARM.Collect$$libinit$$00000017          0x08000162   Section        0  libinit2.o(.ARM.Collect$$libinit$$00000017)
    .ARM.Collect$$libinit$$00000019          0x08000162   Section        0  libinit2.o(.ARM.Collect$$libinit$$00000019)
    .ARM.Collect$$libinit$$0000001B          0x08000162   Section        0  libinit2.o(.ARM.Collect$$libinit$$0000001B)
    .ARM.Collect$$libinit$$0000001D          0x08000162   Section        0  libinit2.o(.ARM.Collect$$libinit$$0000001D)
    .ARM.Collect$$libinit$$0000001F          0x08000162   Section        0  libinit2.o(.ARM.Collect$$libinit$$0000001F)
    .ARM.Collect$$libinit$$00000021          0x08000162   Section        0  libinit2.o(.ARM.Collect$$libinit$$00000021)
    .ARM.Collect$$libinit$$00000023          0x08000162   Section        0  libinit2.o(.ARM.Collect$$libinit$$00000023)
    .ARM.Collect$$libinit$$00000025          0x08000162   Section        0  libinit2.o(.ARM.Collect$$libinit$$00000025)
    .ARM.Collect$$libinit$$0000002C          0x08000162   Section        0  libinit2.o(.ARM.Collect$$libinit$$0000002C)
    .ARM.Collect$$libinit$$0000002E          0x08000162   Section        0  libinit2.o(.ARM.Collect$$libinit$$0000002E)
    .ARM.Collect$$libinit$$00000030          0x08000162   Section        0  libinit2.o(.ARM.Collect$$libinit$$00000030)
    .ARM.Collect$$libinit$$00000032          0x08000162   Section        0  libinit2.o(.ARM.Collect$$libinit$$00000032)
    .ARM.Collect$$libinit$$00000033          0x08000162   Section        2  libinit2.o(.ARM.Collect$$libinit$$00000033)
    .ARM.Collect$$libshutdown$$00000000      0x08000164   Section        2  libshutdown.o(.ARM.Collect$$libshutdown$$00000000)
    .ARM.Collect$$libshutdown$$00000002      0x08000166   Section        0  libshutdown2.o(.ARM.Collect$$libshutdown$$00000002)
    .ARM.Collect$$libshutdown$$00000004      0x08000166   Section        0  libshutdown2.o(.ARM.Collect$$libshutdown$$00000004)
    .ARM.Collect$$libshutdown$$00000007      0x08000166   Section        0  libshutdown2.o(.ARM.Collect$$libshutdown$$00000007)
    .ARM.Collect$$libshutdown$$0000000A      0x08000166   Section        0  libshutdown2.o(.ARM.Collect$$libshutdown$$0000000A)
    .ARM.Collect$$libshutdown$$0000000C      0x08000166   Section        0  libshutdown2.o(.ARM.Collect$$libshutdown$$0000000C)
    .ARM.Collect$$libshutdown$$0000000F      0x08000166   Section        0  libshutdown2.o(.ARM.Collect$$libshutdown$$0000000F)
    .ARM.Collect$$libshutdown$$00000010      0x08000166   Section        2  libshutdown2.o(.ARM.Collect$$libshutdown$$00000010)
    .ARM.Collect$$rtentry$$00000000          0x08000168   Section        0  __rtentry.o(.ARM.Collect$$rtentry$$00000000)
    .ARM.Collect$$rtentry$$00000002          0x08000168   Section        0  __rtentry2.o(.ARM.Collect$$rtentry$$00000002)
    .ARM.Collect$$rtentry$$00000004          0x08000168   Section        6  __rtentry4.o(.ARM.Collect$$rtentry$$00000004)
    .ARM.Collect$$rtentry$$00000009          0x0800016e   Section        0  __rtentry2.o(.ARM.Collect$$rtentry$$00000009)
    .ARM.Collect$$rtentry$$0000000A          0x0800016e   Section        4  __rtentry2.o(.ARM.Collect$$rtentry$$0000000A)
    .ARM.Collect$$rtentry$$0000000C          0x08000172   Section        0  __rtentry2.o(.ARM.Collect$$rtentry$$0000000C)
    .ARM.Collect$$rtentry$$0000000D          0x08000172   Section        8  __rtentry2.o(.ARM.Collect$$rtentry$$0000000D)
    .ARM.Collect$$rtexit$$00000000           0x0800017a   Section        2  rtexit.o(.ARM.Collect$$rtexit$$00000000)
    .ARM.Collect$$rtexit$$00000002           0x0800017c   Section        0  rtexit2.o(.ARM.Collect$$rtexit$$00000002)
    .ARM.Collect$$rtexit$$00000003           0x0800017c   Section        4  rtexit2.o(.ARM.Collect$$rtexit$$00000003)
    .ARM.Collect$$rtexit$$00000004           0x08000180   Section        6  rtexit2.o(.ARM.Collect$$rtexit$$00000004)
    .text                                    0x08000188   Section       64  startup_stm32f10x_md.o(.text)
    .text                                    0x080001c8   Section        0  heapauxi.o(.text)
    .text                                    0x080001ce   Section       74  sys_stackheap_outer.o(.text)
    .text                                    0x08000218   Section        0  exit.o(.text)
    .text                                    0x0800022c   Section        8  libspace.o(.text)
    [Anonymous Symbol]                       0x08000234   Section        0  stm32f10x_it.o(.text.BusFault_Handler)
    [Anonymous Symbol]                       0x08000238   Section        0  stm32f10x_it.o(.text.DebugMon_Handler)
    [Anonymous Symbol]                       0x0800023c   Section        0  delay_systick.o(.text.Delay_Init)
    [Anonymous Symbol]                       0x08000268   Section        0  delay_systick.o(.text.Delay_ms)
    [Anonymous Symbol]                       0x08000284   Section        0  stm32f10x_gpio.o(.text.GPIO_Init)
    [Anonymous Symbol]                       0x08000338   Section        0  stm32f10x_gpio.o(.text.GPIO_PinRemapConfig)
    [Anonymous Symbol]                       0x080003a8   Section        0  stm32f10x_it.o(.text.HardFault_Handler)
    [Anonymous Symbol]                       0x080003ac   Section        0  lvq_stm32f1_gpio.o(.text.LVQ_GPIO_Config)
    [Anonymous Symbol]                       0x08000440   Section        0  lvq_stm32f1_gpio.o(.text.LVQ_GPIO_EnableClock)
    [Anonymous Symbol]                       0x08000498   Section        0  lvq_stm32f1_gpio.o(.text.LVQ_GPIO_Init)
    LVQ_NRF24_CE_H                           0x080004c5   Thumb Code    10  lvq_stm32f1_nrf24.o(.text.LVQ_NRF24_CE_H)
    [Anonymous Symbol]                       0x080004c4   Section        0  lvq_stm32f1_nrf24.o(.text.LVQ_NRF24_CE_H)
    LVQ_NRF24_CE_L                           0x080004d1   Thumb Code    10  lvq_stm32f1_nrf24.o(.text.LVQ_NRF24_CE_L)
    [Anonymous Symbol]                       0x080004d0   Section        0  lvq_stm32f1_nrf24.o(.text.LVQ_NRF24_CE_L)
    LVQ_NRF24_CSN_H                          0x080004dd   Thumb Code    14  lvq_stm32f1_nrf24.o(.text.LVQ_NRF24_CSN_H)
    [Anonymous Symbol]                       0x080004dc   Section        0  lvq_stm32f1_nrf24.o(.text.LVQ_NRF24_CSN_H)
    LVQ_NRF24_CSN_L                          0x080004ed   Thumb Code    14  lvq_stm32f1_nrf24.o(.text.LVQ_NRF24_CSN_L)
    [Anonymous Symbol]                       0x080004ec   Section        0  lvq_stm32f1_nrf24.o(.text.LVQ_NRF24_CSN_L)
    [Anonymous Symbol]                       0x080004fc   Section        0  lvq_stm32f1_nrf24.o(.text.LVQ_NRF24_ClearIRQFlags)
    [Anonymous Symbol]                       0x08000568   Section        0  lvq_stm32f1_nrf24.o(.text.LVQ_NRF24_DisableAA)
    [Anonymous Symbol]                       0x080005f8   Section        0  lvq_stm32f1_nrf24.o(.text.LVQ_NRF24_FlushRX)
    [Anonymous Symbol]                       0x08000644   Section        0  lvq_stm32f1_nrf24.o(.text.LVQ_NRF24_FlushTX)
    LVQ_NRF24_GetRxDplPayloadWidth           0x08000691   Thumb Code   166  lvq_stm32f1_nrf24.o(.text.LVQ_NRF24_GetRxDplPayloadWidth)
    [Anonymous Symbol]                       0x08000690   Section        0  lvq_stm32f1_nrf24.o(.text.LVQ_NRF24_GetRxDplPayloadWidth)
    [Anonymous Symbol]                       0x08000738   Section        0  lvq_stm32f1_nrf24.o(.text.LVQ_NRF24_GetStatus_RXFIFO)
    [Anonymous Symbol]                       0x08000780   Section        0  lvq_stm32f1_nrf24.o(.text.LVQ_NRF24_Init)
    [Anonymous Symbol]                       0x08000af8   Section        0  lvq_stm32f1_nrf24.o(.text.LVQ_NRF24_PowerUpRx)
    [Anonymous Symbol]                       0x08000bbc   Section        0  lvq_stm32f1_nrf24.o(.text.LVQ_NRF24_PowerUpTx)
    LVQ_NRF24_RW                             0x08000c65   Thumb Code     6  lvq_stm32f1_nrf24.o(.text.LVQ_NRF24_RW)
    [Anonymous Symbol]                       0x08000c64   Section        0  lvq_stm32f1_nrf24.o(.text.LVQ_NRF24_RW)
    LVQ_NRF24_ReadMBReg                      0x08000c6d   Thumb Code   204  lvq_stm32f1_nrf24.o(.text.LVQ_NRF24_ReadMBReg)
    [Anonymous Symbol]                       0x08000c6c   Section        0  lvq_stm32f1_nrf24.o(.text.LVQ_NRF24_ReadMBReg)
    [Anonymous Symbol]                       0x08000d38   Section        0  lvq_stm32f1_nrf24.o(.text.LVQ_NRF24_ReadPayload)
    LVQ_NRF24_ReadPayloadGeneric             0x08000d8d   Thumb Code   268  lvq_stm32f1_nrf24.o(.text.LVQ_NRF24_ReadPayloadGeneric)
    [Anonymous Symbol]                       0x08000d8c   Section        0  lvq_stm32f1_nrf24.o(.text.LVQ_NRF24_ReadPayloadGeneric)
    LVQ_NRF24_ReadReg                        0x08000e99   Thumb Code   170  lvq_stm32f1_nrf24.o(.text.LVQ_NRF24_ReadReg)
    [Anonymous Symbol]                       0x08000e98   Section        0  lvq_stm32f1_nrf24.o(.text.LVQ_NRF24_ReadReg)
    [Anonymous Symbol]                       0x08000f44   Section        0  lvq_stm32f1_nrf24.o(.text.LVQ_NRF24_SetAddress)
    [Anonymous Symbol]                       0x08001080   Section        0  lvq_stm32f1_nrf24.o(.text.LVQ_NRF24_SetAddressWidth)
    [Anonymous Symbol]                       0x080010d4   Section        0  lvq_stm32f1_nrf24.o(.text.LVQ_NRF24_SetCRCScheme)
    [Anonymous Symbol]                       0x08001148   Section        0  lvq_stm32f1_nrf24.o(.text.LVQ_NRF24_SetDataRate)
    [Anonymous Symbol]                       0x080011b8   Section        0  lvq_stm32f1_nrf24.o(.text.LVQ_NRF24_SetOperationalMode)
    [Anonymous Symbol]                       0x0800122c   Section        0  lvq_stm32f1_nrf24.o(.text.LVQ_NRF24_SetPowerMode)
    [Anonymous Symbol]                       0x080012a4   Section        0  lvq_stm32f1_nrf24.o(.text.LVQ_NRF24_SetRFChannel)
    [Anonymous Symbol]                       0x080012f0   Section        0  lvq_stm32f1_nrf24.o(.text.LVQ_NRF24_SetRXPipe)
    [Anonymous Symbol]                       0x0800140c   Section        0  lvq_stm32f1_nrf24.o(.text.LVQ_NRF24_SetTXPower)
    [Anonymous Symbol]                       0x0800147c   Section        0  lvq_stm32f1_nrf24.o(.text.LVQ_NRF24_StartRXMode)
    [Anonymous Symbol]                       0x08001710   Section        0  lvq_stm32f1_nrf24.o(.text.LVQ_NRF24_TXSearchChannel)
    LVQ_NRF24_WriteReg                       0x08001a0d   Thumb Code   274  lvq_stm32f1_nrf24.o(.text.LVQ_NRF24_WriteReg)
    [Anonymous Symbol]                       0x08001a0c   Section        0  lvq_stm32f1_nrf24.o(.text.LVQ_NRF24_WriteReg)
    [Anonymous Symbol]                       0x08001b20   Section        0  lvq_stm32f1_spi.o(.text.LVQ_SPI1_INT_InitPins)
    [Anonymous Symbol]                       0x08001b68   Section        0  lvq_stm32f1_spi.o(.text.LVQ_SPI2_INT_InitPins)
    [Anonymous Symbol]                       0x08001bbc   Section        0  lvq_stm32f1_spi.o(.text.LVQ_SPI_Init)
    LVQ_SPI_Send                             0x08001c0d   Thumb Code    46  lvq_stm32f1_nrf24.o(.text.LVQ_SPI_Send)
    [Anonymous Symbol]                       0x08001c0c   Section        0  lvq_stm32f1_nrf24.o(.text.LVQ_SPI_Send)
    LVQ_SPIx_Init                            0x08001c3d   Thumb Code   180  lvq_stm32f1_spi.o(.text.LVQ_SPIx_Init)
    [Anonymous Symbol]                       0x08001c3c   Section        0  lvq_stm32f1_spi.o(.text.LVQ_SPIx_Init)
    [Anonymous Symbol]                       0x08001cf0   Section        0  stm32f10x_it.o(.text.MemManage_Handler)
    [Anonymous Symbol]                       0x08001cf4   Section        0  stm32f10x_it.o(.text.NMI_Handler)
    NVIC_SetPriority                         0x08001cf9   Thumb Code    14  delay_systick.o(.text.NVIC_SetPriority)
    [Anonymous Symbol]                       0x08001cf8   Section        0  delay_systick.o(.text.NVIC_SetPriority)
    [Anonymous Symbol]                       0x08001d08   Section        0  pwm.o(.text.PWM_INT_InitTIM1Pins)
    [Anonymous Symbol]                       0x08001dec   Section        0  pwm.o(.text.PWM_INT_InitTIM2Pins)
    [Anonymous Symbol]                       0x08001ed4   Section        0  pwm.o(.text.PWM_INT_InitTIM3Pins)
    [Anonymous Symbol]                       0x08001ff8   Section        0  pwm.o(.text.PWM_INT_InitTIM4Pins)
    [Anonymous Symbol]                       0x080020d8   Section        0  pwm.o(.text.PWM_Init)
    [Anonymous Symbol]                       0x08002140   Section        0  pwm.o(.text.PWM_InitChannel)
    [Anonymous Symbol]                       0x080021d4   Section        0  pwm.o(.text.PWM_Set)
    [Anonymous Symbol]                       0x080021fc   Section        0  stm32f10x_it.o(.text.PendSV_Handler)
    [Anonymous Symbol]                       0x08002200   Section        0  stm32f10x_rcc.o(.text.RCC_APB1PeriphClockCmd)
    [Anonymous Symbol]                       0x08002218   Section        0  stm32f10x_rcc.o(.text.RCC_APB2PeriphClockCmd)
    [Anonymous Symbol]                       0x08002230   Section        0  stm32f10x_spi.o(.text.SPI_Init)
    [Anonymous Symbol]                       0x08002268   Section        0  stm32f10x_spi.o(.text.SPI_StructInit)
    [Anonymous Symbol]                       0x08002278   Section        0  stm32f10x_it.o(.text.SVC_Handler)
    SetSysClock                              0x0800227d   Thumb Code     4  system_stm32f10x.o(.text.SetSysClock)
    [Anonymous Symbol]                       0x0800227c   Section        0  system_stm32f10x.o(.text.SetSysClock)
    SetSysClockTo72                          0x08002281   Thumb Code   190  system_stm32f10x.o(.text.SetSysClockTo72)
    [Anonymous Symbol]                       0x08002280   Section        0  system_stm32f10x.o(.text.SetSysClockTo72)
    SysTick_Config                           0x08002341   Thumb Code    46  delay_systick.o(.text.SysTick_Config)
    [Anonymous Symbol]                       0x08002340   Section        0  delay_systick.o(.text.SysTick_Config)
    [Anonymous Symbol]                       0x08002370   Section        0  delay_systick.o(.text.SysTick_Handler)
    [Anonymous Symbol]                       0x08002390   Section        0  system_stm32f10x.o(.text.SystemInit)
    [Anonymous Symbol]                       0x080023e8   Section        0  main.o(.text.SystemInitDefine)
    [Anonymous Symbol]                       0x08002468   Section        0  stm32f10x_tim.o(.text.TIM_ARRPreloadConfig)
    [Anonymous Symbol]                       0x0800247c   Section        0  stm32f10x_tim.o(.text.TIM_Cmd)
    [Anonymous Symbol]                       0x08002490   Section        0  stm32f10x_tim.o(.text.TIM_CtrlPWMOutputs)
    [Anonymous Symbol]                       0x080024a8   Section        0  pwm.o(.text.TIM_OC)
    [Anonymous Symbol]                       0x08002518   Section        0  stm32f10x_tim.o(.text.TIM_OC1Init)
    [Anonymous Symbol]                       0x0800258c   Section        0  stm32f10x_tim.o(.text.TIM_OC1PreloadConfig)
    [Anonymous Symbol]                       0x08002598   Section        0  stm32f10x_tim.o(.text.TIM_OC2Init)
    [Anonymous Symbol]                       0x08002614   Section        0  stm32f10x_tim.o(.text.TIM_OC2PreloadConfig)
    [Anonymous Symbol]                       0x08002624   Section        0  stm32f10x_tim.o(.text.TIM_OC3Init)
    [Anonymous Symbol]                       0x080026a0   Section        0  stm32f10x_tim.o(.text.TIM_OC3PreloadConfig)
    [Anonymous Symbol]                       0x080026ac   Section        0  stm32f10x_tim.o(.text.TIM_OC4Init)
    [Anonymous Symbol]                       0x0800270c   Section        0  stm32f10x_tim.o(.text.TIM_OC4PreloadConfig)
    [Anonymous Symbol]                       0x0800271c   Section        0  stm32f10x_tim.o(.text.TIM_SetCompare1)
    [Anonymous Symbol]                       0x08002720   Section        0  stm32f10x_tim.o(.text.TIM_SetCompare2)
    [Anonymous Symbol]                       0x08002724   Section        0  stm32f10x_tim.o(.text.TIM_SetCompare3)
    [Anonymous Symbol]                       0x08002728   Section        0  stm32f10x_tim.o(.text.TIM_SetCompare4)
    [Anonymous Symbol]                       0x08002730   Section        0  stm32f10x_tim.o(.text.TIM_TimeBaseInit)
    [Anonymous Symbol]                       0x080027dc   Section        0  stm32f10x_it.o(.text.UsageFault_Handler)
    [Anonymous Symbol]                       0x080027e0   Section        0  usart.o(.text._sys_exit)
    [Anonymous Symbol]                       0x080027e4   Section        0  main.o(.text.main)
    LVQ_NRF24_ADDR_REGS                      0x08002a12   Data           7  lvq_stm32f1_nrf24.o(.rodata.LVQ_NRF24_ADDR_REGS)
    [Anonymous Symbol]                       0x08002a12   Section        0  lvq_stm32f1_nrf24.o(.rodata.LVQ_NRF24_ADDR_REGS)
    LVQ_NRF24_RX_PW_PIPE                     0x08002a19   Data           6  lvq_stm32f1_nrf24.o(.rodata.LVQ_NRF24_RX_PW_PIPE)
    [Anonymous Symbol]                       0x08002a19   Section        0  lvq_stm32f1_nrf24.o(.rodata.LVQ_NRF24_RX_PW_PIPE)
    nrf24                                    0x20000004   Data          40  main.o(.data.nrf24)
    [Anonymous Symbol]                       0x20000004   Section        0  main.o(.data.nrf24)
    .bss                                     0x20000030   Section       96  libspace.o(.bss)
    Counter_us                               0x20000090   Data           4  delay_systick.o(.bss.Counter_us)
    [Anonymous Symbol]                       0x20000090   Section        0  delay_systick.o(.bss.Counter_us)
    delay_us                                 0x20000094   Data           4  delay_systick.o(.bss.delay_us)
    [Anonymous Symbol]                       0x20000094   Section        0  delay_systick.o(.bss.delay_us)
    Heap_Mem                                 0x20000098   Data         512  startup_stm32f10x_md.o(HEAP)
    HEAP                                     0x20000098   Section      512  startup_stm32f10x_md.o(HEAP)
    Stack_Mem                                0x20000298   Data        1024  startup_stm32f10x_md.o(STACK)
    STACK                                    0x20000298   Section     1024  startup_stm32f10x_md.o(STACK)
    __initial_sp                             0x20000698   Data           0  startup_stm32f10x_md.o(STACK)

    Global Symbols

    Symbol Name                              Value     Ov Type        Size  Object(Section)

    BuildAttributes$$THM_ISAv4$P$D$K$B$S$PE$A:L22UL41UL21$X:L11$S22US41US21$IEEE1$IW$~IW$USESV6$~STKCKD$USESV7$~SHL$OTIME$ROPI$EBA8$UX$STANDARDLIB$REQ8$PRES8$EABIv2 0x00000000   Number         0  anon$$obj.o ABSOLUTE
    __ARM_exceptions_init                     - Undefined Weak Reference
    __alloca_initialize                       - Undefined Weak Reference
    __arm_preinit_                            - Undefined Weak Reference
    __cpp_initialize__aeabi_                  - Undefined Weak Reference
    __cxa_finalize                            - Undefined Weak Reference
    __rt_locale                               - Undefined Weak Reference
    __sigvec_lookup                           - Undefined Weak Reference
    _atexit_init                              - Undefined Weak Reference
    _call_atexit_fns                          - Undefined Weak Reference
    _clock_init                               - Undefined Weak Reference
    _fp_trap_init                             - Undefined Weak Reference
    _fp_trap_shutdown                         - Undefined Weak Reference
    _get_lc_collate                           - Undefined Weak Reference
    _get_lc_ctype                             - Undefined Weak Reference
    _get_lc_monetary                          - Undefined Weak Reference
    _get_lc_numeric                           - Undefined Weak Reference
    _get_lc_time                              - Undefined Weak Reference
    _getenv_init                              - Undefined Weak Reference
    _handle_redirection                       - Undefined Weak Reference
    _init_alloc                               - Undefined Weak Reference
    _init_user_alloc                          - Undefined Weak Reference
    _initio                                   - Undefined Weak Reference
    _rand_init                                - Undefined Weak Reference
    _signal_finish                            - Undefined Weak Reference
    _signal_init                              - Undefined Weak Reference
    _terminate_alloc                          - Undefined Weak Reference
    _terminate_user_alloc                     - Undefined Weak Reference
    _terminateio                              - Undefined Weak Reference
    __Vectors_Size                           0x000000ec   Number         0  startup_stm32f10x_md.o ABSOLUTE
    __Vectors                                0x08000000   Data           4  startup_stm32f10x_md.o(RESET)
    __Vectors_End                            0x080000ec   Data           0  startup_stm32f10x_md.o(RESET)
    __main                                   0x080000ed   Thumb Code     8  __main.o(!!!main)
    __scatterload                            0x080000f5   Thumb Code     0  __scatter.o(!!!scatter)
    __scatterload_rt2                        0x080000f5   Thumb Code    44  __scatter.o(!!!scatter)
    __scatterload_rt2_thumb_only             0x080000f5   Thumb Code     0  __scatter.o(!!!scatter)
    __scatterload_null                       0x08000103   Thumb Code     0  __scatter.o(!!!scatter)
    __scatterload_copy                       0x08000129   Thumb Code    26  __scatter_copy.o(!!handler_copy)
    __scatterload_zeroinit                   0x08000145   Thumb Code    28  __scatter_zi.o(!!handler_zi)
    __rt_lib_init                            0x08000161   Thumb Code     0  libinit.o(.ARM.Collect$$libinit$$00000000)
    __rt_lib_init_alloca_1                   0x08000163   Thumb Code     0  libinit2.o(.ARM.Collect$$libinit$$0000002E)
    __rt_lib_init_argv_1                     0x08000163   Thumb Code     0  libinit2.o(.ARM.Collect$$libinit$$0000002C)
    __rt_lib_init_atexit_1                   0x08000163   Thumb Code     0  libinit2.o(.ARM.Collect$$libinit$$0000001B)
    __rt_lib_init_clock_1                    0x08000163   Thumb Code     0  libinit2.o(.ARM.Collect$$libinit$$00000021)
    __rt_lib_init_cpp_1                      0x08000163   Thumb Code     0  libinit2.o(.ARM.Collect$$libinit$$00000032)
    __rt_lib_init_exceptions_1               0x08000163   Thumb Code     0  libinit2.o(.ARM.Collect$$libinit$$00000030)
    __rt_lib_init_fp_1                       0x08000163   Thumb Code     0  libinit2.o(.ARM.Collect$$libinit$$00000002)
    __rt_lib_init_fp_trap_1                  0x08000163   Thumb Code     0  libinit2.o(.ARM.Collect$$libinit$$0000001F)
    __rt_lib_init_getenv_1                   0x08000163   Thumb Code     0  libinit2.o(.ARM.Collect$$libinit$$00000023)
    __rt_lib_init_heap_1                     0x08000163   Thumb Code     0  libinit2.o(.ARM.Collect$$libinit$$0000000A)
    __rt_lib_init_lc_collate_1               0x08000163   Thumb Code     0  libinit2.o(.ARM.Collect$$libinit$$00000011)
    __rt_lib_init_lc_ctype_1                 0x08000163   Thumb Code     0  libinit2.o(.ARM.Collect$$libinit$$00000013)
    __rt_lib_init_lc_monetary_1              0x08000163   Thumb Code     0  libinit2.o(.ARM.Collect$$libinit$$00000015)
    __rt_lib_init_lc_numeric_1               0x08000163   Thumb Code     0  libinit2.o(.ARM.Collect$$libinit$$00000017)
    __rt_lib_init_lc_time_1                  0x08000163   Thumb Code     0  libinit2.o(.ARM.Collect$$libinit$$00000019)
    __rt_lib_init_preinit_1                  0x08000163   Thumb Code     0  libinit2.o(.ARM.Collect$$libinit$$00000004)
    __rt_lib_init_rand_1                     0x08000163   Thumb Code     0  libinit2.o(.ARM.Collect$$libinit$$0000000E)
    __rt_lib_init_return                     0x08000163   Thumb Code     0  libinit2.o(.ARM.Collect$$libinit$$00000033)
    __rt_lib_init_signal_1                   0x08000163   Thumb Code     0  libinit2.o(.ARM.Collect$$libinit$$0000001D)
    __rt_lib_init_stdio_1                    0x08000163   Thumb Code     0  libinit2.o(.ARM.Collect$$libinit$$00000025)
    __rt_lib_init_user_alloc_1               0x08000163   Thumb Code     0  libinit2.o(.ARM.Collect$$libinit$$0000000C)
    __rt_lib_shutdown                        0x08000165   Thumb Code     0  libshutdown.o(.ARM.Collect$$libshutdown$$00000000)
    __rt_lib_shutdown_cpp_1                  0x08000167   Thumb Code     0  libshutdown2.o(.ARM.Collect$$libshutdown$$00000002)
    __rt_lib_shutdown_fp_trap_1              0x08000167   Thumb Code     0  libshutdown2.o(.ARM.Collect$$libshutdown$$00000007)
    __rt_lib_shutdown_heap_1                 0x08000167   Thumb Code     0  libshutdown2.o(.ARM.Collect$$libshutdown$$0000000F)
    __rt_lib_shutdown_return                 0x08000167   Thumb Code     0  libshutdown2.o(.ARM.Collect$$libshutdown$$00000010)
    __rt_lib_shutdown_signal_1               0x08000167   Thumb Code     0  libshutdown2.o(.ARM.Collect$$libshutdown$$0000000A)
    __rt_lib_shutdown_stdio_1                0x08000167   Thumb Code     0  libshutdown2.o(.ARM.Collect$$libshutdown$$00000004)
    __rt_lib_shutdown_user_alloc_1           0x08000167   Thumb Code     0  libshutdown2.o(.ARM.Collect$$libshutdown$$0000000C)
    __rt_entry                               0x08000169   Thumb Code     0  __rtentry.o(.ARM.Collect$$rtentry$$00000000)
    __rt_entry_presh_1                       0x08000169   Thumb Code     0  __rtentry2.o(.ARM.Collect$$rtentry$$00000002)
    __rt_entry_sh                            0x08000169   Thumb Code     0  __rtentry4.o(.ARM.Collect$$rtentry$$00000004)
    __rt_entry_li                            0x0800016f   Thumb Code     0  __rtentry2.o(.ARM.Collect$$rtentry$$0000000A)
    __rt_entry_postsh_1                      0x0800016f   Thumb Code     0  __rtentry2.o(.ARM.Collect$$rtentry$$00000009)
    __rt_entry_main                          0x08000173   Thumb Code     0  __rtentry2.o(.ARM.Collect$$rtentry$$0000000D)
    __rt_entry_postli_1                      0x08000173   Thumb Code     0  __rtentry2.o(.ARM.Collect$$rtentry$$0000000C)
    __rt_exit                                0x0800017b   Thumb Code     0  rtexit.o(.ARM.Collect$$rtexit$$00000000)
    __rt_exit_ls                             0x0800017d   Thumb Code     0  rtexit2.o(.ARM.Collect$$rtexit$$00000003)
    __rt_exit_prels_1                        0x0800017d   Thumb Code     0  rtexit2.o(.ARM.Collect$$rtexit$$00000002)
    __rt_exit_exit                           0x08000181   Thumb Code     0  rtexit2.o(.ARM.Collect$$rtexit$$00000004)
    Reset_Handler                            0x08000189   Thumb Code     8  startup_stm32f10x_md.o(.text)
    ADC1_2_IRQHandler                        0x080001a3   Thumb Code     0  startup_stm32f10x_md.o(.text)
    CAN1_RX1_IRQHandler                      0x080001a3   Thumb Code     0  startup_stm32f10x_md.o(.text)
    CAN1_SCE_IRQHandler                      0x080001a3   Thumb Code     0  startup_stm32f10x_md.o(.text)
    DMA1_Channel1_IRQHandler                 0x080001a3   Thumb Code     0  startup_stm32f10x_md.o(.text)
    DMA1_Channel2_IRQHandler                 0x080001a3   Thumb Code     0  startup_stm32f10x_md.o(.text)
    DMA1_Channel3_IRQHandler                 0x080001a3   Thumb Code     0  startup_stm32f10x_md.o(.text)
    DMA1_Channel4_IRQHandler                 0x080001a3   Thumb Code     0  startup_stm32f10x_md.o(.text)
    DMA1_Channel5_IRQHandler                 0x080001a3   Thumb Code     0  startup_stm32f10x_md.o(.text)
    DMA1_Channel6_IRQHandler                 0x080001a3   Thumb Code     0  startup_stm32f10x_md.o(.text)
    DMA1_Channel7_IRQHandler                 0x080001a3   Thumb Code     0  startup_stm32f10x_md.o(.text)
    EXTI0_IRQHandler                         0x080001a3   Thumb Code     0  startup_stm32f10x_md.o(.text)
    EXTI15_10_IRQHandler                     0x080001a3   Thumb Code     0  startup_stm32f10x_md.o(.text)
    EXTI1_IRQHandler                         0x080001a3   Thumb Code     0  startup_stm32f10x_md.o(.text)
    EXTI2_IRQHandler                         0x080001a3   Thumb Code     0  startup_stm32f10x_md.o(.text)
    EXTI3_IRQHandler                         0x080001a3   Thumb Code     0  startup_stm32f10x_md.o(.text)
    EXTI4_IRQHandler                         0x080001a3   Thumb Code     0  startup_stm32f10x_md.o(.text)
    EXTI9_5_IRQHandler                       0x080001a3   Thumb Code     0  startup_stm32f10x_md.o(.text)
    FLASH_IRQHandler                         0x080001a3   Thumb Code     0  startup_stm32f10x_md.o(.text)
    I2C1_ER_IRQHandler                       0x080001a3   Thumb Code     0  startup_stm32f10x_md.o(.text)
    I2C1_EV_IRQHandler                       0x080001a3   Thumb Code     0  startup_stm32f10x_md.o(.text)
    I2C2_ER_IRQHandler                       0x080001a3   Thumb Code     0  startup_stm32f10x_md.o(.text)
    I2C2_EV_IRQHandler                       0x080001a3   Thumb Code     0  startup_stm32f10x_md.o(.text)
    PVD_IRQHandler                           0x080001a3   Thumb Code     0  startup_stm32f10x_md.o(.text)
    RCC_IRQHandler                           0x080001a3   Thumb Code     0  startup_stm32f10x_md.o(.text)
    RTCAlarm_IRQHandler                      0x080001a3   Thumb Code     0  startup_stm32f10x_md.o(.text)
    RTC_IRQHandler                           0x080001a3   Thumb Code     0  startup_stm32f10x_md.o(.text)
    SPI1_IRQHandler                          0x080001a3   Thumb Code     0  startup_stm32f10x_md.o(.text)
    SPI2_IRQHandler                          0x080001a3   Thumb Code     0  startup_stm32f10x_md.o(.text)
    TAMPER_IRQHandler                        0x080001a3   Thumb Code     0  startup_stm32f10x_md.o(.text)
    TIM1_BRK_IRQHandler                      0x080001a3   Thumb Code     0  startup_stm32f10x_md.o(.text)
    TIM1_CC_IRQHandler                       0x080001a3   Thumb Code     0  startup_stm32f10x_md.o(.text)
    TIM1_TRG_COM_IRQHandler                  0x080001a3   Thumb Code     0  startup_stm32f10x_md.o(.text)
    TIM1_UP_IRQHandler                       0x080001a3   Thumb Code     0  startup_stm32f10x_md.o(.text)
    TIM2_IRQHandler                          0x080001a3   Thumb Code     0  startup_stm32f10x_md.o(.text)
    TIM3_IRQHandler                          0x080001a3   Thumb Code     0  startup_stm32f10x_md.o(.text)
    TIM4_IRQHandler                          0x080001a3   Thumb Code     0  startup_stm32f10x_md.o(.text)
    USART1_IRQHandler                        0x080001a3   Thumb Code     0  startup_stm32f10x_md.o(.text)
    USART2_IRQHandler                        0x080001a3   Thumb Code     0  startup_stm32f10x_md.o(.text)
    USART3_IRQHandler                        0x080001a3   Thumb Code     0  startup_stm32f10x_md.o(.text)
    USBWakeUp_IRQHandler                     0x080001a3   Thumb Code     0  startup_stm32f10x_md.o(.text)
    USB_HP_CAN1_TX_IRQHandler                0x080001a3   Thumb Code     0  startup_stm32f10x_md.o(.text)
    USB_LP_CAN1_RX0_IRQHandler               0x080001a3   Thumb Code     0  startup_stm32f10x_md.o(.text)
    WWDG_IRQHandler                          0x080001a3   Thumb Code     0  startup_stm32f10x_md.o(.text)
    __user_initial_stackheap                 0x080001a5   Thumb Code     0  startup_stm32f10x_md.o(.text)
    __use_two_region_memory                  0x080001c9   Thumb Code     2  heapauxi.o(.text)
    __rt_heap_escrow$2region                 0x080001cb   Thumb Code     2  heapauxi.o(.text)
    __rt_heap_expand$2region                 0x080001cd   Thumb Code     2  heapauxi.o(.text)
    __user_setup_stackheap                   0x080001cf   Thumb Code    74  sys_stackheap_outer.o(.text)
    exit                                     0x08000219   Thumb Code    18  exit.o(.text)
    __user_libspace                          0x0800022d   Thumb Code     8  libspace.o(.text)
    __user_perproc_libspace                  0x0800022d   Thumb Code     0  libspace.o(.text)
    __user_perthread_libspace                0x0800022d   Thumb Code     0  libspace.o(.text)
    BusFault_Handler                         0x08000235   Thumb Code     2  stm32f10x_it.o(.text.BusFault_Handler)
    DebugMon_Handler                         0x08000239   Thumb Code     2  stm32f10x_it.o(.text.DebugMon_Handler)
    Delay_Init                               0x0800023d   Thumb Code    42  delay_systick.o(.text.Delay_Init)
    Delay_ms                                 0x08000269   Thumb Code    28  delay_systick.o(.text.Delay_ms)
    GPIO_Init                                0x08000285   Thumb Code   178  stm32f10x_gpio.o(.text.GPIO_Init)
    GPIO_PinRemapConfig                      0x08000339   Thumb Code   112  stm32f10x_gpio.o(.text.GPIO_PinRemapConfig)
    HardFault_Handler                        0x080003a9   Thumb Code     2  stm32f10x_it.o(.text.HardFault_Handler)
    LVQ_GPIO_Config                          0x080003ad   Thumb Code   146  lvq_stm32f1_gpio.o(.text.LVQ_GPIO_Config)
    LVQ_GPIO_EnableClock                     0x08000441   Thumb Code    88  lvq_stm32f1_gpio.o(.text.LVQ_GPIO_EnableClock)
    LVQ_GPIO_Init                            0x08000499   Thumb Code    42  lvq_stm32f1_gpio.o(.text.LVQ_GPIO_Init)
    LVQ_NRF24_ClearIRQFlags                  0x080004fd   Thumb Code   108  lvq_stm32f1_nrf24.o(.text.LVQ_NRF24_ClearIRQFlags)
    LVQ_NRF24_DisableAA                      0x08000569   Thumb Code   142  lvq_stm32f1_nrf24.o(.text.LVQ_NRF24_DisableAA)
    LVQ_NRF24_FlushRX                        0x080005f9   Thumb Code    76  lvq_stm32f1_nrf24.o(.text.LVQ_NRF24_FlushRX)
    LVQ_NRF24_FlushTX                        0x08000645   Thumb Code    76  lvq_stm32f1_nrf24.o(.text.LVQ_NRF24_FlushTX)
    LVQ_NRF24_GetStatus_RXFIFO               0x08000739   Thumb Code    72  lvq_stm32f1_nrf24.o(.text.LVQ_NRF24_GetStatus_RXFIFO)
    LVQ_NRF24_Init                           0x08000781   Thumb Code   886  lvq_stm32f1_nrf24.o(.text.LVQ_NRF24_Init)
    LVQ_NRF24_PowerUpRx                      0x08000af9   Thumb Code   194  lvq_stm32f1_nrf24.o(.text.LVQ_NRF24_PowerUpRx)
    LVQ_NRF24_PowerUpTx                      0x08000bbd   Thumb Code   166  lvq_stm32f1_nrf24.o(.text.LVQ_NRF24_PowerUpTx)
    LVQ_NRF24_ReadPayload                    0x08000d39   Thumb Code    84  lvq_stm32f1_nrf24.o(.text.LVQ_NRF24_ReadPayload)
    LVQ_NRF24_SetAddress                     0x08000f45   Thumb Code   316  lvq_stm32f1_nrf24.o(.text.LVQ_NRF24_SetAddress)
    LVQ_NRF24_SetAddressWidth                0x08001081   Thumb Code    84  lvq_stm32f1_nrf24.o(.text.LVQ_NRF24_SetAddressWidth)
    LVQ_NRF24_SetCRCScheme                   0x080010d5   Thumb Code   116  lvq_stm32f1_nrf24.o(.text.LVQ_NRF24_SetCRCScheme)
    LVQ_NRF24_SetDataRate                    0x08001149   Thumb Code   112  lvq_stm32f1_nrf24.o(.text.LVQ_NRF24_SetDataRate)
    LVQ_NRF24_SetOperationalMode             0x080011b9   Thumb Code   116  lvq_stm32f1_nrf24.o(.text.LVQ_NRF24_SetOperationalMode)
    LVQ_NRF24_SetPowerMode                   0x0800122d   Thumb Code   118  lvq_stm32f1_nrf24.o(.text.LVQ_NRF24_SetPowerMode)
    LVQ_NRF24_SetRFChannel                   0x080012a5   Thumb Code    76  lvq_stm32f1_nrf24.o(.text.LVQ_NRF24_SetRFChannel)
    LVQ_NRF24_SetRXPipe                      0x080012f1   Thumb Code   282  lvq_stm32f1_nrf24.o(.text.LVQ_NRF24_SetRXPipe)
    LVQ_NRF24_SetTXPower                     0x0800140d   Thumb Code   112  lvq_stm32f1_nrf24.o(.text.LVQ_NRF24_SetTXPower)
    LVQ_NRF24_StartRXMode                    0x0800147d   Thumb Code   660  lvq_stm32f1_nrf24.o(.text.LVQ_NRF24_StartRXMode)
    LVQ_NRF24_TXSearchChannel                0x08001711   Thumb Code   764  lvq_stm32f1_nrf24.o(.text.LVQ_NRF24_TXSearchChannel)
    LVQ_SPI1_INT_InitPins                    0x08001b21   Thumb Code    70  lvq_stm32f1_spi.o(.text.LVQ_SPI1_INT_InitPins)
    LVQ_SPI2_INT_InitPins                    0x08001b69   Thumb Code    84  lvq_stm32f1_spi.o(.text.LVQ_SPI2_INT_InitPins)
    LVQ_SPI_Init                             0x08001bbd   Thumb Code    78  lvq_stm32f1_spi.o(.text.LVQ_SPI_Init)
    MemManage_Handler                        0x08001cf1   Thumb Code     2  stm32f10x_it.o(.text.MemManage_Handler)
    NMI_Handler                              0x08001cf5   Thumb Code     2  stm32f10x_it.o(.text.NMI_Handler)
    PWM_INT_InitTIM1Pins                     0x08001d09   Thumb Code   226  pwm.o(.text.PWM_INT_InitTIM1Pins)
    PWM_INT_InitTIM2Pins                     0x08001ded   Thumb Code   232  pwm.o(.text.PWM_INT_InitTIM2Pins)
    PWM_INT_InitTIM3Pins                     0x08001ed5   Thumb Code   290  pwm.o(.text.PWM_INT_InitTIM3Pins)
    PWM_INT_InitTIM4Pins                     0x08001ff9   Thumb Code   222  pwm.o(.text.PWM_INT_InitTIM4Pins)
    PWM_Init                                 0x080020d9   Thumb Code   104  pwm.o(.text.PWM_Init)
    PWM_InitChannel                          0x08002141   Thumb Code   146  pwm.o(.text.PWM_InitChannel)
    PWM_Set                                  0x080021d5   Thumb Code    38  pwm.o(.text.PWM_Set)
    PendSV_Handler                           0x080021fd   Thumb Code     2  stm32f10x_it.o(.text.PendSV_Handler)
    RCC_APB1PeriphClockCmd                   0x08002201   Thumb Code    24  stm32f10x_rcc.o(.text.RCC_APB1PeriphClockCmd)
    RCC_APB2PeriphClockCmd                   0x08002219   Thumb Code    24  stm32f10x_rcc.o(.text.RCC_APB2PeriphClockCmd)
    SPI_Init                                 0x08002231   Thumb Code    54  stm32f10x_spi.o(.text.SPI_Init)
    SPI_StructInit                           0x08002269   Thumb Code    16  stm32f10x_spi.o(.text.SPI_StructInit)
    SVC_Handler                              0x08002279   Thumb Code     2  stm32f10x_it.o(.text.SVC_Handler)
    SysTick_Handler                          0x08002371   Thumb Code    30  delay_systick.o(.text.SysTick_Handler)
    SystemInit                               0x08002391   Thumb Code    86  system_stm32f10x.o(.text.SystemInit)
    SystemInitDefine                         0x080023e9   Thumb Code   128  main.o(.text.SystemInitDefine)
    TIM_ARRPreloadConfig                     0x08002469   Thumb Code    18  stm32f10x_tim.o(.text.TIM_ARRPreloadConfig)
    TIM_Cmd                                  0x0800247d   Thumb Code    18  stm32f10x_tim.o(.text.TIM_Cmd)
    TIM_CtrlPWMOutputs                       0x08002491   Thumb Code    24  stm32f10x_tim.o(.text.TIM_CtrlPWMOutputs)
    TIM_OC                                   0x080024a9   Thumb Code   112  pwm.o(.text.TIM_OC)
    TIM_OC1Init                              0x08002519   Thumb Code   114  stm32f10x_tim.o(.text.TIM_OC1Init)
    TIM_OC1PreloadConfig                     0x0800258d   Thumb Code    12  stm32f10x_tim.o(.text.TIM_OC1PreloadConfig)
    TIM_OC2Init                              0x08002599   Thumb Code   122  stm32f10x_tim.o(.text.TIM_OC2Init)
    TIM_OC2PreloadConfig                     0x08002615   Thumb Code    14  stm32f10x_tim.o(.text.TIM_OC2PreloadConfig)
    TIM_OC3Init                              0x08002625   Thumb Code   122  stm32f10x_tim.o(.text.TIM_OC3Init)
    TIM_OC3PreloadConfig                     0x080026a1   Thumb Code    12  stm32f10x_tim.o(.text.TIM_OC3PreloadConfig)
    TIM_OC4Init                              0x080026ad   Thumb Code    96  stm32f10x_tim.o(.text.TIM_OC4Init)
    TIM_OC4PreloadConfig                     0x0800270d   Thumb Code    14  stm32f10x_tim.o(.text.TIM_OC4PreloadConfig)
    TIM_SetCompare1                          0x0800271d   Thumb Code     4  stm32f10x_tim.o(.text.TIM_SetCompare1)
    TIM_SetCompare2                          0x08002721   Thumb Code     4  stm32f10x_tim.o(.text.TIM_SetCompare2)
    TIM_SetCompare3                          0x08002725   Thumb Code     4  stm32f10x_tim.o(.text.TIM_SetCompare3)
    TIM_SetCompare4                          0x08002729   Thumb Code     6  stm32f10x_tim.o(.text.TIM_SetCompare4)
    TIM_TimeBaseInit                         0x08002731   Thumb Code   170  stm32f10x_tim.o(.text.TIM_TimeBaseInit)
    UsageFault_Handler                       0x080027dd   Thumb Code     2  stm32f10x_it.o(.text.UsageFault_Handler)
    _sys_exit                                0x080027e1   Thumb Code     2  usart.o(.text._sys_exit)
    main                                     0x080027e5   Thumb Code   558  main.o(.text.main)
    Region$$Table$$Base                      0x08002a20   Number         0  anon$$obj.o(Region$$Table)
    Region$$Table$$Limit                     0x08002a40   Number         0  anon$$obj.o(Region$$Table)
    SystemCoreClock                          0x20000000   Data           4  system_stm32f10x.o(.data.SystemCoreClock)
    __libspace_start                         0x20000030   Data          96  libspace.o(.bss)
    __temporary_stack_top$libspace           0x20000090   Data           0  libspace.o(.bss)



==============================================================================

Memory Map of the image

  Image Entry point : 0x080000ed

  Load Region LR_IROM1 (Base: 0x08000000, Size: 0x00002a70, Max: 0x00010000, ABSOLUTE)

    Execution Region ER_IROM1 (Exec base: 0x08000000, Load base: 0x08000000, Size: 0x00002a40, Max: 0x00010000, ABSOLUTE)

    Exec Addr    Load Addr    Size         Type   Attr      Idx    E Section Name        Object

    0x08000000   0x08000000   0x000000ec   Data   RO         1157    RESET               startup_stm32f10x_md.o
    0x080000ec   0x080000ec   0x00000008   Code   RO         1527  * !!!main             c_w.l(__main.o)
    0x080000f4   0x080000f4   0x00000034   Code   RO         1682    !!!scatter          c_w.l(__scatter.o)
    0x08000128   0x08000128   0x0000001a   Code   RO         1684    !!handler_copy      c_w.l(__scatter_copy.o)
    0x08000142   0x08000142   0x00000002   PAD
    0x08000144   0x08000144   0x0000001c   Code   RO         1686    !!handler_zi        c_w.l(__scatter_zi.o)
    0x08000160   0x08000160   0x00000002   Code   RO         1554    .ARM.Collect$$libinit$$00000000  c_w.l(libinit.o)
    0x08000162   0x08000162   0x00000000   Code   RO         1561    .ARM.Collect$$libinit$$00000002  c_w.l(libinit2.o)
    0x08000162   0x08000162   0x00000000   Code   RO         1563    .ARM.Collect$$libinit$$00000004  c_w.l(libinit2.o)
    0x08000162   0x08000162   0x00000000   Code   RO         1566    .ARM.Collect$$libinit$$0000000A  c_w.l(libinit2.o)
    0x08000162   0x08000162   0x00000000   Code   RO         1568    .ARM.Collect$$libinit$$0000000C  c_w.l(libinit2.o)
    0x08000162   0x08000162   0x00000000   Code   RO         1570    .ARM.Collect$$libinit$$0000000E  c_w.l(libinit2.o)
    0x08000162   0x08000162   0x00000000   Code   RO         1573    .ARM.Collect$$libinit$$00000011  c_w.l(libinit2.o)
    0x08000162   0x08000162   0x00000000   Code   RO         1575    .ARM.Collect$$libinit$$00000013  c_w.l(libinit2.o)
    0x08000162   0x08000162   0x00000000   Code   RO         1577    .ARM.Collect$$libinit$$00000015  c_w.l(libinit2.o)
    0x08000162   0x08000162   0x00000000   Code   RO         1579    .ARM.Collect$$libinit$$00000017  c_w.l(libinit2.o)
    0x08000162   0x08000162   0x00000000   Code   RO         1581    .ARM.Collect$$libinit$$00000019  c_w.l(libinit2.o)
    0x08000162   0x08000162   0x00000000   Code   RO         1583    .ARM.Collect$$libinit$$0000001B  c_w.l(libinit2.o)
    0x08000162   0x08000162   0x00000000   Code   RO         1585    .ARM.Collect$$libinit$$0000001D  c_w.l(libinit2.o)
    0x08000162   0x08000162   0x00000000   Code   RO         1587    .ARM.Collect$$libinit$$0000001F  c_w.l(libinit2.o)
    0x08000162   0x08000162   0x00000000   Code   RO         1589    .ARM.Collect$$libinit$$00000021  c_w.l(libinit2.o)
    0x08000162   0x08000162   0x00000000   Code   RO         1591    .ARM.Collect$$libinit$$00000023  c_w.l(libinit2.o)
    0x08000162   0x08000162   0x00000000   Code   RO         1593    .ARM.Collect$$libinit$$00000025  c_w.l(libinit2.o)
    0x08000162   0x08000162   0x00000000   Code   RO         1597    .ARM.Collect$$libinit$$0000002C  c_w.l(libinit2.o)
    0x08000162   0x08000162   0x00000000   Code   RO         1599    .ARM.Collect$$libinit$$0000002E  c_w.l(libinit2.o)
    0x08000162   0x08000162   0x00000000   Code   RO         1601    .ARM.Collect$$libinit$$00000030  c_w.l(libinit2.o)
    0x08000162   0x08000162   0x00000000   Code   RO         1603    .ARM.Collect$$libinit$$00000032  c_w.l(libinit2.o)
    0x08000162   0x08000162   0x00000002   Code   RO         1604    .ARM.Collect$$libinit$$00000033  c_w.l(libinit2.o)
    0x08000164   0x08000164   0x00000002   Code   RO         1622    .ARM.Collect$$libshutdown$$00000000  c_w.l(libshutdown.o)
    0x08000166   0x08000166   0x00000000   Code   RO         1634    .ARM.Collect$$libshutdown$$00000002  c_w.l(libshutdown2.o)
    0x08000166   0x08000166   0x00000000   Code   RO         1636    .ARM.Collect$$libshutdown$$00000004  c_w.l(libshutdown2.o)
    0x08000166   0x08000166   0x00000000   Code   RO         1639    .ARM.Collect$$libshutdown$$00000007  c_w.l(libshutdown2.o)
    0x08000166   0x08000166   0x00000000   Code   RO         1642    .ARM.Collect$$libshutdown$$0000000A  c_w.l(libshutdown2.o)
    0x08000166   0x08000166   0x00000000   Code   RO         1644    .ARM.Collect$$libshutdown$$0000000C  c_w.l(libshutdown2.o)
    0x08000166   0x08000166   0x00000000   Code   RO         1647    .ARM.Collect$$libshutdown$$0000000F  c_w.l(libshutdown2.o)
    0x08000166   0x08000166   0x00000002   Code   RO         1648    .ARM.Collect$$libshutdown$$00000010  c_w.l(libshutdown2.o)
    0x08000168   0x08000168   0x00000000   Code   RO         1529    .ARM.Collect$$rtentry$$00000000  c_w.l(__rtentry.o)
    0x08000168   0x08000168   0x00000000   Code   RO         1531    .ARM.Collect$$rtentry$$00000002  c_w.l(__rtentry2.o)
    0x08000168   0x08000168   0x00000006   Code   RO         1543    .ARM.Collect$$rtentry$$00000004  c_w.l(__rtentry4.o)
    0x0800016e   0x0800016e   0x00000000   Code   RO         1533    .ARM.Collect$$rtentry$$00000009  c_w.l(__rtentry2.o)
    0x0800016e   0x0800016e   0x00000004   Code   RO         1534    .ARM.Collect$$rtentry$$0000000A  c_w.l(__rtentry2.o)
    0x08000172   0x08000172   0x00000000   Code   RO         1536    .ARM.Collect$$rtentry$$0000000C  c_w.l(__rtentry2.o)
    0x08000172   0x08000172   0x00000008   Code   RO         1537    .ARM.Collect$$rtentry$$0000000D  c_w.l(__rtentry2.o)
    0x0800017a   0x0800017a   0x00000002   Code   RO         1558    .ARM.Collect$$rtexit$$00000000  c_w.l(rtexit.o)
    0x0800017c   0x0800017c   0x00000000   Code   RO         1606    .ARM.Collect$$rtexit$$00000002  c_w.l(rtexit2.o)
    0x0800017c   0x0800017c   0x00000004   Code   RO         1607    .ARM.Collect$$rtexit$$00000003  c_w.l(rtexit2.o)
    0x08000180   0x08000180   0x00000006   Code   RO         1608    .ARM.Collect$$rtexit$$00000004  c_w.l(rtexit2.o)
    0x08000186   0x08000186   0x00000002   PAD
    0x08000188   0x08000188   0x00000040   Code   RO         1158    .text               startup_stm32f10x_md.o
    0x080001c8   0x080001c8   0x00000006   Code   RO         1525    .text               c_w.l(heapauxi.o)
    0x080001ce   0x080001ce   0x0000004a   Code   RO         1545    .text               c_w.l(sys_stackheap_outer.o)
    0x08000218   0x08000218   0x00000012   Code   RO         1547    .text               c_w.l(exit.o)
    0x0800022a   0x0800022a   0x00000002   PAD
    0x0800022c   0x0800022c   0x00000008   Code   RO         1555    .text               c_w.l(libspace.o)
    0x08000234   0x08000234   0x00000002   Code   RO         1119    .text.BusFault_Handler  stm32f10x_it.o
    0x08000236   0x08000236   0x00000002   PAD
    0x08000238   0x08000238   0x00000002   Code   RO         1125    .text.DebugMon_Handler  stm32f10x_it.o
    0x0800023a   0x0800023a   0x00000002   PAD
    0x0800023c   0x0800023c   0x0000002a   Code   RO         1167    .text.Delay_Init    delay_systick.o
    0x08000266   0x08000266   0x00000002   PAD
    0x08000268   0x08000268   0x0000001c   Code   RO         1173    .text.Delay_ms      delay_systick.o
    0x08000284   0x08000284   0x000000b2   Code   RO          407    .text.GPIO_Init     stm32f10x_gpio.o
    0x08000336   0x08000336   0x00000002   PAD
    0x08000338   0x08000338   0x00000070   Code   RO          433    .text.GPIO_PinRemapConfig  stm32f10x_gpio.o
    0x080003a8   0x080003a8   0x00000002   Code   RO         1115    .text.HardFault_Handler  stm32f10x_it.o
    0x080003aa   0x080003aa   0x00000002   PAD
    0x080003ac   0x080003ac   0x00000092   Code   RO         1311    .text.LVQ_GPIO_Config  lvq_stm32f1_gpio.o
    0x0800043e   0x0800043e   0x00000002   PAD
    0x08000440   0x08000440   0x00000058   Code   RO         1309    .text.LVQ_GPIO_EnableClock  lvq_stm32f1_gpio.o
    0x08000498   0x08000498   0x0000002a   Code   RO         1307    .text.LVQ_GPIO_Init  lvq_stm32f1_gpio.o
    0x080004c2   0x080004c2   0x00000002   PAD
    0x080004c4   0x080004c4   0x0000000a   Code   RO         1477    .text.LVQ_NRF24_CE_H  lvq_stm32f1_nrf24.o
    0x080004ce   0x080004ce   0x00000002   PAD
    0x080004d0   0x080004d0   0x0000000a   Code   RO         1399    .text.LVQ_NRF24_CE_L  lvq_stm32f1_nrf24.o
    0x080004da   0x080004da   0x00000002   PAD
    0x080004dc   0x080004dc   0x0000000e   Code   RO         1397    .text.LVQ_NRF24_CSN_H  lvq_stm32f1_nrf24.o
    0x080004ea   0x080004ea   0x00000002   PAD
    0x080004ec   0x080004ec   0x0000000e   Code   RO         1427    .text.LVQ_NRF24_CSN_L  lvq_stm32f1_nrf24.o
    0x080004fa   0x080004fa   0x00000002   PAD
    0x080004fc   0x080004fc   0x0000006c   Code   RO         1395    .text.LVQ_NRF24_ClearIRQFlags  lvq_stm32f1_nrf24.o
    0x08000568   0x08000568   0x0000008e   Code   RO         1441    .text.LVQ_NRF24_DisableAA  lvq_stm32f1_nrf24.o
    0x080005f6   0x080005f6   0x00000002   PAD
    0x080005f8   0x080005f8   0x0000004c   Code   RO         1391    .text.LVQ_NRF24_FlushRX  lvq_stm32f1_nrf24.o
    0x08000644   0x08000644   0x0000004c   Code   RO         1393    .text.LVQ_NRF24_FlushTX  lvq_stm32f1_nrf24.o
    0x08000690   0x08000690   0x000000a6   Code   RO         1505    .text.LVQ_NRF24_GetRxDplPayloadWidth  lvq_stm32f1_nrf24.o
    0x08000736   0x08000736   0x00000002   PAD
    0x08000738   0x08000738   0x00000048   Code   RO         1447    .text.LVQ_NRF24_GetStatus_RXFIFO  lvq_stm32f1_nrf24.o
    0x08000780   0x08000780   0x00000376   Code   RO         1387    .text.LVQ_NRF24_Init  lvq_stm32f1_nrf24.o
    0x08000af6   0x08000af6   0x00000002   PAD
    0x08000af8   0x08000af8   0x000000c2   Code   RO         1489    .text.LVQ_NRF24_PowerUpRx  lvq_stm32f1_nrf24.o
    0x08000bba   0x08000bba   0x00000002   PAD
    0x08000bbc   0x08000bbc   0x000000a6   Code   RO         1487    .text.LVQ_NRF24_PowerUpTx  lvq_stm32f1_nrf24.o
    0x08000c62   0x08000c62   0x00000002   PAD
    0x08000c64   0x08000c64   0x00000006   Code   RO         1429    .text.LVQ_NRF24_RW  lvq_stm32f1_nrf24.o
    0x08000c6a   0x08000c6a   0x00000002   PAD
    0x08000c6c   0x08000c6c   0x000000cc   Code   RO         1405    .text.LVQ_NRF24_ReadMBReg  lvq_stm32f1_nrf24.o
    0x08000d38   0x08000d38   0x00000054   Code   RO         1459    .text.LVQ_NRF24_ReadPayload  lvq_stm32f1_nrf24.o
    0x08000d8c   0x08000d8c   0x0000010c   Code   RO         1461    .text.LVQ_NRF24_ReadPayloadGeneric  lvq_stm32f1_nrf24.o
    0x08000e98   0x08000e98   0x000000aa   Code   RO         1409    .text.LVQ_NRF24_ReadReg  lvq_stm32f1_nrf24.o
    0x08000f42   0x08000f42   0x00000002   PAD
    0x08000f44   0x08000f44   0x0000013c   Code   RO         1425    .text.LVQ_NRF24_SetAddress  lvq_stm32f1_nrf24.o
    0x08001080   0x08001080   0x00000054   Code   RO         1423    .text.LVQ_NRF24_SetAddressWidth  lvq_stm32f1_nrf24.o
    0x080010d4   0x080010d4   0x00000074   Code   RO         1417    .text.LVQ_NRF24_SetCRCScheme  lvq_stm32f1_nrf24.o
    0x08001148   0x08001148   0x00000070   Code   RO         1433    .text.LVQ_NRF24_SetDataRate  lvq_stm32f1_nrf24.o
    0x080011b8   0x080011b8   0x00000074   Code   RO         1411    .text.LVQ_NRF24_SetOperationalMode  lvq_stm32f1_nrf24.o
    0x0800122c   0x0800122c   0x00000076   Code   RO         1407    .text.LVQ_NRF24_SetPowerMode  lvq_stm32f1_nrf24.o
    0x080012a2   0x080012a2   0x00000002   PAD
    0x080012a4   0x080012a4   0x0000004c   Code   RO         1419    .text.LVQ_NRF24_SetRFChannel  lvq_stm32f1_nrf24.o
    0x080012f0   0x080012f0   0x0000011a   Code   RO         1435    .text.LVQ_NRF24_SetRXPipe  lvq_stm32f1_nrf24.o
    0x0800140a   0x0800140a   0x00000002   PAD
    0x0800140c   0x0800140c   0x00000070   Code   RO         1431    .text.LVQ_NRF24_SetTXPower  lvq_stm32f1_nrf24.o
    0x0800147c   0x0800147c   0x00000294   Code   RO         1475    .text.LVQ_NRF24_StartRXMode  lvq_stm32f1_nrf24.o
    0x08001710   0x08001710   0x000002fc   Code   RO         1493    .text.LVQ_NRF24_TXSearchChannel  lvq_stm32f1_nrf24.o
    0x08001a0c   0x08001a0c   0x00000112   Code   RO         1389    .text.LVQ_NRF24_WriteReg  lvq_stm32f1_nrf24.o
    0x08001b1e   0x08001b1e   0x00000002   PAD
    0x08001b20   0x08001b20   0x00000046   Code   RO         1374    .text.LVQ_SPI1_INT_InitPins  lvq_stm32f1_spi.o
    0x08001b66   0x08001b66   0x00000002   PAD
    0x08001b68   0x08001b68   0x00000054   Code   RO         1376    .text.LVQ_SPI2_INT_InitPins  lvq_stm32f1_spi.o
    0x08001bbc   0x08001bbc   0x0000004e   Code   RO         1348    .text.LVQ_SPI_Init  lvq_stm32f1_spi.o
    0x08001c0a   0x08001c0a   0x00000002   PAD
    0x08001c0c   0x08001c0c   0x0000002e   Code   RO         1503    .text.LVQ_SPI_Send  lvq_stm32f1_nrf24.o
    0x08001c3a   0x08001c3a   0x00000002   PAD
    0x08001c3c   0x08001c3c   0x000000b4   Code   RO         1350    .text.LVQ_SPIx_Init  lvq_stm32f1_spi.o
    0x08001cf0   0x08001cf0   0x00000002   Code   RO         1117    .text.MemManage_Handler  stm32f10x_it.o
    0x08001cf2   0x08001cf2   0x00000002   PAD
    0x08001cf4   0x08001cf4   0x00000002   Code   RO         1113    .text.NMI_Handler   stm32f10x_it.o
    0x08001cf6   0x08001cf6   0x00000002   PAD
    0x08001cf8   0x08001cf8   0x0000000e   Code   RO         1171    .text.NVIC_SetPriority  delay_systick.o
    0x08001d06   0x08001d06   0x00000002   PAD
    0x08001d08   0x08001d08   0x000000e2   Code   RO         1280    .text.PWM_INT_InitTIM1Pins  pwm.o
    0x08001dea   0x08001dea   0x00000002   PAD
    0x08001dec   0x08001dec   0x000000e8   Code   RO         1282    .text.PWM_INT_InitTIM2Pins  pwm.o
    0x08001ed4   0x08001ed4   0x00000122   Code   RO         1284    .text.PWM_INT_InitTIM3Pins  pwm.o
    0x08001ff6   0x08001ff6   0x00000002   PAD
    0x08001ff8   0x08001ff8   0x000000de   Code   RO         1286    .text.PWM_INT_InitTIM4Pins  pwm.o
    0x080020d6   0x080020d6   0x00000002   PAD
    0x080020d8   0x080020d8   0x00000068   Code   RO         1292    .text.PWM_Init      pwm.o
    0x08002140   0x08002140   0x00000092   Code   RO         1288    .text.PWM_InitChannel  pwm.o
    0x080021d2   0x080021d2   0x00000002   PAD
    0x080021d4   0x080021d4   0x00000026   Code   RO         1294    .text.PWM_Set       pwm.o
    0x080021fa   0x080021fa   0x00000002   PAD
    0x080021fc   0x080021fc   0x00000002   Code   RO         1127    .text.PendSV_Handler  stm32f10x_it.o
    0x080021fe   0x080021fe   0x00000002   PAD
    0x08002200   0x08002200   0x00000018   Code   RO          621    .text.RCC_APB1PeriphClockCmd  stm32f10x_rcc.o
    0x08002218   0x08002218   0x00000018   Code   RO          619    .text.RCC_APB2PeriphClockCmd  stm32f10x_rcc.o
    0x08002230   0x08002230   0x00000036   Code   RO          758    .text.SPI_Init      stm32f10x_spi.o
    0x08002266   0x08002266   0x00000002   PAD
    0x08002268   0x08002268   0x00000010   Code   RO          762    .text.SPI_StructInit  stm32f10x_spi.o
    0x08002278   0x08002278   0x00000002   Code   RO         1123    .text.SVC_Handler   stm32f10x_it.o
    0x0800227a   0x0800227a   0x00000002   PAD
    0x0800227c   0x0800227c   0x00000004   Code   RO         1139    .text.SetSysClock   system_stm32f10x.o
    0x08002280   0x08002280   0x000000be   Code   RO         1143    .text.SetSysClockTo72  system_stm32f10x.o
    0x0800233e   0x0800233e   0x00000002   PAD
    0x08002340   0x08002340   0x0000002e   Code   RO         1169    .text.SysTick_Config  delay_systick.o
    0x0800236e   0x0800236e   0x00000002   PAD
    0x08002370   0x08002370   0x0000001e   Code   RO         1165    .text.SysTick_Handler  delay_systick.o
    0x0800238e   0x0800238e   0x00000002   PAD
    0x08002390   0x08002390   0x00000056   Code   RO         1137    .text.SystemInit    system_stm32f10x.o
    0x080023e6   0x080023e6   0x00000002   PAD
    0x080023e8   0x080023e8   0x00000080   Code   RO         1096    .text.SystemInitDefine  main.o
    0x08002468   0x08002468   0x00000012   Code   RO          893    .text.TIM_ARRPreloadConfig  stm32f10x_tim.o
    0x0800247a   0x0800247a   0x00000002   PAD
    0x0800247c   0x0800247c   0x00000012   Code   RO          853    .text.TIM_Cmd       stm32f10x_tim.o
    0x0800248e   0x0800248e   0x00000002   PAD
    0x08002490   0x08002490   0x00000018   Code   RO          855    .text.TIM_CtrlPWMOutputs  stm32f10x_tim.o
    0x080024a8   0x080024a8   0x00000070   Code   RO         1290    .text.TIM_OC        pwm.o
    0x08002518   0x08002518   0x00000072   Code   RO          815    .text.TIM_OC1Init   stm32f10x_tim.o
    0x0800258a   0x0800258a   0x00000002   PAD
    0x0800258c   0x0800258c   0x0000000c   Code   RO          901    .text.TIM_OC1PreloadConfig  stm32f10x_tim.o
    0x08002598   0x08002598   0x0000007a   Code   RO          817    .text.TIM_OC2Init   stm32f10x_tim.o
    0x08002612   0x08002612   0x00000002   PAD
    0x08002614   0x08002614   0x0000000e   Code   RO          903    .text.TIM_OC2PreloadConfig  stm32f10x_tim.o
    0x08002622   0x08002622   0x00000002   PAD
    0x08002624   0x08002624   0x0000007a   Code   RO          819    .text.TIM_OC3Init   stm32f10x_tim.o
    0x0800269e   0x0800269e   0x00000002   PAD
    0x080026a0   0x080026a0   0x0000000c   Code   RO          905    .text.TIM_OC3PreloadConfig  stm32f10x_tim.o
    0x080026ac   0x080026ac   0x00000060   Code   RO          821    .text.TIM_OC4Init   stm32f10x_tim.o
    0x0800270c   0x0800270c   0x0000000e   Code   RO          907    .text.TIM_OC4PreloadConfig  stm32f10x_tim.o
    0x0800271a   0x0800271a   0x00000002   PAD
    0x0800271c   0x0800271c   0x00000004   Code   RO          963    .text.TIM_SetCompare1  stm32f10x_tim.o
    0x08002720   0x08002720   0x00000004   Code   RO          965    .text.TIM_SetCompare2  stm32f10x_tim.o
    0x08002724   0x08002724   0x00000004   Code   RO          967    .text.TIM_SetCompare3  stm32f10x_tim.o
    0x08002728   0x08002728   0x00000006   Code   RO          969    .text.TIM_SetCompare4  stm32f10x_tim.o
    0x0800272e   0x0800272e   0x00000002   PAD
    0x08002730   0x08002730   0x000000aa   Code   RO          813    .text.TIM_TimeBaseInit  stm32f10x_tim.o
    0x080027da   0x080027da   0x00000002   PAD
    0x080027dc   0x080027dc   0x00000002   Code   RO         1121    .text.UsageFault_Handler  stm32f10x_it.o
    0x080027de   0x080027de   0x00000002   PAD
    0x080027e0   0x080027e0   0x00000002   Code   RO         1249    .text._sys_exit     usart.o
    0x080027e2   0x080027e2   0x00000002   PAD
    0x080027e4   0x080027e4   0x0000022e   Code   RO         1094    .text.main          main.o
    0x08002a12   0x08002a12   0x00000007   Data   RO         1508    .rodata.LVQ_NRF24_ADDR_REGS  lvq_stm32f1_nrf24.o
    0x08002a19   0x08002a19   0x00000006   Data   RO         1509    .rodata.LVQ_NRF24_RX_PW_PIPE  lvq_stm32f1_nrf24.o
    0x08002a1f   0x08002a1f   0x00000001   PAD
    0x08002a20   0x08002a20   0x00000020   Data   RO         1681    Region$$Table       anon$$obj.o


    Execution Region RW_IRAM1 (Exec base: 0x20000000, Load base: 0x08002a40, Size: 0x00000698, Max: 0x00005000, ABSOLUTE)

    Exec Addr    Load Addr    Size         Type   Attr      Idx    E Section Name        Object

    0x20000000   0x08002a40   0x00000004   Data   RW         1145    .data.SystemCoreClock  system_stm32f10x.o
    0x20000004   0x08002a44   0x00000028   Data   RW         1102    .data.nrf24         main.o
    0x2000002c   0x08002a6c   0x00000004   PAD
    0x20000030        -       0x00000060   Zero   RW         1556    .bss                c_w.l(libspace.o)
    0x20000090        -       0x00000004   Zero   RW         1184    .bss.Counter_us     delay_systick.o
    0x20000094        -       0x00000004   Zero   RW         1183    .bss.delay_us       delay_systick.o
    0x20000098        -       0x00000200   Zero   RW         1156    HEAP                startup_stm32f10x_md.o
    0x20000298        -       0x00000400   Zero   RW         1155    STACK               startup_stm32f10x_md.o


==============================================================================

Image component sizes


      Code (inc. data)   RO Data    RW Data    ZI Data      Debug   Object Name

       160          0          0          0          8       3918   delay_systick.o
       276         12          0          0          0       5352   lvq_stm32f1_gpio.o
      5742          0         13          0          0      16616   lvq_stm32f1_nrf24.o
       412          4          0          0          0       6799   lvq_stm32f1_spi.o
       686          0          0         40          0       4427   main.o
      1370         24          0          0          0       6684   pwm.o
        64         26        236          0       1536        820   startup_stm32f10x_md.o
       290          0          0          0          0       5474   stm32f10x_gpio.o
        16          0          0          0          0        929   stm32f10x_it.o
        48          0          0          0          0       7195   stm32f10x_rcc.o
        70          0          0          0          0       6473   stm32f10x_spi.o
       754          0          0          0          0      22283   stm32f10x_tim.o
       280          0          0          4          0       2639   system_stm32f10x.o
         2          0          0          0          0       5924   usart.o

    ----------------------------------------------------------------------
     10270         66        282         44       1548      95533   Object Totals
         0          0         32          0          0          0   (incl. Generated)
       100          0          1          0          4          0   (incl. Padding)

    ----------------------------------------------------------------------

      Code (inc. data)   RO Data    RW Data    ZI Data      Debug   Library Member Name

         8          0          0          0          0         68   __main.o
         0          0          0          0          0          0   __rtentry.o
        12          0          0          0          0          0   __rtentry2.o
         6          0          0          0          0          0   __rtentry4.o
        52          8          0          0          0          0   __scatter.o
        26          0          0          0          0          0   __scatter_copy.o
        28          0          0          0          0          0   __scatter_zi.o
        18          0          0          0          0         80   exit.o
         6          0          0          0          0        152   heapauxi.o
         2          0          0          0          0          0   libinit.o
         2          0          0          0          0          0   libinit2.o
         2          0          0          0          0          0   libshutdown.o
         2          0          0          0          0          0   libshutdown2.o
         8          4          0          0         96         68   libspace.o
         2          0          0          0          0          0   rtexit.o
        10          0          0          0          0          0   rtexit2.o
        74          0          0          0          0         80   sys_stackheap_outer.o

    ----------------------------------------------------------------------
       264         12          0          0         96        448   Library Totals
         6          0          0          0          0          0   (incl. Padding)

    ----------------------------------------------------------------------

      Code (inc. data)   RO Data    RW Data    ZI Data      Debug   Library Name

       258         12          0          0         96        448   c_w.l

    ----------------------------------------------------------------------
       264         12          0          0         96        448   Library Totals

    ----------------------------------------------------------------------

==============================================================================


      Code (inc. data)   RO Data    RW Data    ZI Data      Debug   

     10534         78        282         44       1644      95785   Grand Totals
     10534         78        282         44       1644      95785   ELF Image Totals
     10534         78        282         44          0          0   ROM Totals

==============================================================================

    Total RO  Size (Code + RO Data)                10816 (  10.56kB)
    Total RW  Size (RW Data + ZI Data)              1688 (   1.65kB)
    Total ROM Size (Code + RO Data + RW Data)      10860 (  10.61kB)

==============================================================================

