Component: ARM Compiler 5.06 update 6 (build 750) Tool: armlink [4d35ed]

==============================================================================

Section Cross References

    startup_stm32f401xx.o(STACK) refers (Special) to heapauxi.o(.text) for __use_two_region_memory
    startup_stm32f401xx.o(HEAP) refers (Special) to heapauxi.o(.text) for __use_two_region_memory
    startup_stm32f401xx.o(RESET) refers (Special) to heapauxi.o(.text) for __use_two_region_memory
    startup_stm32f401xx.o(RESET) refers to startup_stm32f401xx.o(STACK) for __initial_sp
    startup_stm32f401xx.o(RESET) refers to startup_stm32f401xx.o(.text) for Reset_Handler
    startup_stm32f401xx.o(RESET) refers to stm32f4xx_it.o(i.NMI_Handler) for NMI_Handler
    startup_stm32f401xx.o(RESET) refers to stm32f4xx_it.o(i.HardFault_Handler) for HardFault_Handler
    startup_stm32f401xx.o(RESET) refers to stm32f4xx_it.o(i.MemManage_Handler) for MemManage_Handler
    startup_stm32f401xx.o(RESET) refers to stm32f4xx_it.o(i.BusFault_Handler) for BusFault_Handler
    startup_stm32f401xx.o(RESET) refers to stm32f4xx_it.o(i.UsageFault_Handler) for UsageFault_Handler
    startup_stm32f401xx.o(RESET) refers to stm32f4xx_it.o(i.SVC_Handler) for SVC_Handler
    startup_stm32f401xx.o(RESET) refers to stm32f4xx_it.o(i.DebugMon_Handler) for DebugMon_Handler
    startup_stm32f401xx.o(RESET) refers to stm32f4xx_it.o(i.PendSV_Handler) for PendSV_Handler
    startup_stm32f401xx.o(RESET) refers to lvq_stm32f4_delay.o(i.SysTick_Handler) for SysTick_Handler
    startup_stm32f401xx.o(RESET) refers to lvq_stm32f4_rtc.o(i.RTC_WKUP_IRQHandler) for RTC_WKUP_IRQHandler
    startup_stm32f401xx.o(RESET) refers to lvq_stm32f4_exti.o(i.EXTI0_IRQHandler) for EXTI0_IRQHandler
    startup_stm32f401xx.o(RESET) refers to lvq_stm32f4_exti.o(i.EXTI1_IRQHandler) for EXTI1_IRQHandler
    startup_stm32f401xx.o(RESET) refers to lvq_stm32f4_exti.o(i.EXTI2_IRQHandler) for EXTI2_IRQHandler
    startup_stm32f401xx.o(RESET) refers to lvq_stm32f4_exti.o(i.EXTI3_IRQHandler) for EXTI3_IRQHandler
    startup_stm32f401xx.o(RESET) refers to lvq_stm32f4_exti.o(i.EXTI4_IRQHandler) for EXTI4_IRQHandler
    startup_stm32f401xx.o(RESET) refers to lvq_stm32f4_dma.o(i.DMA1_Stream0_IRQHandler) for DMA1_Stream0_IRQHandler
    startup_stm32f401xx.o(RESET) refers to lvq_stm32f4_dma.o(i.DMA1_Stream1_IRQHandler) for DMA1_Stream1_IRQHandler
    startup_stm32f401xx.o(RESET) refers to lvq_stm32f4_dma.o(i.DMA1_Stream2_IRQHandler) for DMA1_Stream2_IRQHandler
    startup_stm32f401xx.o(RESET) refers to lvq_stm32f4_dma.o(i.DMA1_Stream3_IRQHandler) for DMA1_Stream3_IRQHandler
    startup_stm32f401xx.o(RESET) refers to lvq_stm32f4_dma.o(i.DMA1_Stream4_IRQHandler) for DMA1_Stream4_IRQHandler
    startup_stm32f401xx.o(RESET) refers to lvq_stm32f4_dma.o(i.DMA1_Stream5_IRQHandler) for DMA1_Stream5_IRQHandler
    startup_stm32f401xx.o(RESET) refers to lvq_stm32f4_dma.o(i.DMA1_Stream6_IRQHandler) for DMA1_Stream6_IRQHandler
    startup_stm32f401xx.o(RESET) refers to lvq_stm32f4_exti.o(i.EXTI9_5_IRQHandler) for EXTI9_5_IRQHandler
    startup_stm32f401xx.o(RESET) refers to main.o(i.TIM2_IRQHandler) for TIM2_IRQHandler
    startup_stm32f401xx.o(RESET) refers to lvq_stm32f4_usart.o(i.USART1_IRQHandler) for USART1_IRQHandler
    startup_stm32f401xx.o(RESET) refers to lvq_stm32f4_usart.o(i.USART2_IRQHandler) for USART2_IRQHandler
    startup_stm32f401xx.o(RESET) refers to lvq_stm32f4_exti.o(i.EXTI15_10_IRQHandler) for EXTI15_10_IRQHandler
    startup_stm32f401xx.o(RESET) refers to lvq_stm32f4_rtc.o(i.RTC_Alarm_IRQHandler) for RTC_Alarm_IRQHandler
    startup_stm32f401xx.o(RESET) refers to lvq_stm32f4_dma.o(i.DMA1_Stream7_IRQHandler) for DMA1_Stream7_IRQHandler
    startup_stm32f401xx.o(RESET) refers to lvq_stm32f4_dma.o(i.DMA2_Stream0_IRQHandler) for DMA2_Stream0_IRQHandler
    startup_stm32f401xx.o(RESET) refers to lvq_stm32f4_dma.o(i.DMA2_Stream1_IRQHandler) for DMA2_Stream1_IRQHandler
    startup_stm32f401xx.o(RESET) refers to lvq_stm32f4_dma.o(i.DMA2_Stream2_IRQHandler) for DMA2_Stream2_IRQHandler
    startup_stm32f401xx.o(RESET) refers to lvq_stm32f4_dma.o(i.DMA2_Stream3_IRQHandler) for DMA2_Stream3_IRQHandler
    startup_stm32f401xx.o(RESET) refers to lvq_stm32f4_dma.o(i.DMA2_Stream4_IRQHandler) for DMA2_Stream4_IRQHandler
    startup_stm32f401xx.o(RESET) refers to lvq_stm32f4_dma.o(i.DMA2_Stream5_IRQHandler) for DMA2_Stream5_IRQHandler
    startup_stm32f401xx.o(RESET) refers to lvq_stm32f4_dma.o(i.DMA2_Stream6_IRQHandler) for DMA2_Stream6_IRQHandler
    startup_stm32f401xx.o(RESET) refers to lvq_stm32f4_dma.o(i.DMA2_Stream7_IRQHandler) for DMA2_Stream7_IRQHandler
    startup_stm32f401xx.o(RESET) refers to lvq_stm32f4_usart.o(i.USART6_IRQHandler) for USART6_IRQHandler
    startup_stm32f401xx.o(.text) refers (Special) to heapauxi.o(.text) for __use_two_region_memory
    startup_stm32f401xx.o(.text) refers to system_stm32f4xx.o(i.SystemInit) for SystemInit
[...]
    __lcnum_c_end                            0x0800dab0   Data           0  lc_numeric_c.o(locale$$data)
    .data                                    0x20000000   Section      159  main.o(.data)
    .data                                    0x200000a0   Section       20  system_stm32f4xx.o(.data)
    .data                                    0x200000b4   Section       16  stm32f4xx_rcc.o(.data)
    APBAHBPrescTable                         0x200000b4   Data          16  stm32f4xx_rcc.o(.data)
    .data                                    0x200000c4   Section       60  lvq_stm32f4_usart.o(.data)
    .data                                    0x20000100   Section       16  lvq_stm32f4_i2c.o(.data)
    LVQ_I2C_Timeout                          0x20000100   Data           4  lvq_stm32f4_i2c.o(.data)
    LVQ_I2C_INT_Clocks                       0x20000104   Data          12  lvq_stm32f4_i2c.o(.data)
    .data                                    0x20000110   Section        4  lvq_stm32f4_exti.o(.data)
    .data                                    0x20000114   Section       17  lvq_stm32f4_delay.o(.data)
    Counter_us                               0x20000114   Data           4  lvq_stm32f4_delay.o(.data)
    Delay_1ms                                0x20000118   Data           2  lvq_stm32f4_delay.o(.data)
    .data                                    0x20000126   Section        6  lvq_stm32f4_ssd1306.o(.data)
    LVQ_SSD1306                              0x20000126   Data           6  lvq_stm32f4_ssd1306.o(.data)
    .data                                    0x2000012c   Section       24  lvq_stm32f4_fonts.o(.data)
    .data                                    0x20000144   Section      304  lvq_stm32f4_uitx.o(.data)
    .bss                                     0x20000274   Section      208  main.o(.bss)
    .bss                                     0x20000344   Section       22  lvq_stm32f4_gpio.o(.bss)
    GPIO_UsedPins                            0x20000344   Data          22  lvq_stm32f4_gpio.o(.bss)
    .bss                                     0x2000035a   Section      192  lvq_stm32f4_usart.o(.bss)
    .bss                                     0x2000041c   Section       24  lvq_stm32f4_delay.o(.bss)
    CustomTimers                             0x2000041c   Data          24  lvq_stm32f4_delay.o(.bss)
    .bss                                     0x20000434   Section     1024  lvq_stm32f4_ssd1306.o(.bss)
    LVQ_SSD1306_Buffer                       0x20000434   Data        1024  lvq_stm32f4_ssd1306.o(.bss)
    .bss                                     0x20000834   Section       96  libspace.o(.bss)
    HEAP                                     0x20000898   Section      512  startup_stm32f401xx.o(HEAP)
    Heap_Mem                                 0x20000898   Data         512  startup_stm32f401xx.o(HEAP)
    STACK                                    0x20000a98   Section     1024  startup_stm32f401xx.o(STACK)
    Stack_Mem                                0x20000a98   Data        1024  startup_stm32f401xx.o(STACK)
    __initial_sp                             0x20000e98   Data           0  startup_stm32f401xx.o(STACK)

    Global Symbols

    Symbol Name                              Value     Ov Type        Size  Object(Section)

    BuildAttributes$$THM_ISAv4$E$P$D$K$B$S$7EM$VFPi3$EXTD16$VFPS$VFMA$PE$A:L22UL41UL21$X:L11$S22US41US21$IEEE1$IW$USESV6$~STKCKD$USESV7$~SHL$OTIME$ROPI$IEEEX$EBA8$UX$STANDARDLIB$REQ8$PRES8$EABIv2 0x00000000   Number         0  anon$$obj.o ABSOLUTE
    __ARM_use_no_argv                        0x00000000   Number         0  main.o ABSOLUTE
    _printf_flags                            0x00000000   Number         0  printf_stubs.o ABSOLUTE
    _printf_return_value                     0x00000000   Number         0  printf_stubs.o ABSOLUTE
    _printf_sizespec                         0x00000000   Number         0  printf_stubs.o ABSOLUTE
    _printf_widthprec                        0x00000000   Number         0  printf_stubs.o ABSOLUTE
    __ARM_exceptions_init                     - Undefined Weak Reference
    __alloca_initialize                       - Undefined Weak Reference
    __arm_preinit_                            - Undefined Weak Reference
    __cpp_initialize__aeabi_                  - Undefined Weak Reference
    __cxa_finalize                            - Undefined Weak Reference
    __sigvec_lookup                           - Undefined Weak Reference
    __user_heap_extent                        - Undefined Weak Reference
    _atexit_init                              - Undefined Weak Reference
    _call_atexit_fns                          - Undefined Weak Reference
    _clock_init                               - Undefined Weak Reference
    _fp_trap_init                             - Undefined Weak Reference
    _fp_trap_shutdown                         - Undefined Weak Reference
    _get_lc_collate                           - Undefined Weak Reference
    _get_lc_ctype                             - Undefined Weak Reference
    _get_lc_monetary                          - Undefined Weak Reference
    _get_lc_time                              - Undefined Weak Reference
    _getenv_init                              - Undefined Weak Reference
    _handle_redirection                       - Undefined Weak Reference
    _initio                                   - Undefined Weak Reference
    _mutex_acquire                            - Undefined Weak Reference
    _mutex_free                               - Undefined Weak Reference
    _mutex_release                            - Undefined Weak Reference
    _printf_truncate_signed                   - Undefined Weak Reference
    _printf_truncate_unsigned                 - Undefined Weak Reference
    _rand_init                                - Undefined Weak Reference
    _signal_finish                            - Undefined Weak Reference
    _signal_init                              - Undefined Weak Reference
    _terminateio                              - Undefined Weak Reference
    __Vectors_Size                           0x00000194   Number         0  startup_stm32f401xx.o ABSOLUTE
    __Vectors                                0x08000000   Data           4  startup_stm32f401xx.o(RESET)
    __Vectors_End                            0x08000194   Data           0  startup_stm32f401xx.o(RESET)
    __main                                   0x08000195   Thumb Code     8  __main.o(!!!main)
    __scatterload                            0x0800019d   Thumb Code     0  __scatter.o(!!!scatter)
    __scatterload_rt2                        0x0800019d   Thumb Code    44  __scatter.o(!!!scatter)
    __scatterload_rt2_thumb_only             0x0800019d   Thumb Code     0  __scatter.o(!!!scatter)
    __scatterload_null                       0x080001ab   Thumb Code     0  __scatter.o(!!!scatter)
    __decompress                             0x080001d1   Thumb Code    90  __dczerorl2.o(!!dczerorl2)
    __decompress1                            0x080001d1   Thumb Code     0  __dczerorl2.o(!!dczerorl2)
    __scatterload_zeroinit                   0x0800022d   Thumb Code    28  __scatter_zi.o(!!handler_zi)
    _printf_f                                0x08000249   Thumb Code     0  _printf_f.o(.ARM.Collect$$_printf_percent$$00000003)
    _printf_percent                          0x08000249   Thumb Code     0  _printf_percent.o(.ARM.Collect$$_printf_percent$$00000000)
    _printf_d                                0x0800024f   Thumb Code     0  _printf_d.o(.ARM.Collect$$_printf_percent$$00000009)
    _printf_percent_end                      0x08000255   Thumb Code     0  _printf_percent_end.o(.ARM.Collect$$_printf_percent$$00000017)
    __rt_lib_init                            0x08000259   Thumb Code     0  libinit.o(.ARM.Collect$$libinit$$00000000)
    __rt_lib_init_fp_1                       0x0800025b   Thumb Code     0  libinit2.o(.ARM.Collect$$libinit$$00000001)
    __rt_lib_init_heap_1                     0x0800025f   Thumb Code     0  libinit2.o(.ARM.Collect$$libinit$$0000000A)
    __rt_lib_init_lc_common                  0x0800025f   Thumb Code     0  libinit2.o(.ARM.Collect$$libinit$$0000000F)
    __rt_lib_init_preinit_1                  0x0800025f   Thumb Code     0  libinit2.o(.ARM.Collect$$libinit$$00000004)
    __rt_lib_init_rand_1                     0x0800025f   Thumb Code     0  libinit2.o(.ARM.Collect$$libinit$$0000000E)
    __rt_lib_init_user_alloc_1               0x0800025f   Thumb Code     0  libinit2.o(.ARM.Collect$$libinit$$0000000C)
    __rt_lib_init_lc_collate_1               0x08000265   Thumb Code     0  libinit2.o(.ARM.Collect$$libinit$$00000011)
    __rt_lib_init_lc_ctype_1                 0x08000265   Thumb Code     0  libinit2.o(.ARM.Collect$$libinit$$00000013)
    __rt_lib_init_lc_monetary_1              0x08000265   Thumb Code     0  libinit2.o(.ARM.Collect$$libinit$$00000015)
    __rt_lib_init_lc_numeric_2               0x08000265   Thumb Code     0  libinit2.o(.ARM.Collect$$libinit$$00000016)
    __rt_lib_init_alloca_1                   0x0800026f   Thumb Code     0  libinit2.o(.ARM.Collect$$libinit$$0000002E)
    __rt_lib_init_argv_1                     0x0800026f   Thumb Code     0  libinit2.o(.ARM.Collect$$libinit$$0000002C)
    __rt_lib_init_atexit_1                   0x0800026f   Thumb Code     0  libinit2.o(.ARM.Collect$$libinit$$0000001B)
    __rt_lib_init_clock_1                    0x0800026f   Thumb Code     0  libinit2.o(.ARM.Collect$$libinit$$00000021)
    __rt_lib_init_cpp_1                      0x0800026f   Thumb Code     0  libinit2.o(.ARM.Collect$$libinit$$00000032)
    __rt_lib_init_exceptions_1               0x0800026f   Thumb Code     0  libinit2.o(.ARM.Collect$$libinit$$00000030)
    __rt_lib_init_fp_trap_1                  0x0800026f   Thumb Code     0  libinit2.o(.ARM.Collect$$libinit$$0000001F)
    __rt_lib_init_getenv_1                   0x0800026f   Thumb Code     0  libinit2.o(.ARM.Collect$$libinit$$00000023)
    __rt_lib_init_lc_numeric_1               0x0800026f   Thumb Code     0  libinit2.o(.ARM.Collect$$libinit$$00000017)
    __rt_lib_init_lc_time_1                  0x0800026f   Thumb Code     0  libinit2.o(.ARM.Collect$$libinit$$00000019)
    __rt_lib_init_return                     0x0800026f   Thumb Code     0  libinit2.o(.ARM.Collect$$libinit$$00000033)
    __rt_lib_init_signal_1                   0x0800026f   Thumb Code     0  libinit2.o(.ARM.Collect$$libinit$$0000001D)
    __rt_lib_init_stdio_1                    0x0800026f   Thumb Code     0  libinit2.o(.ARM.Collect$$libinit$$00000025)
    __rt_lib_shutdown                        0x08000271   Thumb Code     0  libshutdown.o(.ARM.Collect$$libshutdown$$00000000)
    __rt_lib_shutdown_cpp_1                  0x08000273   Thumb Code     0  libshutdown2.o(.ARM.Collect$$libshutdown$$00000002)
    __rt_lib_shutdown_fp_trap_1              0x08000273   Thumb Code     0  libshutdown2.o(.ARM.Collect$$libshutdown$$00000007)
    __rt_lib_shutdown_heap_1                 0x08000273   Thumb Code     0  libshutdown2.o(.ARM.Collect$$libshutdown$$0000000F)
    __rt_lib_shutdown_return                 0x08000273   Thumb Code     0  libshutdown2.o(.ARM.Collect$$libshutdown$$00000010)
    __rt_lib_shutdown_signal_1               0x08000273   Thumb Code     0  libshutdown2.o(.ARM.Collect$$libshutdown$$0000000A)
    __rt_lib_shutdown_stdio_1                0x08000273   Thumb Code     0  libshutdown2.o(.ARM.Collect$$libshutdown$$00000004)
    __rt_lib_shutdown_user_alloc_1           0x08000273   Thumb Code     0  libshutdown2.o(.ARM.Collect$$libshutdown$$0000000C)
    __rt_entry                               0x08000275   Thumb Code     0  __rtentry.o(.ARM.Collect$$rtentry$$00000000)
    __rt_entry_presh_1                       0x08000275   Thumb Code     0  __rtentry2.o(.ARM.Collect$$rtentry$$00000002)
    __rt_entry_sh                            0x08000275   Thumb Code     0  __rtentry4.o(.ARM.Collect$$rtentry$$00000004)
    __rt_entry_li                            0x0800027b   Thumb Code     0  __rtentry2.o(.ARM.Collect$$rtentry$$0000000A)
    __rt_entry_postsh_1                      0x0800027b   Thumb Code     0  __rtentry2.o(.ARM.Collect$$rtentry$$00000009)
    __rt_entry_main                          0x0800027f   Thumb Code     0  __rtentry2.o(.ARM.Collect$$rtentry$$0000000D)
    __rt_entry_postli_1                      0x0800027f   Thumb Code     0  __rtentry2.o(.ARM.Collect$$rtentry$$0000000C)
    __rt_exit                                0x08000287   Thumb Code     0  rtexit.o(.ARM.Collect$$rtexit$$00000000)
    __rt_exit_ls                             0x08000289   Thumb Code     0  rtexit2.o(.ARM.Collect$$rtexit$$00000003)
    __rt_exit_prels_1                        0x08000289   Thumb Code     0  rtexit2.o(.ARM.Collect$$rtexit$$00000002)
    __rt_exit_exit                           0x0800028d   Thumb Code     0  rtexit2.o(.ARM.Collect$$rtexit$$00000004)
    Reset_Handler                            0x08000295   Thumb Code     8  startup_stm32f401xx.o(.text)
    ADC_IRQHandler                           0x080002af   Thumb Code     0  startup_stm32f401xx.o(.text)
    FLASH_IRQHandler                         0x080002af   Thumb Code     0  startup_stm32f401xx.o(.text)
    FPU_IRQHandler                           0x080002af   Thumb Code     0  startup_stm32f401xx.o(.text)
    I2C1_ER_IRQHandler                       0x080002af   Thumb Code     0  startup_stm32f401xx.o(.text)
    I2C1_EV_IRQHandler                       0x080002af   Thumb Code     0  startup_stm32f401xx.o(.text)
    I2C2_ER_IRQHandler                       0x080002af   Thumb Code     0  startup_stm32f401xx.o(.text)
    I2C2_EV_IRQHandler                       0x080002af   Thumb Code     0  startup_stm32f401xx.o(.text)
    I2C3_ER_IRQHandler                       0x080002af   Thumb Code     0  startup_stm32f401xx.o(.text)
    I2C3_EV_IRQHandler                       0x080002af   Thumb Code     0  startup_stm32f401xx.o(.text)
    OTG_FS_IRQHandler                        0x080002af   Thumb Code     0  startup_stm32f401xx.o(.text)
    OTG_FS_WKUP_IRQHandler                   0x080002af   Thumb Code     0  startup_stm32f401xx.o(.text)
    PVD_IRQHandler                           0x080002af   Thumb Code     0  startup_stm32f401xx.o(.text)
    RCC_IRQHandler                           0x080002af   Thumb Code     0  startup_stm32f401xx.o(.text)
    SDIO_IRQHandler                          0x080002af   Thumb Code     0  startup_stm32f401xx.o(.text)
    SPI1_IRQHandler                          0x080002af   Thumb Code     0  startup_stm32f401xx.o(.text)
    SPI2_IRQHandler                          0x080002af   Thumb Code     0  startup_stm32f401xx.o(.text)
    SPI3_IRQHandler                          0x080002af   Thumb Code     0  startup_stm32f401xx.o(.text)
    SPI4_IRQHandler                          0x080002af   Thumb Code     0  startup_stm32f401xx.o(.text)
    TAMP_STAMP_IRQHandler                    0x080002af   Thumb Code     0  startup_stm32f401xx.o(.text)
    TIM1_BRK_TIM9_IRQHandler                 0x080002af   Thumb Code     0  startup_stm32f401xx.o(.text)
    TIM1_CC_IRQHandler                       0x080002af   Thumb Code     0  startup_stm32f401xx.o(.text)
    TIM1_TRG_COM_TIM11_IRQHandler            0x080002af   Thumb Code     0  startup_stm32f401xx.o(.text)
    TIM1_UP_TIM10_IRQHandler                 0x080002af   Thumb Code     0  startup_stm32f401xx.o(.text)
    TIM3_IRQHandler                          0x080002af   Thumb Code     0  startup_stm32f401xx.o(.text)
    TIM4_IRQHandler                          0x080002af   Thumb Code     0  startup_stm32f401xx.o(.text)
    TIM5_IRQHandler                          0x080002af   Thumb Code     0  startup_stm32f401xx.o(.text)
    WWDG_IRQHandler                          0x080002af   Thumb Code     0  startup_stm32f401xx.o(.text)
    __user_initial_stackheap                 0x080002b1   Thumb Code     0  startup_stm32f401xx.o(.text)
    __2sprintf                               0x080002d5   Thumb Code    34  noretval__2sprintf.o(.text)
    _printf_pre_padding                      0x080002fd   Thumb Code    44  _printf_pad.o(.text)
    _printf_post_padding                     0x08000329   Thumb Code    34  _printf_pad.o(.text)
    _printf_int_dec                          0x0800034d   Thumb Code   104  _printf_dec.o(.text)
    __printf                                 0x080003c5   Thumb Code   270  __printf_wp.o(.text)
    __aeabi_memcpy                           0x080004d3   Thumb Code     0  rt_memcpy_v6.o(.text)
    __rt_memcpy                              0x080004d3   Thumb Code   138  rt_memcpy_v6.o(.text)
    _memcpy_lastbytes                        0x08000539   Thumb Code     0  rt_memcpy_v6.o(.text)
    __aeabi_memcpy4                          0x0800055d   Thumb Code     0  rt_memcpy_w.o(.text)
    __aeabi_memcpy8                          0x0800055d   Thumb Code     0  rt_memcpy_w.o(.text)
    __rt_memcpy_w                            0x0800055d   Thumb Code   100  rt_memcpy_w.o(.text)
    _memcpy_lastbytes_aligned                0x080005a5   Thumb Code     0  rt_memcpy_w.o(.text)
    __aeabi_memset                           0x080005c1   Thumb Code    16  aeabi_memset.o(.text)
    __use_two_region_memory                  0x080005d1   Thumb Code     2  heapauxi.o(.text)
    __rt_heap_escrow                         0x080005d3   Thumb Code     2  heapauxi.o(.text)
    __rt_heap_expand                         0x080005d5   Thumb Code     2  heapauxi.o(.text)
    _printf_int_common                       0x080005d7   Thumb Code   178  _printf_intcommon.o(.text)
    __lib_sel_fp_printf                      0x08000689   Thumb Code     2  _printf_fp_dec.o(.text)
    _printf_fp_dec_real                      0x0800083b   Thumb Code   620  _printf_fp_dec.o(.text)
    _printf_char_common                      0x08000ab3   Thumb Code    32  _printf_char_common.o(.text)
    _sputc                                   0x08000ad9   Thumb Code    10  _sputc.o(.text)
    __aeabi_memclr                           0x08000ae3   Thumb Code     0  rt_memclr.o(.text)
    __rt_memclr                              0x08000ae3   Thumb Code    68  rt_memclr.o(.text)
    _memset                                  0x08000ae7   Thumb Code     0  rt_memclr.o(.text)
    __user_libspace                          0x08000b29   Thumb Code     8  libspace.o(.text)
    __user_perproc_libspace                  0x08000b29   Thumb Code     0  libspace.o(.text)
    __user_perthread_libspace                0x08000b29   Thumb Code     0  libspace.o(.text)
    __rt_locale                              0x08000b31   Thumb Code     8  rt_locale_intlibspace.o(.text)
    _ll_udiv10                               0x08000b39   Thumb Code   138  lludiv10.o(.text)
    _printf_fp_infnan                        0x08000bc5   Thumb Code   112  _printf_fp_infnan.o(.text)
    _btod_etento                             0x08000c45   Thumb Code   224  bigflt0.o(.text)
    __aeabi_memclr4                          0x08000d29   Thumb Code     0  rt_memclr_w.o(.text)
    __aeabi_memclr8                          0x08000d29   Thumb Code     0  rt_memclr_w.o(.text)
    __rt_memclr_w                            0x08000d29   Thumb Code    78  rt_memclr_w.o(.text)
    _memset_w                                0x08000d2d   Thumb Code     0  rt_memclr_w.o(.text)
    __user_setup_stackheap                   0x08000d77   Thumb Code    74  sys_stackheap_outer.o(.text)
    exit                                     0x08000dc1   Thumb Code    18  exit.o(.text)
    strcmp                                   0x08000dd5   Thumb Code   128  strcmpv7m.o(.text)
    _btod_d2e                                0x08000e55   Thumb Code    62  btod.o(CL$$btod_d2e)
    _d2e_denorm_low                          0x08000e93   Thumb Code    70  btod.o(CL$$btod_d2e_denorm_low)
    _d2e_norm_op1                            0x08000ed9   Thumb Code    96  btod.o(CL$$btod_d2e_norm_op1)
    __btod_div_common                        0x08000f39   Thumb Code   696  btod.o(CL$$btod_div_common)
    _e2e                                     0x08001271   Thumb Code   220  btod.o(CL$$btod_e2e)
    _btod_ediv                               0x0800134d   Thumb Code    42  btod.o(CL$$btod_ediv)
    _btod_emul                               0x08001377   Thumb Code    42  btod.o(CL$$btod_emul)
    __btod_mult_common                       0x080013a1   Thumb Code   580  btod.o(CL$$btod_mult_common)
    ADC_RegularChannelConfig                 0x080015e5   Thumb Code   184  stm32f4xx_adc.o(i.ADC_RegularChannelConfig)
    BusFault_Handler                         0x0800169d   Thumb Code     4  stm32f4xx_it.o(i.BusFault_Handler)
    Buzzer                                   0x080016a1   Thumb Code    56  main.o(i.Buzzer)
    CheckHome                                0x080016dd   Thumb Code   114  main.o(i.CheckHome)
    ConvertPercent                           0x08001779   Thumb Code    48  lvq_stm32f4_uitx.o(i.ConvertPercent)
    DMA1_Stream0_IRQHandler                  0x080017ad   Thumb Code    10  lvq_stm32f4_dma.o(i.DMA1_Stream0_IRQHandler)
    DMA1_Stream1_IRQHandler                  0x080017bd   Thumb Code    10  lvq_stm32f4_dma.o(i.DMA1_Stream1_IRQHandler)
    DMA1_Stream2_IRQHandler                  0x080017cd   Thumb Code    10  lvq_stm32f4_dma.o(i.DMA1_Stream2_IRQHandler)
    DMA1_Stream3_IRQHandler                  0x080017dd   Thumb Code    10  lvq_stm32f4_dma.o(i.DMA1_Stream3_IRQHandler)
    DMA1_Stream4_IRQHandler                  0x080017ed   Thumb Code    10  lvq_stm32f4_dma.o(i.DMA1_Stream4_IRQHandler)
    DMA1_Stream5_IRQHandler                  0x080017fd   Thumb Code    10  lvq_stm32f4_dma.o(i.DMA1_Stream5_IRQHandler)
    DMA1_Stream6_IRQHandler                  0x0800180d   Thumb Code    10  lvq_stm32f4_dma.o(i.DMA1_Stream6_IRQHandler)
    DMA1_Stream7_IRQHandler                  0x0800181d   Thumb Code    10  lvq_stm32f4_dma.o(i.DMA1_Stream7_IRQHandler)
    DMA2_Stream0_IRQHandler                  0x0800182d   Thumb Code    10  lvq_stm32f4_dma.o(i.DMA2_Stream0_IRQHandler)
    DMA2_Stream1_IRQHandler                  0x0800183d   Thumb Code    10  lvq_stm32f4_dma.o(i.DMA2_Stream1_IRQHandler)
    DMA2_Stream2_IRQHandler                  0x0800184d   Thumb Code    10  lvq_stm32f4_dma.o(i.DMA2_Stream2_IRQHandler)
    DMA2_Stream3_IRQHandler                  0x0800185d   Thumb Code    10  lvq_stm32f4_dma.o(i.DMA2_Stream3_IRQHandler)
    DMA2_Stream4_IRQHandler                  0x0800186d   Thumb Code    10  lvq_stm32f4_dma.o(i.DMA2_Stream4_IRQHandler)
    DMA2_Stream5_IRQHandler                  0x0800187d   Thumb Code    10  lvq_stm32f4_dma.o(i.DMA2_Stream5_IRQHandler)
    DMA2_Stream6_IRQHandler                  0x0800188d   Thumb Code    10  lvq_stm32f4_dma.o(i.DMA2_Stream6_IRQHandler)
    DMA2_Stream7_IRQHandler                  0x0800189d   Thumb Code    10  lvq_stm32f4_dma.o(i.DMA2_Stream7_IRQHandler)
    DebugMon_Handler                         0x080018ad   Thumb Code     2  stm32f4xx_it.o(i.DebugMon_Handler)
    Delay_Init                               0x080018b1   Thumb Code    78  lvq_stm32f4_delay.o(i.Delay_Init)
    Delay_ms_systick                         0x0800190d   Thumb Code    18  lvq_stm32f4_delay.o(i.Delay_ms_systick)
    Delay_us_systick                         0x0800191f   Thumb Code    22  lvq_stm32f4_delay.o(i.Delay_us_systick)
    EXTI0_IRQHandler                         0x08001935   Thumb Code    26  lvq_stm32f4_exti.o(i.EXTI0_IRQHandler)
    EXTI15_10_IRQHandler                     0x08001959   Thumb Code   148  lvq_stm32f4_exti.o(i.EXTI15_10_IRQHandler)
    EXTI1_IRQHandler                         0x080019f5   Thumb Code    26  lvq_stm32f4_exti.o(i.EXTI1_IRQHandler)
    EXTI2_IRQHandler                         0x08001a19   Thumb Code    26  lvq_stm32f4_exti.o(i.EXTI2_IRQHandler)
    EXTI3_IRQHandler                         0x08001a3d   Thumb Code    26  lvq_stm32f4_exti.o(i.EXTI3_IRQHandler)
    EXTI4_IRQHandler                         0x08001a61   Thumb Code    26  lvq_stm32f4_exti.o(i.EXTI4_IRQHandler)
    EXTI9_5_IRQHandler                       0x08001a85   Thumb Code   118  lvq_stm32f4_exti.o(i.EXTI9_5_IRQHandler)
    HardFault_Handler                        0x08001b05   Thumb Code     4  stm32f4xx_it.o(i.HardFault_Handler)
    I2C_CheckEvent                           0x08001b09   Thumb Code    62  stm32f4xx_i2c.o(i.I2C_CheckEvent)
    LVQ_74HC165_Init                         0x08001b47   Thumb Code    76  lvq_stm32f4_74hc165.o(i.LVQ_74HC165_Init)
    LVQ_74HC165_Read                         0x08001b93   Thumb Code   118  lvq_stm32f4_74hc165.o(i.LVQ_74HC165_Read)
    LVQ_ADC_DMA_ConfigChannel                0x08001c09   Thumb Code    54  lvq_stm32f4_adc_dma.o(i.LVQ_ADC_DMA_ConfigChannel)
    LVQ_ADC_DMA_Init                         0x08001c41   Thumb Code   372  lvq_stm32f4_adc_dma.o(i.LVQ_ADC_DMA_Init)
    LVQ_ADC_INT_InitPin                      0x08001dd9   Thumb Code    28  lvq_stm32f4_adc.o(i.LVQ_ADC_INT_InitPin)
    LVQ_Caculator_Volume                     0x08001df5   Thumb Code   216  lvq_stm32f4_uitx.o(i.LVQ_Caculator_Volume)
    LVQ_DELAY_1msHandler                     0x08001ed1   Thumb Code     2  lvq_stm32f4_delay.o(i.LVQ_DELAY_1msHandler)
    LVQ_DMA_ClearFlag                        0x08001ed5   Thumb Code    64  lvq_stm32f4_dma.o(i.LVQ_DMA_ClearFlag)
    LVQ_DMA_DirectModeErrorHandler           0x08001f21   Thumb Code     2  lvq_stm32f4_dma.o(i.LVQ_DMA_DirectModeErrorHandler)
    LVQ_DMA_FIFOErrorHandler                 0x08001f23   Thumb Code     2  lvq_stm32f4_dma.o(i.LVQ_DMA_FIFOErrorHandler)
    LVQ_DMA_GetFlags                         0x08001f25   Thumb Code    72  lvq_stm32f4_dma.o(i.LVQ_DMA_GetFlags)
    LVQ_DMA_HalfTransferCompleteHandler      0x08001f79   Thumb Code     2  lvq_stm32f4_dma.o(i.LVQ_DMA_HalfTransferCompleteHandler)
    LVQ_DMA_TransferCompleteHandler          0x08001ff7   Thumb Code     2  lvq_stm32f4_dma.o(i.LVQ_DMA_TransferCompleteHandler)
    LVQ_DMA_TransferErrorHandler             0x08001ff9   Thumb Code     2  lvq_stm32f4_dma.o(i.LVQ_DMA_TransferErrorHandler)
    LVQ_Flash_Erase                          0x08001ffd   Thumb Code   206  lvq_stm32f4_flash.o(i.LVQ_Flash_Erase)
    LVQ_Flash_Read                           0x080020d1   Thumb Code    38  lvq_stm32f4_flash.o(i.LVQ_Flash_Read)
    LVQ_Flash_Unlock                         0x080020f9   Thumb Code    12  lvq_stm32f4_flash.o(i.LVQ_Flash_Unlock)
    LVQ_Flash_Write                          0x08002111   Thumb Code   176  lvq_stm32f4_flash.o(i.LVQ_Flash_Write)
    LVQ_GPIO_Config                          0x080021c5   Thumb Code   170  lvq_stm32f4_gpio.o(i.LVQ_GPIO_Config)
    LVQ_GPIO_EnableClock                     0x08002275   Thumb Code   108  lvq_stm32f4_gpio.o(i.LVQ_GPIO_EnableClock)
    LVQ_GPIO_GetPortSource                   0x08002301   Thumb Code    14  lvq_stm32f4_gpio.o(i.LVQ_GPIO_GetPortSource)
    LVQ_GPIO_INT_EnableClock                 0x08002311   Thumb Code    28  lvq_stm32f4_gpio.o(i.LVQ_GPIO_INT_EnableClock)
    LVQ_GPIO_Init                            0x08002331   Thumb Code    48  lvq_stm32f4_gpio.o(i.LVQ_GPIO_Init)
    LVQ_GPIO_InitAlternate                   0x08002361   Thumb Code   110  lvq_stm32f4_gpio.o(i.LVQ_GPIO_InitAlternate)
    LVQ_GetSectorFromAddress                 0x080023d1   Thumb Code   176  lvq_stm32f4_flash.o(i.LVQ_GetSectorFromAddress)
    LVQ_I2C_Init                             0x080026f1   Thumb Code   148  lvq_stm32f4_i2c.o(i.LVQ_I2C_Init)
    LVQ_I2C_InitCustomPinsCallback           0x08002795   Thumb Code     2  lvq_stm32f4_i2c.o(i.LVQ_I2C_InitCustomPinsCallback)
    LVQ_I2C_Start                            0x08002799   Thumb Code   196  lvq_stm32f4_i2c.o(i.LVQ_I2C_Start)
    LVQ_I2C_Stop                             0x08002865   Thumb Code    64  lvq_stm32f4_i2c.o(i.LVQ_I2C_Stop)
    LVQ_I2C_Write                            0x080028a9   Thumb Code    50  lvq_stm32f4_i2c.o(i.LVQ_I2C_Write)
    LVQ_I2C_WriteData                        0x080028dd   Thumb Code    40  lvq_stm32f4_i2c.o(i.LVQ_I2C_WriteData)
    LVQ_I2C_WriteMulti                       0x08002909   Thumb Code    72  lvq_stm32f4_i2c.o(i.LVQ_I2C_WriteMulti)
    LVQ_MapVolume                            0x08002951   Thumb Code   532  lvq_stm32f4_uitx.o(i.LVQ_MapVolume)
    LVQ_NRF24_Check                          0x08002bbd   Thumb Code   104  lvq_stm32f4_nrf24.o(i.LVQ_NRF24_Check)
    LVQ_NRF24_ClearIRQFlags                  0x08002c2d   Thumb Code    66  lvq_stm32f4_nrf24.o(i.LVQ_NRF24_ClearIRQFlags)
    LVQ_NRF24_DisableAA                      0x08002c6f   Thumb Code   102  lvq_stm32f4_nrf24.o(i.LVQ_NRF24_DisableAA)
    LVQ_NRF24_FlushRX                        0x08002cd5   Thumb Code    38  lvq_stm32f4_nrf24.o(i.LVQ_NRF24_FlushRX)
    LVQ_NRF24_FlushTX                        0x08002cfb   Thumb Code    38  lvq_stm32f4_nrf24.o(i.LVQ_NRF24_FlushTX)
    LVQ_NRF24_GetStatus                      0x08002d83   Thumb Code    34  lvq_stm32f4_nrf24.o(i.LVQ_NRF24_GetStatus)
    LVQ_NRF24_GetStatus_RXFIFO               0x08002da5   Thumb Code    38  lvq_stm32f4_nrf24.o(i.LVQ_NRF24_GetStatus_RXFIFO)
    LVQ_NRF24_Init                           0x08002dcb   Thumb Code   570  lvq_stm32f4_nrf24.o(i.LVQ_NRF24_Init)
    LVQ_NRF24_PowerUpTx                      0x08003005   Thumb Code    88  lvq_stm32f4_nrf24.o(i.LVQ_NRF24_PowerUpTx)
    LVQ_NRF24_RXSearchChannel                0x080030af   Thumb Code   358  lvq_stm32f4_nrf24.o(i.LVQ_NRF24_RXSearchChannel)
    LVQ_NRF24_ReadPayload                    0x08003287   Thumb Code    44  lvq_stm32f4_nrf24.o(i.LVQ_NRF24_ReadPayload)
    LVQ_NRF24_SetAddress                     0x080033cd   Thumb Code   208  lvq_stm32f4_nrf24.o(i.LVQ_NRF24_SetAddress)
    LVQ_NRF24_SetAddressWidth                0x080034a1   Thumb Code    44  lvq_stm32f4_nrf24.o(i.LVQ_NRF24_SetAddressWidth)
    LVQ_NRF24_SetCRCScheme                   0x080034cd   Thumb Code    74  lvq_stm32f4_nrf24.o(i.LVQ_NRF24_SetCRCScheme)
    LVQ_NRF24_SetDataRate                    0x08003517   Thumb Code    70  lvq_stm32f4_nrf24.o(i.LVQ_NRF24_SetDataRate)
    LVQ_NRF24_SetOperationalMode             0x0800355d   Thumb Code    74  lvq_stm32f4_nrf24.o(i.LVQ_NRF24_SetOperationalMode)
    LVQ_NRF24_SetPowerMode                   0x080035a7   Thumb Code    78  lvq_stm32f4_nrf24.o(i.LVQ_NRF24_SetPowerMode)
    LVQ_NRF24_SetRFChannel                   0x080035f5   Thumb Code    40  lvq_stm32f4_nrf24.o(i.LVQ_NRF24_SetRFChannel)
    LVQ_NRF24_SetRXPipe                      0x0800361d   Thumb Code   172  lvq_stm32f4_nrf24.o(i.LVQ_NRF24_SetRXPipe)
    LVQ_NRF24_SetTXPower                     0x080036cd   Thumb Code    70  lvq_stm32f4_nrf24.o(i.LVQ_NRF24_SetTXPower)
    LVQ_NRF24_StartTXMode                    0x08003713   Thumb Code   352  lvq_stm32f4_nrf24.o(i.LVQ_NRF24_StartTXMode)
    LVQ_NRF24_TransmitPacket                 0x08003873   Thumb Code   208  lvq_stm32f4_nrf24.o(i.LVQ_NRF24_TransmitPacket)
    LVQ_NRF24_WritePayload                   0x080039b3   Thumb Code    44  lvq_stm32f4_nrf24.o(i.LVQ_NRF24_WritePayload)
    LVQ_PWM_InitTimer                        0x08003a85   Thumb Code   296  lvq_stm32f4_pwm.o(i.LVQ_PWM_InitTimer)
    LVQ_RTC_AlarmAHandler                    0x08003bcd   Thumb Code     2  lvq_stm32f4_rtc.o(i.LVQ_RTC_AlarmAHandler)
    LVQ_RTC_AlarmBHandler                    0x08003bcf   Thumb Code     2  lvq_stm32f4_rtc.o(i.LVQ_RTC_AlarmBHandler)
    LVQ_RTC_RequestHandler                   0x08003bd1   Thumb Code     2  lvq_stm32f4_rtc.o(i.LVQ_RTC_RequestHandler)
    LVQ_SPI1_INT_InitPins                    0x08003bd5   Thumb Code    64  lvq_stm32f4_spi.o(i.LVQ_SPI1_INT_InitPins)
    LVQ_SPI2_INT_InitPins                    0x08003c21   Thumb Code   112  lvq_stm32f4_spi.o(i.LVQ_SPI2_INT_InitPins)
    LVQ_SPI3_INT_InitPins                    0x08003ca1   Thumb Code    66  lvq_stm32f4_spi.o(i.LVQ_SPI3_INT_InitPins)
    LVQ_SPI4_INT_InitPins                    0x08003cf1   Thumb Code    66  lvq_stm32f4_spi.o(i.LVQ_SPI4_INT_InitPins)
    LVQ_SPI5_INT_InitPins                    0x08003d3d   Thumb Code    86  lvq_stm32f4_spi.o(i.LVQ_SPI5_INT_InitPins)
    LVQ_SPI6_INT_InitPins                    0x08003da1   Thumb Code    42  lvq_stm32f4_spi.o(i.LVQ_SPI6_INT_InitPins)
    LVQ_SPI_Init                             0x08003dd5   Thumb Code   176  lvq_stm32f4_spi.o(i.LVQ_SPI_Init)
    LVQ_SPI_InitCustomPinsCallback           0x08003e9d   Thumb Code    54  lvq_stm32f4_spi.o(i.LVQ_SPI_InitCustomPinsCallback)
    LVQ_SSD1306_Clear                        0x08004045   Thumb Code    14  lvq_stm32f4_ssd1306.o(i.LVQ_SSD1306_Clear)
    LVQ_SSD1306_DrawBitmap                   0x08004053   Thumb Code   124  lvq_stm32f4_ssd1306.o(i.LVQ_SSD1306_DrawBitmap)
    LVQ_SSD1306_DrawFilledRectangle          0x080040cf   Thumb Code    94  lvq_stm32f4_ssd1306.o(i.LVQ_SSD1306_DrawFilledRectangle)
    LVQ_SSD1306_DrawLine                     0x0800412d   Thumb Code   330  lvq_stm32f4_ssd1306.o(i.LVQ_SSD1306_DrawLine)
    LVQ_SSD1306_DrawPixel                    0x08004279   Thumb Code   152  lvq_stm32f4_ssd1306.o(i.LVQ_SSD1306_DrawPixel)
    LVQ_SSD1306_DrawRectangle                0x08004319   Thumb Code   136  lvq_stm32f4_ssd1306.o(i.LVQ_SSD1306_DrawRectangle)
    LVQ_SSD1306_Fill                         0x080043a1   Thumb Code    26  lvq_stm32f4_ssd1306.o(i.LVQ_SSD1306_Fill)
    LVQ_SSD1306_GotoXY                       0x080043c1   Thumb Code     8  lvq_stm32f4_ssd1306.o(i.LVQ_SSD1306_GotoXY)
    LVQ_SSD1306_Init                         0x080043cd   Thumb Code   396  lvq_stm32f4_ssd1306.o(i.LVQ_SSD1306_Init)
    LVQ_SSD1306_Putc                         0x08004565   Thumb Code   164  lvq_stm32f4_ssd1306.o(i.LVQ_SSD1306_Putc)
    LVQ_SSD1306_Puts                         0x0800460d   Thumb Code    42  lvq_stm32f4_ssd1306.o(i.LVQ_SSD1306_Puts)
    LVQ_SSD1306_UpdateScreen                 0x08004639   Thumb Code    78  lvq_stm32f4_ssd1306.o(i.LVQ_SSD1306_UpdateScreen)
    LVQ_TIMER_CreateDataForPWMFrequency      0x08004691   Thumb Code   202  lvq_stm32f4_pwm.o(i.LVQ_TIMER_CreateDataForPWMFrequency)
    LVQ_TIMER_EnableClock                    0x08004765   Thumb Code   294  lvq_stm32f4_pwm.o(i.LVQ_TIMER_EnableClock)
    LVQ_TIMER_GetTimerProperties             0x080048c5   Thumb Code   150  lvq_stm32f4_pwm.o(i.LVQ_TIMER_GetTimerProperties)
    LVQ_UITX_Battery                         0x08004991   Thumb Code   184  lvq_stm32f4_uitx.o(i.LVQ_UITX_Battery)
    LVQ_UITX_Display                         0x08004a85   Thumb Code   484  lvq_stm32f4_uitx.o(i.LVQ_UITX_Display)
    LVQ_UITX_EndPoint                        0x08004c81   Thumb Code  1598  lvq_stm32f4_uitx.o(i.LVQ_UITX_EndPoint)
    LVQ_UITX_Loading                         0x080052cd   Thumb Code    78  lvq_stm32f4_uitx.o(i.LVQ_UITX_Loading)
    LVQ_UITX_ReadData                        0x08005321   Thumb Code    26  lvq_stm32f4_uitx.o(i.LVQ_UITX_ReadData)
    LVQ_UITX_Reverse                         0x0800533d   Thumb Code   636  lvq_stm32f4_uitx.o(i.LVQ_UITX_Reverse)
    LVQ_UITX_SaveData                        0x080055e1   Thumb Code    30  lvq_stm32f4_uitx.o(i.LVQ_UITX_SaveData)
    LVQ_UITX_Volume                          0x08005601   Thumb Code   326  lvq_stm32f4_uitx.o(i.LVQ_UITX_Volume)
    LVQ_USART_INT_InsertToBuffer             0x080057b1   Thumb Code    40  lvq_stm32f4_usart.o(i.LVQ_USART_INT_InsertToBuffer)
    MemManage_Handler                        0x080057d9   Thumb Code     4  stm32f4xx_it.o(i.MemManage_Handler)
    NMI_Handler                              0x080057dd   Thumb Code     2  stm32f4xx_it.o(i.NMI_Handler)
    NVIC_Init                                0x080057e1   Thumb Code   106  misc.o(i.NVIC_Init)
    PackDataSend                             0x08005881   Thumb Code   476  main.o(i.PackDataSend)
    PendSV_Handler                           0x08005a79   Thumb Code     2  stm32f4xx_it.o(i.PendSV_Handler)
    RCC_GetClocksFreq                        0x08005a7d   Thumb Code   214  stm32f4xx_rcc.o(i.RCC_GetClocksFreq)
    RTC_Alarm_IRQHandler                     0x08005b65   Thumb Code    56  lvq_stm32f4_rtc.o(i.RTC_Alarm_IRQHandler)
    RTC_ClearITPendingBit                    0x08005ba1   Thumb Code    28  stm32f4xx_rtc.o(i.RTC_ClearITPendingBit)
    RTC_GetITStatus                          0x08005bc1   Thumb Code    64  stm32f4xx_rtc.o(i.RTC_GetITStatus)
    RTC_WKUP_IRQHandler                      0x08005c05   Thumb Code    34  lvq_stm32f4_rtc.o(i.RTC_WKUP_IRQHandler)
    SPI_StructInit                           0x08005c2d   Thumb Code    24  stm32f4xx_spi.o(i.SPI_StructInit)
    SVC_Handler                              0x08005c45   Thumb Code     2  stm32f4xx_it.o(i.SVC_Handler)
    SetFrequencyLoopSend                     0x08005c49   Thumb Code   104  main.o(i.SetFrequencyLoopSend)
    SysTick_Handler                          0x08005d9d   Thumb Code    44  lvq_stm32f4_delay.o(i.SysTick_Handler)
    SystemInit                               0x08005dd1   Thumb Code    88  system_stm32f4xx.o(i.SystemInit)
    TIM2_IRQHandler                          0x08005e39   Thumb Code    28  main.o(i.TIM2_IRQHandler)
    TIM_ClearFlag                            0x08005e59   Thumb Code     6  stm32f4xx_tim.o(i.TIM_ClearFlag)
    TIM_Cmd                                  0x08005e5f   Thumb Code    24  stm32f4xx_tim.o(i.TIM_Cmd)
    TIM_ITConfig                             0x08005e77   Thumb Code    18  stm32f4xx_tim.o(i.TIM_ITConfig)
    TimingDelay_Increasement                 0x08005e89   Thumb Code   162  lvq_stm32f4_delay.o(i.TimingDelay_Increasement)
    USART1_IRQHandler                        0x08005f39   Thumb Code    26  lvq_stm32f4_usart.o(i.USART1_IRQHandler)
    USART2_IRQHandler                        0x08005f5d   Thumb Code    28  lvq_stm32f4_usart.o(i.USART2_IRQHandler)
    USART6_IRQHandler                        0x08005f81   Thumb Code    28  lvq_stm32f4_usart.o(i.USART6_IRQHandler)
    UsageFault_Handler                       0x08005fa5   Thumb Code     4  stm32f4xx_it.o(i.UsageFault_Handler)
    __ARM_fpclassify                         0x08005fa9   Thumb Code    48  fpclassify.o(i.__ARM_fpclassify)
    _is_digit                                0x08005fd9   Thumb Code    14  __printf_wp.o(i._is_digit)
    _sys_exit                                0x08005fe7   Thumb Code     4  lvq_stm32f4_usart.o(i._sys_exit)
    main                                     0x08005fed   Thumb Code   338  main.o(i.main)
    map                                      0x0800616d   Thumb Code    52  lvq_stm32f4_nrf24.o(i.map)
    _get_lc_numeric                          0x080061a1   Thumb Code    44  lc_numeric_c.o(locale$$code)
    __aeabi_d2f                              0x080061cd   Thumb Code     0  d2f.o(x$fpl$d2f)
    _d2f                                     0x080061cd   Thumb Code    98  d2f.o(x$fpl$d2f)
    __fpl_dcmp_Inf                           0x0800622f   Thumb Code    24  dcmpi.o(x$fpl$dcmpinf)
    __aeabi_ddiv                             0x08006249   Thumb Code     0  ddiv.o(x$fpl$ddiv)
    _ddiv                                    0x08006249   Thumb Code   552  ddiv.o(x$fpl$ddiv)
    __aeabi_cdcmpeq                          0x080064f9   Thumb Code     0  deqf.o(x$fpl$deqf)
    _dcmpeq                                  0x080064f9   Thumb Code   120  deqf.o(x$fpl$deqf)
    __aeabi_d2uiz                            0x08006571   Thumb Code     0  dfixu.o(x$fpl$dfixu)
    _dfixu                                   0x08006571   Thumb Code    90  dfixu.o(x$fpl$dfixu)
    __aeabi_ui2d                             0x080065cb   Thumb Code     0  dflt_clz.o(x$fpl$dfltu)
    _dfltu                                   0x080065cb   Thumb Code    38  dflt_clz.o(x$fpl$dfltu)
    __aeabi_cdcmple                          0x080065f1   Thumb Code     0  dleqf.o(x$fpl$dleqf)
    _dcmple                                  0x080065f1   Thumb Code   120  dleqf.o(x$fpl$dleqf)
    __fpl_dcmple_InfNaN                      0x08006653   Thumb Code     0  dleqf.o(x$fpl$dleqf)
    __aeabi_dmul                             0x08006669   Thumb Code     0  dmul.o(x$fpl$dmul)
    _dmul                                    0x08006669   Thumb Code   332  dmul.o(x$fpl$dmul)
    __fpl_dnaninf                            0x080067bd   Thumb Code   156  dnaninf.o(x$fpl$dnaninf)
    __fpl_dretinf                            0x08006859   Thumb Code    12  dretinf.o(x$fpl$dretinf)
    __aeabi_f2d                              0x08006865   Thumb Code     0  f2d.o(x$fpl$f2d)
    _f2d                                     0x08006865   Thumb Code    86  f2d.o(x$fpl$f2d)
    __fpl_fnaninf                            0x080068bb   Thumb Code   140  fnaninf.o(x$fpl$fnaninf)
    _fp_init                                 0x08006947   Thumb Code    10  fpinit.o(x$fpl$fpinit)
    __fplib_config_fpu_vfp                   0x0800694f   Thumb Code     0  fpinit.o(x$fpl$fpinit)
    __fplib_config_pureend_doubles           0x0800694f   Thumb Code     0  fpinit.o(x$fpl$fpinit)
    __fpl_fretinf                            0x08006951   Thumb Code    10  fretinf.o(x$fpl$fretinf)
    _printf_fp_dec                           0x0800695b   Thumb Code     4  printf1.o(x$fpl$printf1)
    __I$use$fp                               0x0800695e   Number         0  usenofp.o(x$fpl$usenofp)
    Font7x10                                 0x08006972   Data        1900  lvq_stm32f4_fonts.o(.constdata)
    Font11x18                                0x080070de   Data        3420  lvq_stm32f4_fonts.o(.constdata)
    Font16x26                                0x08007e3a   Data        4940  lvq_stm32f4_fonts.o(.constdata)
    upir_logo                                0x080091a1   Data           8  lvq_stm32f4_uitx.o(.constdata)
    bitmap_qr_3dcube                         0x080091a9   Data        1024  lvq_stm32f4_uitx.o(.constdata)
    bitmap_qr_battery                        0x080095a9   Data        1024  lvq_stm32f4_uitx.o(.constdata)
    bitmap_qr_fireworks                      0x080099a9   Data        1024  lvq_stm32f4_uitx.o(.constdata)
    bitmap_qr_gauges                         0x08009da9   Data        1024  lvq_stm32f4_uitx.o(.constdata)
    bitmap_qr_gps_speed                      0x0800a1a9   Data        1024  lvq_stm32f4_uitx.o(.constdata)
    bitmap_qr_knob_over_oled                 0x0800a5a9   Data        1024  lvq_stm32f4_uitx.o(.constdata)
    bitmap_qr_parksensor                     0x0800a9a9   Data        1024  lvq_stm32f4_uitx.o(.constdata)
    bitmap_qr_turbo                          0x0800ada9   Data        1024  lvq_stm32f4_uitx.o(.constdata)
    bitmap_screenshot_3dcube                 0x0800b1a9   Data        1024  lvq_stm32f4_uitx.o(.constdata)
    bitmap_screenshot_battery                0x0800b5a9   Data        1024  lvq_stm32f4_uitx.o(.constdata)
    bitmap_screenshot_fireworks              0x0800b9a9   Data        1024  lvq_stm32f4_uitx.o(.constdata)
    bitmap_screenshot_gauges                 0x0800bda9   Data        1024  lvq_stm32f4_uitx.o(.constdata)
    bitmap_screenshot_gps_speed              0x0800c1a9   Data        1024  lvq_stm32f4_uitx.o(.constdata)
    bitmap_screenshot_knob_over_oled         0x0800c5a9   Data        1024  lvq_stm32f4_uitx.o(.constdata)
    bitmap_screenshot_parksensor             0x0800c9a9   Data        1024  lvq_stm32f4_uitx.o(.constdata)
    bitmap_screenshot_turbo                  0x0800cda9   Data        1024  lvq_stm32f4_uitx.o(.constdata)
    LVQ_UITX_Scrollbar_Background            0x0800d1a9   Data          64  lvq_stm32f4_uitx.o(.constdata)
    LVQ_UITX_Arrow_Horizontial               0x0800d1e9   Data          26  lvq_stm32f4_uitx.o(.constdata)
    LVQ_UITX_Arrow_Verticial                 0x0800d203   Data          18  lvq_stm32f4_uitx.o(.constdata)
    LVQ_UITX_Arrow_Small                     0x0800d215   Data           9  lvq_stm32f4_uitx.o(.constdata)
    LVQ_UITX_RE_1                            0x0800d21e   Data          32  lvq_stm32f4_uitx.o(.constdata)
    LVQ_UITX_RE_2                            0x0800d23e   Data          32  lvq_stm32f4_uitx.o(.constdata)
    LVQ_UITX_Outline                         0x0800d25e   Data         336  lvq_stm32f4_uitx.o(.constdata)
    LVQ_UITX_HomeScreen                      0x0800d3ae   Data        1024  lvq_stm32f4_uitx.o(.constdata)
    LVQ_UITX_ICON_3DCUBE                     0x0800d7ae   Data          32  lvq_stm32f4_uitx.o(.constdata)
    bitmap_icon_battery                      0x0800d7ce   Data          32  lvq_stm32f4_uitx.o(.constdata)
    LVQ_UITX_ICON_DASHBOARD                  0x0800d7ee   Data          32  lvq_stm32f4_uitx.o(.constdata)
    LVQ_UITX_ICON_FIREWORKS                  0x0800d80e   Data          32  lvq_stm32f4_uitx.o(.constdata)
    LVQ_UITX_ICON_GPS                        0x0800d82e   Data          32  lvq_stm32f4_uitx.o(.constdata)
    LVQ_UITX_ICON_KNOB_OVER_OLED             0x0800d84e   Data          32  lvq_stm32f4_uitx.o(.constdata)
    LVQ_UITX_ICON_PARKSENSOR                 0x0800d86e   Data          32  lvq_stm32f4_uitx.o(.constdata)
    LVQ_UITX_ICON_TURBO                      0x0800d88e   Data          32  lvq_stm32f4_uitx.o(.constdata)
    LVQ_UITX_ICON_BATTERY                    0x0800d8ae   Data          32  lvq_stm32f4_uitx.o(.constdata)
    LVQ_UITX_ICON_SETTING                    0x0800d8ce   Data          32  lvq_stm32f4_uitx.o(.constdata)
    LVQ_UITX_ICON_REVERSE                    0x0800d8ee   Data          32  lvq_stm32f4_uitx.o(.constdata)
    LVQ_UITX_ICON_SLIDER                     0x0800d90e   Data         130  lvq_stm32f4_uitx.o(.constdata)
    LVQ_UITX_ICON_VOLUME                     0x0800d990   Data          32  lvq_stm32f4_uitx.o(.constdata)
    LVQ_UITX_ICON_ENDPOINT                   0x0800d9b0   Data          32  lvq_stm32f4_uitx.o(.constdata)
    Region$$Table$$Base                      0x0800da74   Number         0  anon$$obj.o(Region$$Table)
    Region$$Table$$Limit                     0x0800da94   Number         0  anon$$obj.o(Region$$Table)
    uitx_volminmax                           0x20000000   Data          42  main.o(.data)
    dataConfig                               0x2000002c   Data          24  main.o(.data)
    dataTrim                                 0x20000044   Data          24  main.o(.data)
    dataChannel                              0x2000005c   Data          24  main.o(.data)
    nrf24                                    0x20000074   Data          40  main.o(.data)
    tx_res                                   0x2000009c   Data           1  main.o(.data)
    payload_length                           0x2000009d   Data           1  main.o(.data)
    value                                    0x2000009e   Data           1  main.o(.data)
    SystemCoreClock                          0x200000a0   Data           4  system_stm32f4xx.o(.data)
    AHBPrescTable                            0x200000a4   Data          16  system_stm32f4xx.o(.data)
    LVQ_USART1_Callback                      0x200000c4   Data           4  lvq_stm32f4_usart.o(.data)
    __stdout                                 0x200000c8   Data           4  lvq_stm32f4_usart.o(.data)
    __stdin                                  0x200000cc   Data           4  lvq_stm32f4_usart.o(.data)
    LVQ_USART1                               0x200000d0   Data          16  lvq_stm32f4_usart.o(.data)
    LVQ_USART2                               0x200000e0   Data          16  lvq_stm32f4_usart.o(.data)
    LVQ_USART6                               0x200000f0   Data          16  lvq_stm32f4_usart.o(.data)
    LVQ_EXTI_Handler_CallBack                0x20000110   Data           4  lvq_stm32f4_exti.o(.data)
    LVQ_Time                                 0x2000011c   Data           4  lvq_stm32f4_delay.o(.data)
    LVQ_Time2                                0x20000120   Data           4  lvq_stm32f4_delay.o(.data)
    LVQ_DELAY_Initialized                    0x20000124   Data           1  lvq_stm32f4_delay.o(.data)
    Font_7x10                                0x2000012c   Data           8  lvq_stm32f4_fonts.o(.data)
    Font_11x18                               0x20000134   Data           8  lvq_stm32f4_fonts.o(.data)
    Font_16x26                               0x2000013c   Data           8  lvq_stm32f4_fonts.o(.data)
    bitmap_qr_codes                          0x20000144   Data          32  lvq_stm32f4_uitx.o(.data)
    bitmap_screenshots                       0x20000164   Data          32  lvq_stm32f4_uitx.o(.data)
    LVQ_UITX_MENUS                           0x20000184   Data          40  lvq_stm32f4_uitx.o(.data)
    LVQ_UITX_MENU_ITEMS                      0x200001ac   Data         200  lvq_stm32f4_uitx.o(.data)
    UITX_REData                              0x20000274   Data          64  main.o(.bss)
    AdcValues                                0x200002b4   Data          16  main.o(.bss)
    LVQ_NRF24_payload                        0x200002c4   Data          32  main.o(.bss)
    TX_PayLoad                               0x200002e4   Data          32  main.o(.bss)
    ADC_AVR                                  0x20000304   Data          24  main.o(.bss)
    TIM2_Data                                0x2000031c   Data          40  main.o(.bss)
    LVQ_USART1_Buffer                        0x2000035a   Data          64  lvq_stm32f4_usart.o(.bss)
    LVQ_USART2_Buffer                        0x2000039a   Data          64  lvq_stm32f4_usart.o(.bss)
    LVQ_USART6_Buffer                        0x200003da   Data          64  lvq_stm32f4_usart.o(.bss)
    __libspace_start                         0x20000834   Data          96  libspace.o(.bss)
    __temporary_stack_top$libspace           0x20000894   Data           0  libspace.o(.bss)



==============================================================================

Memory Map of the image

  Image Entry point : 0x08000195

  Load Region LR_IROM1 (Base: 0x08000000, Size: 0x0000dd24, Max: 0x00040000, ABSOLUTE, COMPRESSED[0x0000dc04])

    Execution Region ER_IROM1 (Exec base: 0x08000000, Load base: 0x08000000, Size: 0x0000dab0, Max: 0x00040000, ABSOLUTE)

    Exec Addr    Load Addr    Size         Type   Attr      Idx    E Section Name        Object

    0x08000000   0x08000000   0x00000194   Data   RO            3    RESET               startup_stm32f401xx.o
    0x08000194   0x08000194   0x00000008   Code   RO         6334  * !!!main             c_w.l(__main.o)
    0x0800019c   0x0800019c   0x00000034   Code   RO         6777    !!!scatter          c_w.l(__scatter.o)
    0x080001d0   0x080001d0   0x0000005a   Code   RO         6775    !!dczerorl2         c_w.l(__dczerorl2.o)
    0x0800022a   0x0800022a   0x00000002   PAD
    0x0800022c   0x0800022c   0x0000001c   Code   RO         6779    !!handler_zi        c_w.l(__scatter_zi.o)
    0x08000248   0x08000248   0x00000000   Code   RO         6318    .ARM.Collect$$_printf_percent$$00000000  c_w.l(_printf_percent.o)
    0x08000248   0x08000248   0x00000006   Code   RO         6317    .ARM.Collect$$_printf_percent$$00000003  c_w.l(_printf_f.o)
    0x0800024e   0x0800024e   0x00000006   Code   RO         6316    .ARM.Collect$$_printf_percent$$00000009  c_w.l(_printf_d.o)
    0x08000254   0x08000254   0x00000004   Code   RO         6484    .ARM.Collect$$_printf_percent$$00000017  c_w.l(_printf_percent_end.o)
    0x08000258   0x08000258   0x00000002   Code   RO         6714    .ARM.Collect$$libinit$$00000000  c_w.l(libinit.o)
    0x0800025a   0x0800025a   0x00000004   Code   RO         6491    .ARM.Collect$$libinit$$00000001  c_w.l(libinit2.o)
    0x0800025e   0x0800025e   0x00000000   Code   RO         6494    .ARM.Collect$$libinit$$00000004  c_w.l(libinit2.o)
    0x0800025e   0x0800025e   0x00000000   Code   RO         6497    .ARM.Collect$$libinit$$0000000A  c_w.l(libinit2.o)
    0x0800025e   0x0800025e   0x00000000   Code   RO         6499    .ARM.Collect$$libinit$$0000000C  c_w.l(libinit2.o)
    0x0800025e   0x0800025e   0x00000000   Code   RO         6501    .ARM.Collect$$libinit$$0000000E  c_w.l(libinit2.o)
    0x0800025e   0x0800025e   0x00000006   Code   RO         6502    .ARM.Collect$$libinit$$0000000F  c_w.l(libinit2.o)
    0x08000264   0x08000264   0x00000000   Code   RO         6504    .ARM.Collect$$libinit$$00000011  c_w.l(libinit2.o)
    0x08000264   0x08000264   0x00000000   Code   RO         6506    .ARM.Collect$$libinit$$00000013  c_w.l(libinit2.o)
    0x08000264   0x08000264   0x00000000   Code   RO         6508    .ARM.Collect$$libinit$$00000015  c_w.l(libinit2.o)
    0x08000264   0x08000264   0x0000000a   Code   RO         6509    .ARM.Collect$$libinit$$00000016  c_w.l(libinit2.o)
    0x0800026e   0x0800026e   0x00000000   Code   RO         6510    .ARM.Collect$$libinit$$00000017  c_w.l(libinit2.o)
    0x0800026e   0x0800026e   0x00000000   Code   RO         6512    .ARM.Collect$$libinit$$00000019  c_w.l(libinit2.o)
    0x0800026e   0x0800026e   0x00000000   Code   RO         6514    .ARM.Collect$$libinit$$0000001B  c_w.l(libinit2.o)
    0x0800026e   0x0800026e   0x00000000   Code   RO         6516    .ARM.Collect$$libinit$$0000001D  c_w.l(libinit2.o)
    0x0800026e   0x0800026e   0x00000000   Code   RO         6518    .ARM.Collect$$libinit$$0000001F  c_w.l(libinit2.o)
    0x0800026e   0x0800026e   0x00000000   Code   RO         6520    .ARM.Collect$$libinit$$00000021  c_w.l(libinit2.o)
    0x0800026e   0x0800026e   0x00000000   Code   RO         6522    .ARM.Collect$$libinit$$00000023  c_w.l(libinit2.o)
    0x0800026e   0x0800026e   0x00000000   Code   RO         6524    .ARM.Collect$$libinit$$00000025  c_w.l(libinit2.o)
    0x0800026e   0x0800026e   0x00000000   Code   RO         6528    .ARM.Collect$$libinit$$0000002C  c_w.l(libinit2.o)
    0x0800026e   0x0800026e   0x00000000   Code   RO         6530    .ARM.Collect$$libinit$$0000002E  c_w.l(libinit2.o)
    0x0800026e   0x0800026e   0x00000000   Code   RO         6532    .ARM.Collect$$libinit$$00000030  c_w.l(libinit2.o)
    0x0800026e   0x0800026e   0x00000000   Code   RO         6534    .ARM.Collect$$libinit$$00000032  c_w.l(libinit2.o)
    0x0800026e   0x0800026e   0x00000002   Code   RO         6535    .ARM.Collect$$libinit$$00000033  c_w.l(libinit2.o)
    0x08000270   0x08000270   0x00000002   Code   RO         6772    .ARM.Collect$$libshutdown$$00000000  c_w.l(libshutdown.o)
    0x08000272   0x08000272   0x00000000   Code   RO         6728    .ARM.Collect$$libshutdown$$00000002  c_w.l(libshutdown2.o)
    0x08000272   0x08000272   0x00000000   Code   RO         6730    .ARM.Collect$$libshutdown$$00000004  c_w.l(libshutdown2.o)
    0x08000272   0x08000272   0x00000000   Code   RO         6733    .ARM.Collect$$libshutdown$$00000007  c_w.l(libshutdown2.o)
    0x08000272   0x08000272   0x00000000   Code   RO         6736    .ARM.Collect$$libshutdown$$0000000A  c_w.l(libshutdown2.o)
    0x08000272   0x08000272   0x00000000   Code   RO         6738    .ARM.Collect$$libshutdown$$0000000C  c_w.l(libshutdown2.o)
    0x08000272   0x08000272   0x00000000   Code   RO         6741    .ARM.Collect$$libshutdown$$0000000F  c_w.l(libshutdown2.o)
    0x08000272   0x08000272   0x00000002   Code   RO         6742    .ARM.Collect$$libshutdown$$00000010  c_w.l(libshutdown2.o)
    0x08000274   0x08000274   0x00000000   Code   RO         6446    .ARM.Collect$$rtentry$$00000000  c_w.l(__rtentry.o)
    0x08000274   0x08000274   0x00000000   Code   RO         6600    .ARM.Collect$$rtentry$$00000002  c_w.l(__rtentry2.o)
    0x08000274   0x08000274   0x00000006   Code   RO         6612    .ARM.Collect$$rtentry$$00000004  c_w.l(__rtentry4.o)
    0x0800027a   0x0800027a   0x00000000   Code   RO         6602    .ARM.Collect$$rtentry$$00000009  c_w.l(__rtentry2.o)
    0x0800027a   0x0800027a   0x00000004   Code   RO         6603    .ARM.Collect$$rtentry$$0000000A  c_w.l(__rtentry2.o)
    0x0800027e   0x0800027e   0x00000000   Code   RO         6605    .ARM.Collect$$rtentry$$0000000C  c_w.l(__rtentry2.o)
    0x0800027e   0x0800027e   0x00000008   Code   RO         6606    .ARM.Collect$$rtentry$$0000000D  c_w.l(__rtentry2.o)
    0x08000286   0x08000286   0x00000002   Code   RO         6717    .ARM.Collect$$rtexit$$00000000  c_w.l(rtexit.o)
    0x08000288   0x08000288   0x00000000   Code   RO         6746    .ARM.Collect$$rtexit$$00000002  c_w.l(rtexit2.o)
    0x08000288   0x08000288   0x00000004   Code   RO         6747    .ARM.Collect$$rtexit$$00000003  c_w.l(rtexit2.o)
    0x0800028c   0x0800028c   0x00000006   Code   RO         6748    .ARM.Collect$$rtexit$$00000004  c_w.l(rtexit2.o)
    0x08000292   0x08000292   0x00000002   PAD
    0x08000294   0x08000294   0x00000040   Code   RO            4    .text               startup_stm32f401xx.o
    0x080002d4   0x080002d4   0x00000028   Code   RO         6288    .text               c_w.l(noretval__2sprintf.o)
    0x080002fc   0x080002fc   0x0000004e   Code   RO         6292    .text               c_w.l(_printf_pad.o)
    0x0800034a   0x0800034a   0x00000002   PAD
    0x0800034c   0x0800034c   0x00000078   Code   RO         6294    .text               c_w.l(_printf_dec.o)
    0x080003c4   0x080003c4   0x0000010e   Code   RO         6304    .text               c_w.l(__printf_wp.o)
    0x080004d2   0x080004d2   0x0000008a   Code   RO         6323    .text               c_w.l(rt_memcpy_v6.o)
    0x0800055c   0x0800055c   0x00000064   Code   RO         6325    .text               c_w.l(rt_memcpy_w.o)
    0x080005c0   0x080005c0   0x00000010   Code   RO         6327    .text               c_w.l(aeabi_memset.o)
    0x080005d0   0x080005d0   0x00000006   Code   RO         6332    .text               c_w.l(heapauxi.o)
    0x080005d6   0x080005d6   0x000000b2   Code   RO         6474    .text               c_w.l(_printf_intcommon.o)
    0x08000688   0x08000688   0x0000041e   Code   RO         6476    .text               c_w.l(_printf_fp_dec.o)
    0x08000aa6   0x08000aa6   0x00000002   PAD
    0x08000aa8   0x08000aa8   0x00000030   Code   RO         6478    .text               c_w.l(_printf_char_common.o)
    0x08000ad8   0x08000ad8   0x0000000a   Code   RO         6480    .text               c_w.l(_sputc.o)
    0x08000ae2   0x08000ae2   0x00000044   Code   RO         6485    .text               c_w.l(rt_memclr.o)
    0x08000b26   0x08000b26   0x00000002   PAD
    0x08000b28   0x08000b28   0x00000008   Code   RO         6596    .text               c_w.l(libspace.o)
    0x08000b30   0x08000b30   0x00000008   Code   RO         6617    .text               c_w.l(rt_locale_intlibspace.o)
    0x08000b38   0x08000b38   0x0000008a   Code   RO         6632    .text               c_w.l(lludiv10.o)
    0x08000bc2   0x08000bc2   0x00000002   PAD
    0x08000bc4   0x08000bc4   0x00000080   Code   RO         6634    .text               c_w.l(_printf_fp_infnan.o)
    0x08000c44   0x08000c44   0x000000e4   Code   RO         6638    .text               c_w.l(bigflt0.o)
    0x08000d28   0x08000d28   0x0000004e   Code   RO         6670    .text               c_w.l(rt_memclr_w.o)
    0x08000d76   0x08000d76   0x0000004a   Code   RO         6691    .text               c_w.l(sys_stackheap_outer.o)
    0x08000dc0   0x08000dc0   0x00000012   Code   RO         6697    .text               c_w.l(exit.o)
    0x08000dd2   0x08000dd2   0x00000002   PAD
    0x08000dd4   0x08000dd4   0x00000080   Code   RO         6703    .text               c_w.l(strcmpv7m.o)
    0x08000e54   0x08000e54   0x0000003e   Code   RO         6641    CL$$btod_d2e        c_w.l(btod.o)
    0x08000e92   0x08000e92   0x00000046   Code   RO         6643    CL$$btod_d2e_denorm_low  c_w.l(btod.o)
    0x08000ed8   0x08000ed8   0x00000060   Code   RO         6642    CL$$btod_d2e_norm_op1  c_w.l(btod.o)
    0x08000f38   0x08000f38   0x00000338   Code   RO         6651    CL$$btod_div_common  c_w.l(btod.o)
    0x08001270   0x08001270   0x000000dc   Code   RO         6648    CL$$btod_e2e        c_w.l(btod.o)
    0x0800134c   0x0800134c   0x0000002a   Code   RO         6645    CL$$btod_ediv       c_w.l(btod.o)
    0x08001376   0x08001376   0x0000002a   Code   RO         6644    CL$$btod_emul       c_w.l(btod.o)
    0x080013a0   0x080013a0   0x00000244   Code   RO         6650    CL$$btod_mult_common  c_w.l(btod.o)
    0x080015e4   0x080015e4   0x000000b8   Code   RO         1267    i.ADC_RegularChannelConfig  stm32f4xx_adc.o
    0x0800169c   0x0800169c   0x00000004   Code   RO          274    i.BusFault_Handler  stm32f4xx_it.o
    0x080016a0   0x080016a0   0x0000003c   Code   RO           13    i.Buzzer            main.o
    0x080016dc   0x080016dc   0x0000009c   Code   RO           14    i.CheckHome         main.o
    0x08001778   0x08001778   0x00000034   Code   RO         6003    i.ConvertPercent    lvq_stm32f4_uitx.o
    0x080017ac   0x080017ac   0x00000010   Code   RO         4827    i.DMA1_Stream0_IRQHandler  lvq_stm32f4_dma.o
    0x080017bc   0x080017bc   0x00000010   Code   RO         4828    i.DMA1_Stream1_IRQHandler  lvq_stm32f4_dma.o
    0x080017cc   0x080017cc   0x00000010   Code   RO         4829    i.DMA1_Stream2_IRQHandler  lvq_stm32f4_dma.o
    0x080017dc   0x080017dc   0x00000010   Code   RO         4830    i.DMA1_Stream3_IRQHandler  lvq_stm32f4_dma.o
    0x080017ec   0x080017ec   0x00000010   Code   RO         4831    i.DMA1_Stream4_IRQHandler  lvq_stm32f4_dma.o
    0x080017fc   0x080017fc   0x00000010   Code   RO         4832    i.DMA1_Stream5_IRQHandler  lvq_stm32f4_dma.o
    0x0800180c   0x0800180c   0x00000010   Code   RO         4833    i.DMA1_Stream6_IRQHandler  lvq_stm32f4_dma.o
    0x0800181c   0x0800181c   0x00000010   Code   RO         4834    i.DMA1_Stream7_IRQHandler  lvq_stm32f4_dma.o
    0x0800182c   0x0800182c   0x00000010   Code   RO         4835    i.DMA2_Stream0_IRQHandler  lvq_stm32f4_dma.o
    0x0800183c   0x0800183c   0x00000010   Code   RO         4836    i.DMA2_Stream1_IRQHandler  lvq_stm32f4_dma.o
    0x0800184c   0x0800184c   0x00000010   Code   RO         4837    i.DMA2_Stream2_IRQHandler  lvq_stm32f4_dma.o
    0x0800185c   0x0800185c   0x00000010   Code   RO         4838    i.DMA2_Stream3_IRQHandler  lvq_stm32f4_dma.o
    0x0800186c   0x0800186c   0x00000010   Code   RO         4839    i.DMA2_Stream4_IRQHandler  lvq_stm32f4_dma.o
    0x0800187c   0x0800187c   0x00000010   Code   RO         4840    i.DMA2_Stream5_IRQHandler  lvq_stm32f4_dma.o
    0x0800188c   0x0800188c   0x00000010   Code   RO         4841    i.DMA2_Stream6_IRQHandler  lvq_stm32f4_dma.o
    0x0800189c   0x0800189c   0x00000010   Code   RO         4842    i.DMA2_Stream7_IRQHandler  lvq_stm32f4_dma.o
    0x080018ac   0x080018ac   0x00000002   Code   RO          275    i.DebugMon_Handler  stm32f4xx_it.o
    0x080018ae   0x080018ae   0x00000002   PAD
    0x080018b0   0x080018b0   0x0000005c   Code   RO         4676    i.Delay_Init        lvq_stm32f4_delay.o
    0x0800190c   0x0800190c   0x00000012   Code   RO         4677    i.Delay_ms_systick  lvq_stm32f4_delay.o
    0x0800191e   0x0800191e   0x00000016   Code   RO         4678    i.Delay_us_systick  lvq_stm32f4_delay.o
    0x08001934   0x08001934   0x00000024   Code   RO         4233    i.EXTI0_IRQHandler  lvq_stm32f4_exti.o
    0x08001958   0x08001958   0x0000009c   Code   RO         4234    i.EXTI15_10_IRQHandler  lvq_stm32f4_exti.o
    0x080019f4   0x080019f4   0x00000024   Code   RO         4235    i.EXTI1_IRQHandler  lvq_stm32f4_exti.o
    0x08001a18   0x08001a18   0x00000024   Code   RO         4236    i.EXTI2_IRQHandler  lvq_stm32f4_exti.o
    0x08001a3c   0x08001a3c   0x00000024   Code   RO         4237    i.EXTI3_IRQHandler  lvq_stm32f4_exti.o
    0x08001a60   0x08001a60   0x00000024   Code   RO         4238    i.EXTI4_IRQHandler  lvq_stm32f4_exti.o
    0x08001a84   0x08001a84   0x00000080   Code   RO         4239    i.EXTI9_5_IRQHandler  lvq_stm32f4_exti.o
    0x08001b04   0x08001b04   0x00000004   Code   RO          276    i.HardFault_Handler  stm32f4xx_it.o
    0x08001b08   0x08001b08   0x0000003e   Code   RO         1612    i.I2C_CheckEvent    stm32f4xx_i2c.o
    0x08001b46   0x08001b46   0x0000004c   Code   RO         6095    i.LVQ_74HC165_Init  lvq_stm32f4_74hc165.o
    0x08001b92   0x08001b92   0x00000076   Code   RO         6096    i.LVQ_74HC165_Read  lvq_stm32f4_74hc165.o
    0x08001c08   0x08001c08   0x00000036   Code   RO         5970    i.LVQ_ADC_DMA_ConfigChannel  lvq_stm32f4_adc_dma.o
    0x08001c3e   0x08001c3e   0x00000002   PAD
    0x08001c40   0x08001c40   0x00000198   Code   RO         5971    i.LVQ_ADC_DMA_Init  lvq_stm32f4_adc_dma.o
    0x08001dd8   0x08001dd8   0x0000001c   Code   RO         3593    i.LVQ_ADC_INT_InitPin  lvq_stm32f4_adc.o
    0x08001df4   0x08001df4   0x000000dc   Code   RO         6004    i.LVQ_Caculator_Volume  lvq_stm32f4_uitx.o
    0x08001ed0   0x08001ed0   0x00000002   Code   RO         4679    i.LVQ_DELAY_1msHandler  lvq_stm32f4_delay.o
    0x08001ed2   0x08001ed2   0x00000002   PAD
    0x08001ed4   0x08001ed4   0x0000004c   Code   RO         4843    i.LVQ_DMA_ClearFlag  lvq_stm32f4_dma.o
    0x08001f20   0x08001f20   0x00000002   Code   RO         4845    i.LVQ_DMA_DirectModeErrorHandler  lvq_stm32f4_dma.o
    0x08001f22   0x08001f22   0x00000002   Code   RO         4848    i.LVQ_DMA_FIFOErrorHandler  lvq_stm32f4_dma.o
    0x08001f24   0x08001f24   0x00000054   Code   RO         4849    i.LVQ_DMA_GetFlags  lvq_stm32f4_dma.o
    0x08001f78   0x08001f78   0x00000002   Code   RO         4850    i.LVQ_DMA_HalfTransferCompleteHandler  lvq_stm32f4_dma.o
    0x08001f7a   0x08001f7a   0x0000007c   Code   RO         4851    i.LVQ_DMA_INT_ProcessInterrupt  lvq_stm32f4_dma.o
    0x08001ff6   0x08001ff6   0x00000002   Code   RO         4852    i.LVQ_DMA_TransferCompleteHandler  lvq_stm32f4_dma.o
    0x08001ff8   0x08001ff8   0x00000002   Code   RO         4853    i.LVQ_DMA_TransferErrorHandler  lvq_stm32f4_dma.o
    0x08001ffa   0x08001ffa   0x00000002   PAD
    0x08001ffc   0x08001ffc   0x000000d4   Code   RO         6125    i.LVQ_Flash_Erase   lvq_stm32f4_flash.o
    0x080020d0   0x080020d0   0x00000026   Code   RO         6126    i.LVQ_Flash_Read    lvq_stm32f4_flash.o
    0x080020f6   0x080020f6   0x00000002   PAD
    0x080020f8   0x080020f8   0x00000018   Code   RO         6130    i.LVQ_Flash_Unlock  lvq_stm32f4_flash.o
    0x08002110   0x08002110   0x000000b4   Code   RO         6131    i.LVQ_Flash_Write   lvq_stm32f4_flash.o
    0x080021c4   0x080021c4   0x000000b0   Code   RO         3126    i.LVQ_GPIO_Config   lvq_stm32f4_gpio.o
    0x08002274   0x08002274   0x0000008c   Code   RO         3128    i.LVQ_GPIO_EnableClock  lvq_stm32f4_gpio.o
    0x08002300   0x08002300   0x0000000e   Code   RO         3131    i.LVQ_GPIO_GetPortSource  lvq_stm32f4_gpio.o
    0x0800230e   0x0800230e   0x00000002   PAD
    0x08002310   0x08002310   0x00000020   Code   RO         3134    i.LVQ_GPIO_INT_EnableClock  lvq_stm32f4_gpio.o
    0x08002330   0x08002330   0x00000030   Code   RO         3135    i.LVQ_GPIO_Init     lvq_stm32f4_gpio.o
    0x08002360   0x08002360   0x0000006e   Code   RO         3136    i.LVQ_GPIO_InitAlternate  lvq_stm32f4_gpio.o
    0x080023ce   0x080023ce   0x00000002   PAD
    0x080023d0   0x080023d0   0x000000d0   Code   RO         6137    i.LVQ_GetSectorFromAddress  lvq_stm32f4_flash.o
    0x080024a0   0x080024a0   0x00000064   Code   RO         3761    i.LVQ_I2C1_INT_InitPins  lvq_stm32f4_i2c.o
    0x08002504   0x08002504   0x0000006c   Code   RO         3762    i.LVQ_I2C2_INT_InitPins  lvq_stm32f4_i2c.o
    0x08002570   0x08002570   0x00000068   Code   RO         3763    i.LVQ_I2C3_INT_InitPins  lvq_stm32f4_i2c.o
    0x080025d8   0x080025d8   0x00000118   Code   RO         3764    i.LVQ_I2C_ConfigClock  lvq_stm32f4_i2c.o
    0x080026f0   0x080026f0   0x000000a4   Code   RO         3765    i.LVQ_I2C_Init      lvq_stm32f4_i2c.o
    0x08002794   0x08002794   0x00000002   Code   RO         3766    i.LVQ_I2C_InitCustomPinsCallback  lvq_stm32f4_i2c.o
    0x08002796   0x08002796   0x00000002   PAD
    0x08002798   0x08002798   0x000000cc   Code   RO         3775    i.LVQ_I2C_Start     lvq_stm32f4_i2c.o
    0x08002864   0x08002864   0x00000044   Code   RO         3776    i.LVQ_I2C_Stop      lvq_stm32f4_i2c.o
    0x080028a8   0x080028a8   0x00000032   Code   RO         3777    i.LVQ_I2C_Write     lvq_stm32f4_i2c.o
    0x080028da   0x080028da   0x00000002   PAD
    0x080028dc   0x080028dc   0x0000002c   Code   RO         3778    i.LVQ_I2C_WriteData  lvq_stm32f4_i2c.o
    0x08002908   0x08002908   0x00000048   Code   RO         3779    i.LVQ_I2C_WriteMulti  lvq_stm32f4_i2c.o
    0x08002950   0x08002950   0x00000218   Code   RO         6005    i.LVQ_MapVolume     lvq_stm32f4_uitx.o
    0x08002b68   0x08002b68   0x00000014   Code   RO         5603    i.LVQ_NRF24_CE_H    lvq_stm32f4_nrf24.o
    0x08002b7c   0x08002b7c   0x00000016   Code   RO         5604    i.LVQ_NRF24_CE_L    lvq_stm32f4_nrf24.o
    0x08002b92   0x08002b92   0x00000014   Code   RO         5605    i.LVQ_NRF24_CSN_H   lvq_stm32f4_nrf24.o
    0x08002ba6   0x08002ba6   0x00000016   Code   RO         5606    i.LVQ_NRF24_CSN_L   lvq_stm32f4_nrf24.o
    0x08002bbc   0x08002bbc   0x00000070   Code   RO         5607    i.LVQ_NRF24_Check   lvq_stm32f4_nrf24.o
    0x08002c2c   0x08002c2c   0x00000042   Code   RO         5609    i.LVQ_NRF24_ClearIRQFlags  lvq_stm32f4_nrf24.o
    0x08002c6e   0x08002c6e   0x00000066   Code   RO         5611    i.LVQ_NRF24_DisableAA  lvq_stm32f4_nrf24.o
    0x08002cd4   0x08002cd4   0x00000026   Code   RO         5615    i.LVQ_NRF24_FlushRX  lvq_stm32f4_nrf24.o
    0x08002cfa   0x08002cfa   0x00000026   Code   RO         5616    i.LVQ_NRF24_FlushTX  lvq_stm32f4_nrf24.o
    0x08002d20   0x08002d20   0x00000062   Code   RO         5621    i.LVQ_NRF24_GetRxDplPayloadWidth  lvq_stm32f4_nrf24.o
    0x08002d82   0x08002d82   0x00000022   Code   RO         5622    i.LVQ_NRF24_GetStatus  lvq_stm32f4_nrf24.o
    0x08002da4   0x08002da4   0x00000026   Code   RO         5623    i.LVQ_NRF24_GetStatus_RXFIFO  lvq_stm32f4_nrf24.o
    0x08002dca   0x08002dca   0x0000023a   Code   RO         5626    i.LVQ_NRF24_Init    lvq_stm32f4_nrf24.o
    0x08003004   0x08003004   0x00000058   Code   RO         5629    i.LVQ_NRF24_PowerUpTx  lvq_stm32f4_nrf24.o
    0x0800305c   0x0800305c   0x00000052   Code   RO         5630    i.LVQ_NRF24_RW      lvq_stm32f4_nrf24.o
    0x080030ae   0x080030ae   0x00000166   Code   RO         5631    i.LVQ_NRF24_RXSearchChannel  lvq_stm32f4_nrf24.o
    0x08003214   0x08003214   0x00000072   Code   RO         5632    i.LVQ_NRF24_ReadMBReg  lvq_stm32f4_nrf24.o
    0x08003286   0x08003286   0x0000002c   Code   RO         5633    i.LVQ_NRF24_ReadPayload  lvq_stm32f4_nrf24.o
    0x080032b2   0x080032b2   0x00000002   PAD
    0x080032b4   0x080032b4   0x000000b0   Code   RO         5635    i.LVQ_NRF24_ReadPayloadGeneric  lvq_stm32f4_nrf24.o
    0x08003364   0x08003364   0x00000066   Code   RO         5636    i.LVQ_NRF24_ReadReg  lvq_stm32f4_nrf24.o
    0x080033ca   0x080033ca   0x00000002   PAD
    0x080033cc   0x080033cc   0x000000d4   Code   RO         5638    i.LVQ_NRF24_SetAddress  lvq_stm32f4_nrf24.o
    0x080034a0   0x080034a0   0x0000002c   Code   RO         5639    i.LVQ_NRF24_SetAddressWidth  lvq_stm32f4_nrf24.o
    0x080034cc   0x080034cc   0x0000004a   Code   RO         5641    i.LVQ_NRF24_SetCRCScheme  lvq_stm32f4_nrf24.o
    0x08003516   0x08003516   0x00000046   Code   RO         5642    i.LVQ_NRF24_SetDataRate  lvq_stm32f4_nrf24.o
    0x0800355c   0x0800355c   0x0000004a   Code   RO         5644    i.LVQ_NRF24_SetOperationalMode  lvq_stm32f4_nrf24.o
    0x080035a6   0x080035a6   0x0000004e   Code   RO         5646    i.LVQ_NRF24_SetPowerMode  lvq_stm32f4_nrf24.o
    0x080035f4   0x080035f4   0x00000028   Code   RO         5647    i.LVQ_NRF24_SetRFChannel  lvq_stm32f4_nrf24.o
    0x0800361c   0x0800361c   0x000000b0   Code   RO         5648    i.LVQ_NRF24_SetRXPipe  lvq_stm32f4_nrf24.o
    0x080036cc   0x080036cc   0x00000046   Code   RO         5649    i.LVQ_NRF24_SetTXPower  lvq_stm32f4_nrf24.o
    0x08003712   0x08003712   0x00000160   Code   RO         5652    i.LVQ_NRF24_StartTXMode  lvq_stm32f4_nrf24.o
    0x08003872   0x08003872   0x000000d0   Code   RO         5654    i.LVQ_NRF24_TransmitPacket  lvq_stm32f4_nrf24.o
    0x08003942   0x08003942   0x00000070   Code   RO         5656    i.LVQ_NRF24_WriteMBReg  lvq_stm32f4_nrf24.o
    0x080039b2   0x080039b2   0x0000002c   Code   RO         5657    i.LVQ_NRF24_WritePayload  lvq_stm32f4_nrf24.o
    0x080039de   0x080039de   0x000000a4   Code   RO         5658    i.LVQ_NRF24_WriteReg  lvq_stm32f4_nrf24.o
    0x08003a82   0x08003a82   0x00000002   PAD
    0x08003a84   0x08003a84   0x00000148   Code   RO         4482    i.LVQ_PWM_InitTimer  lvq_stm32f4_pwm.o
    0x08003bcc   0x08003bcc   0x00000002   Code   RO         4324    i.LVQ_RTC_AlarmAHandler  lvq_stm32f4_rtc.o
    0x08003bce   0x08003bce   0x00000002   Code   RO         4325    i.LVQ_RTC_AlarmBHandler  lvq_stm32f4_rtc.o
    0x08003bd0   0x08003bd0   0x00000002   Code   RO         4337    i.LVQ_RTC_RequestHandler  lvq_stm32f4_rtc.o
    0x08003bd2   0x08003bd2   0x00000002   PAD
    0x08003bd4   0x08003bd4   0x0000004c   Code   RO         3444    i.LVQ_SPI1_INT_InitPins  lvq_stm32f4_spi.o
    0x08003c20   0x08003c20   0x00000080   Code   RO         3445    i.LVQ_SPI2_INT_InitPins  lvq_stm32f4_spi.o
    0x08003ca0   0x08003ca0   0x00000050   Code   RO         3446    i.LVQ_SPI3_INT_InitPins  lvq_stm32f4_spi.o
    0x08003cf0   0x08003cf0   0x0000004c   Code   RO         3447    i.LVQ_SPI4_INT_InitPins  lvq_stm32f4_spi.o
    0x08003d3c   0x08003d3c   0x00000064   Code   RO         3448    i.LVQ_SPI5_INT_InitPins  lvq_stm32f4_spi.o
    0x08003da0   0x08003da0   0x00000034   Code   RO         3449    i.LVQ_SPI6_INT_InitPins  lvq_stm32f4_spi.o
    0x08003dd4   0x08003dd4   0x000000c8   Code   RO         3451    i.LVQ_SPI_Init      lvq_stm32f4_spi.o
    0x08003e9c   0x08003e9c   0x00000044   Code   RO         3452    i.LVQ_SPI_InitCustomPinsCallback  lvq_stm32f4_spi.o
    0x08003ee0   0x08003ee0   0x00000164   Code   RO         3462    i.LVQ_SPIx_Init     lvq_stm32f4_spi.o
    0x08004044   0x08004044   0x0000000e   Code   RO         5396    i.LVQ_SSD1306_Clear  lvq_stm32f4_ssd1306.o
    0x08004052   0x08004052   0x0000007c   Code   RO         5397    i.LVQ_SSD1306_DrawBitmap  lvq_stm32f4_ssd1306.o
    0x080040ce   0x080040ce   0x0000005e   Code   RO         5400    i.LVQ_SSD1306_DrawFilledRectangle  lvq_stm32f4_ssd1306.o
    0x0800412c   0x0800412c   0x0000014a   Code   RO         5402    i.LVQ_SSD1306_DrawLine  lvq_stm32f4_ssd1306.o
    0x08004276   0x08004276   0x00000002   PAD
    0x08004278   0x08004278   0x000000a0   Code   RO         5403    i.LVQ_SSD1306_DrawPixel  lvq_stm32f4_ssd1306.o
    0x08004318   0x08004318   0x00000088   Code   RO         5404    i.LVQ_SSD1306_DrawRectangle  lvq_stm32f4_ssd1306.o
    0x080043a0   0x080043a0   0x00000020   Code   RO         5406    i.LVQ_SSD1306_Fill  lvq_stm32f4_ssd1306.o
    0x080043c0   0x080043c0   0x0000000c   Code   RO         5407    i.LVQ_SSD1306_GotoXY  lvq_stm32f4_ssd1306.o
    0x080043cc   0x080043cc   0x00000198   Code   RO         5408    i.LVQ_SSD1306_Init  lvq_stm32f4_ssd1306.o
    0x08004564   0x08004564   0x000000a8   Code   RO         5412    i.LVQ_SSD1306_Putc  lvq_stm32f4_ssd1306.o
    0x0800460c   0x0800460c   0x0000002a   Code   RO         5413    i.LVQ_SSD1306_Puts  lvq_stm32f4_ssd1306.o
    0x08004636   0x08004636   0x00000002   PAD
    0x08004638   0x08004638   0x00000058   Code   RO         5420    i.LVQ_SSD1306_UpdateScreen  lvq_stm32f4_ssd1306.o
    0x08004690   0x08004690   0x000000d4   Code   RO         4487    i.LVQ_TIMER_CreateDataForPWMFrequency  lvq_stm32f4_pwm.o
    0x08004764   0x08004764   0x00000160   Code   RO         4488    i.LVQ_TIMER_EnableClock  lvq_stm32f4_pwm.o
    0x080048c4   0x080048c4   0x000000cc   Code   RO         4489    i.LVQ_TIMER_GetTimerProperties  lvq_stm32f4_pwm.o
    0x08004990   0x08004990   0x000000f4   Code   RO         6006    i.LVQ_UITX_Battery  lvq_stm32f4_uitx.o
    0x08004a84   0x08004a84   0x000001fc   Code   RO         6007    i.LVQ_UITX_Display  lvq_stm32f4_uitx.o
    0x08004c80   0x08004c80   0x0000064c   Code   RO         6008    i.LVQ_UITX_EndPoint  lvq_stm32f4_uitx.o
    0x080052cc   0x080052cc   0x00000054   Code   RO         6009    i.LVQ_UITX_Loading  lvq_stm32f4_uitx.o
    0x08005320   0x08005320   0x0000001a   Code   RO         6010    i.LVQ_UITX_ReadData  lvq_stm32f4_uitx.o
    0x0800533a   0x0800533a   0x00000002   PAD
    0x0800533c   0x0800533c   0x000002a4   Code   RO         6011    i.LVQ_UITX_Reverse  lvq_stm32f4_uitx.o
    0x080055e0   0x080055e0   0x0000001e   Code   RO         6012    i.LVQ_UITX_SaveData  lvq_stm32f4_uitx.o
    0x080055fe   0x080055fe   0x00000002   PAD
    0x08005600   0x08005600   0x000001b0   Code   RO         6013    i.LVQ_UITX_Volume   lvq_stm32f4_uitx.o
    0x080057b0   0x080057b0   0x00000028   Code   RO         3261    i.LVQ_USART_INT_InsertToBuffer  lvq_stm32f4_usart.o
    0x080057d8   0x080057d8   0x00000004   Code   RO          277    i.MemManage_Handler  stm32f4xx_it.o
    0x080057dc   0x080057dc   0x00000002   Code   RO          278    i.NMI_Handler       stm32f4xx_it.o
    0x080057de   0x080057de   0x00000002   PAD
    0x080057e0   0x080057e0   0x00000078   Code   RO          403    i.NVIC_Init         misc.o
    0x08005858   0x08005858   0x00000028   Code   RO         4690    i.NVIC_SetPriority  lvq_stm32f4_delay.o
    0x08005880   0x08005880   0x000001f8   Code   RO           15    i.PackDataSend      main.o
    0x08005a78   0x08005a78   0x00000002   Code   RO          279    i.PendSV_Handler    stm32f4xx_it.o
    0x08005a7a   0x08005a7a   0x00000002   PAD
    0x08005a7c   0x08005a7c   0x000000e8   Code   RO          472    i.RCC_GetClocksFreq  stm32f4xx_rcc.o
    0x08005b64   0x08005b64   0x0000003c   Code   RO         4342    i.RTC_Alarm_IRQHandler  lvq_stm32f4_rtc.o
    0x08005ba0   0x08005ba0   0x00000020   Code   RO         1917    i.RTC_ClearITPendingBit  stm32f4xx_rtc.o
    0x08005bc0   0x08005bc0   0x00000044   Code   RO         1929    i.RTC_GetITStatus   stm32f4xx_rtc.o
    0x08005c04   0x08005c04   0x00000028   Code   RO         4343    i.RTC_WKUP_IRQHandler  lvq_stm32f4_rtc.o
    0x08005c2c   0x08005c2c   0x00000018   Code   RO         1087    i.SPI_StructInit    stm32f4xx_spi.o
    0x08005c44   0x08005c44   0x00000002   Code   RO          280    i.SVC_Handler       stm32f4xx_it.o
    0x08005c46   0x08005c46   0x00000002   PAD
    0x08005c48   0x08005c48   0x0000006c   Code   RO           16    i.SetFrequencyLoopSend  main.o
    0x08005cb4   0x08005cb4   0x000000e8   Code   RO          362    i.SetSysClock       system_stm32f4xx.o
    0x08005d9c   0x08005d9c   0x00000034   Code   RO         4691    i.SysTick_Handler   lvq_stm32f4_delay.o
    0x08005dd0   0x08005dd0   0x00000068   Code   RO          364    i.SystemInit        system_stm32f4xx.o
    0x08005e38   0x08005e38   0x00000020   Code   RO           17    i.TIM2_IRQHandler   main.o
    0x08005e58   0x08005e58   0x00000006   Code   RO         2408    i.TIM_ClearFlag     stm32f4xx_tim.o
    0x08005e5e   0x08005e5e   0x00000018   Code   RO         2414    i.TIM_Cmd           stm32f4xx_tim.o
    0x08005e76   0x08005e76   0x00000012   Code   RO         2439    i.TIM_ITConfig      stm32f4xx_tim.o
    0x08005e88   0x08005e88   0x000000b0   Code   RO         4695    i.TimingDelay_Increasement  lvq_stm32f4_delay.o
    0x08005f38   0x08005f38   0x00000024   Code   RO         3268    i.USART1_IRQHandler  lvq_stm32f4_usart.o
    0x08005f5c   0x08005f5c   0x00000024   Code   RO         3269    i.USART2_IRQHandler  lvq_stm32f4_usart.o
    0x08005f80   0x08005f80   0x00000024   Code   RO         3270    i.USART6_IRQHandler  lvq_stm32f4_usart.o
    0x08005fa4   0x08005fa4   0x00000004   Code   RO          281    i.UsageFault_Handler  stm32f4xx_it.o
    0x08005fa8   0x08005fa8   0x00000030   Code   RO         6578    i.__ARM_fpclassify  m_wm.l(fpclassify.o)
    0x08005fd8   0x08005fd8   0x0000000e   Code   RO         6306    i._is_digit         c_w.l(__printf_wp.o)
    0x08005fe6   0x08005fe6   0x00000004   Code   RO         3271    i._sys_exit         lvq_stm32f4_usart.o
    0x08005fea   0x08005fea   0x00000002   PAD
    0x08005fec   0x08005fec   0x00000180   Code   RO           18    i.main              main.o
    0x0800616c   0x0800616c   0x00000034   Code   RO         5659    i.map               lvq_stm32f4_nrf24.o
    0x080061a0   0x080061a0   0x0000002c   Code   RO         6664    locale$$code        c_w.l(lc_numeric_c.o)
    0x080061cc   0x080061cc   0x00000062   Code   RO         6336    x$fpl$d2f           fz_wm.l(d2f.o)
    0x0800622e   0x0800622e   0x00000018   Code   RO         6538    x$fpl$dcmpinf       fz_wm.l(dcmpi.o)
    0x08006246   0x08006246   0x00000002   PAD
    0x08006248   0x08006248   0x000002b0   Code   RO         6345    x$fpl$ddiv          fz_wm.l(ddiv.o)
    0x080064f8   0x080064f8   0x00000078   Code   RO         6348    x$fpl$deqf          fz_wm.l(deqf.o)
    0x08006570   0x08006570   0x0000005a   Code   RO         6350    x$fpl$dfixu         fz_wm.l(dfixu.o)
    0x080065ca   0x080065ca   0x00000026   Code   RO         6354    x$fpl$dfltu         fz_wm.l(dflt_clz.o)
    0x080065f0   0x080065f0   0x00000078   Code   RO         6360    x$fpl$dleqf         fz_wm.l(dleqf.o)
    0x08006668   0x08006668   0x00000154   Code   RO         6362    x$fpl$dmul          fz_wm.l(dmul.o)
    0x080067bc   0x080067bc   0x0000009c   Code   RO         6540    x$fpl$dnaninf       fz_wm.l(dnaninf.o)
    0x08006858   0x08006858   0x0000000c   Code   RO         6542    x$fpl$dretinf       fz_wm.l(dretinf.o)
    0x08006864   0x08006864   0x00000056   Code   RO         6364    x$fpl$f2d           fz_wm.l(f2d.o)
    0x080068ba   0x080068ba   0x0000008c   Code   RO         6548    x$fpl$fnaninf       fz_wm.l(fnaninf.o)
    0x08006946   0x08006946   0x0000000a   Code   RO         6684    x$fpl$fpinit        fz_wm.l(fpinit.o)
    0x08006950   0x08006950   0x0000000a   Code   RO         6550    x$fpl$fretinf       fz_wm.l(fretinf.o)
    0x0800695a   0x0800695a   0x00000004   Code   RO         6366    x$fpl$printf1       fz_wm.l(printf1.o)
    0x0800695e   0x0800695e   0x00000000   Code   RO         6554    x$fpl$usenofp       fz_wm.l(usenofp.o)
    0x0800695e   0x0800695e   0x00000014   Data   RO         4854    .constdata          lvq_stm32f4_dma.o
    0x08006972   0x08006972   0x00002814   Data   RO         5568    .constdata          lvq_stm32f4_fonts.o
    0x08009186   0x08009186   0x0000000d   Data   RO         5660    .constdata          lvq_stm32f4_nrf24.o
    0x08009193   0x08009193   0x00000001   PAD
    0x08009194   0x08009194   0x0000484c   Data   RO         6014    .constdata          lvq_stm32f4_uitx.o
    0x0800d9e0   0x0800d9e0   0x00000094   Data   RO         6639    .constdata          c_w.l(bigflt0.o)
    0x0800da74   0x0800da74   0x00000020   Data   RO         6773    Region$$Table       anon$$obj.o
    0x0800da94   0x0800da94   0x0000001c   Data   RO         6663    locale$$data        c_w.l(lc_numeric_c.o)


    Execution Region RW_IRAM1 (Exec base: 0x20000000, Load base: 0x0800dab0, Size: 0x00000e98, Max: 0x00010000, ABSOLUTE, COMPRESSED[0x00000154])

    Exec Addr    Load Addr    Size         Type   Attr      Idx    E Section Name        Object

    0x20000000   COMPRESSED   0x0000009f   Data   RW           21    .data               main.o
    0x2000009f   COMPRESSED   0x00000001   PAD
    0x200000a0   COMPRESSED   0x00000014   Data   RW          365    .data               system_stm32f4xx.o
    0x200000b4   COMPRESSED   0x00000010   Data   RW          502    .data               stm32f4xx_rcc.o
    0x200000c4   COMPRESSED   0x0000003c   Data   RW         3277    .data               lvq_stm32f4_usart.o
    0x20000100   COMPRESSED   0x00000010   Data   RW         3784    .data               lvq_stm32f4_i2c.o
    0x20000110   COMPRESSED   0x00000004   Data   RW         4244    .data               lvq_stm32f4_exti.o
    0x20000114   COMPRESSED   0x00000011   Data   RW         4697    .data               lvq_stm32f4_delay.o
    0x20000125   COMPRESSED   0x00000001   PAD
    0x20000126   COMPRESSED   0x00000006   Data   RW         5422    .data               lvq_stm32f4_ssd1306.o
    0x2000012c   COMPRESSED   0x00000018   Data   RW         5569    .data               lvq_stm32f4_fonts.o
    0x20000144   COMPRESSED   0x00000130   Data   RW         6015    .data               lvq_stm32f4_uitx.o
    0x20000274        -       0x000000d0   Zero   RW           19    .bss                main.o
    0x20000344        -       0x00000016   Zero   RW         3143    .bss                lvq_stm32f4_gpio.o
    0x2000035a        -       0x000000c0   Zero   RW         3276    .bss                lvq_stm32f4_usart.o
    0x2000041a   COMPRESSED   0x00000002   PAD
    0x2000041c        -       0x00000018   Zero   RW         4696    .bss                lvq_stm32f4_delay.o
    0x20000434        -       0x00000400   Zero   RW         5421    .bss                lvq_stm32f4_ssd1306.o
    0x20000834        -       0x00000060   Zero   RW         6597    .bss                c_w.l(libspace.o)
    0x20000894   COMPRESSED   0x00000004   PAD
    0x20000898        -       0x00000200   Zero   RW            2    HEAP                startup_stm32f401xx.o
    0x20000a98        -       0x00000400   Zero   RW            1    STACK               startup_stm32f401xx.o


==============================================================================

Image component sizes


      Code (inc. data)   RO Data    RW Data    ZI Data      Debug   Object Name

       194          0          0          0          0       1402   lvq_stm32f4_74hc165.o
        28          0          0          0          0       1030   lvq_stm32f4_adc.o
       462         36          0          0          0       2171   lvq_stm32f4_adc_dma.o
       402         44          0         17         24      31977   lvq_stm32f4_delay.o
       550        120         20          0          0      15158   lvq_stm32f4_dma.o
       464         68          0          4          0       4419   lvq_stm32f4_exti.o
       662         54          0          0          0       4267   lvq_stm32f4_flash.o
         0          0      10260         24          0       1427   lvq_stm32f4_fonts.o
       520         42          0          0         22       5342   lvq_stm32f4_gpio.o
      1196        114          0         16          0       8540   lvq_stm32f4_i2c.o
      3914         30         13          0          0      33544   lvq_stm32f4_nrf24.o
      1096        154          0          0          0       4121   lvq_stm32f4_pwm.o
       106         10          0          0          0       2786   lvq_stm32f4_rtc.o
      1136        142          0          0          0       6772   lvq_stm32f4_spi.o
      1608         44          0          6       1024      11326   lvq_stm32f4_ssd1306.o
      4420        372      18508        304          0      14900   lvq_stm32f4_uitx.o
       152         26          0         60        192       5388   lvq_stm32f4_usart.o
      1244        128          0        159        208     262866   main.o
       120         14          0          0          0       2620   misc.o
        64         26        404          0       1536        884   startup_stm32f401xx.o
       184          0          0          0          0      15831   stm32f4xx_adc.o
        62          0          0          0          0       9261   stm32f4xx_i2c.o
        24          0          0          0          0       3772   stm32f4xx_it.o
       232         18          0         16          0      18064   stm32f4xx_rcc.o
       100          8          0          0          0       1222   stm32f4xx_rtc.o
        24          0          0          0          0       9245   stm32f4xx_spi.o
        48          0          0          0          0      21937   stm32f4xx_tim.o
       336         32          0         20          0       1837   system_stm32f4xx.o

    ----------------------------------------------------------------------
     19390       1482      29238        628       3008     502109   Object Totals
         0          0         32          0          0          0   (incl. Generated)
        42          0          1          2          2          0   (incl. Padding)

    ----------------------------------------------------------------------

      Code (inc. data)   RO Data    RW Data    ZI Data      Debug   Library Member Name

        90          0          0          0          0          0   __dczerorl2.o
         8          0          0          0          0         68   __main.o
       284          0          0          0          0        156   __printf_wp.o
         0          0          0          0          0          0   __rtentry.o
        12          0          0          0          0          0   __rtentry2.o
         6          0          0          0          0          0   __rtentry4.o
        52          8          0          0          0          0   __scatter.o
        28          0          0          0          0          0   __scatter_zi.o
        48          6          0          0          0         96   _printf_char_common.o
         6          0          0          0          0          0   _printf_d.o
       120         16          0          0          0         92   _printf_dec.o
         6          0          0          0          0          0   _printf_f.o
      1054          0          0          0          0        216   _printf_fp_dec.o
       128         16          0          0          0         84   _printf_fp_infnan.o
       178          0          0          0          0         88   _printf_intcommon.o
        78          0          0          0          0        108   _printf_pad.o
         0          0          0          0          0          0   _printf_percent.o
         4          0          0          0          0          0   _printf_percent_end.o
        10          0          0          0          0         68   _sputc.o
        16          0          0          0          0         68   aeabi_memset.o
       228          4        148          0          0         96   bigflt0.o
      1936        128          0          0          0        672   btod.o
        18          0          0          0          0         80   exit.o
         6          0          0          0          0        152   heapauxi.o
        44         10         28          0          0         76   lc_numeric_c.o
         2          0          0          0          0          0   libinit.o
        22          0          0          0          0          0   libinit2.o
         2          0          0          0          0          0   libshutdown.o
         2          0          0          0          0          0   libshutdown2.o
         8          4          0          0         96         68   libspace.o
       138          0          0          0          0         80   lludiv10.o
        40          6          0          0          0         84   noretval__2sprintf.o
         8          4          0          0          0         68   rt_locale_intlibspace.o
        68          0          0          0          0         68   rt_memclr.o
        78          0          0          0          0         80   rt_memclr_w.o
       138          0          0          0          0         68   rt_memcpy_v6.o
       100          0          0          0          0         80   rt_memcpy_w.o
         2          0          0          0          0          0   rtexit.o
        10          0          0          0          0          0   rtexit2.o
       128          0          0          0          0         68   strcmpv7m.o
        74          0          0          0          0         80   sys_stackheap_outer.o
        98          4          0          0          0        140   d2f.o
        24          0          0          0          0        116   dcmpi.o
       688        140          0          0          0        256   ddiv.o
       120          4          0          0          0        140   deqf.o
        90          4          0          0          0        140   dfixu.o
        38          0          0          0          0        116   dflt_clz.o
       120          4          0          0          0        140   dleqf.o
       340         12          0          0          0        152   dmul.o
       156          4          0          0          0        140   dnaninf.o
        12          0          0          0          0        116   dretinf.o
        86          4          0          0          0        132   f2d.o
       140          4          0          0          0        132   fnaninf.o
        10          0          0          0          0        116   fpinit.o
        10          0          0          0          0        116   fretinf.o
         4          0          0          0          0        116   printf1.o
         0          0          0          0          0          0   usenofp.o
        48          0          0          0          0        124   fpclassify.o

    ----------------------------------------------------------------------
      7180        382        176          0        100       5056   Library Totals
        16          0          0          0          4          0   (incl. Padding)

    ----------------------------------------------------------------------

      Code (inc. data)   RO Data    RW Data    ZI Data      Debug   Library Name

      5180        202        176          0         96       2864   c_w.l
      1936        180          0          0          0       2068   fz_wm.l
        48          0          0          0          0        124   m_wm.l

    ----------------------------------------------------------------------
      7180        382        176          0        100       5056   Library Totals

    ----------------------------------------------------------------------

==============================================================================


      Code (inc. data)   RO Data    RW Data    ZI Data      Debug   

     26570       1864      29414        628       3108     487605   Grand Totals
     26570       1864      29414        340       3108     487605   ELF Image Totals (compressed)
     26570       1864      29414        340          0          0   ROM Totals

==============================================================================

    Total RO  Size (Code + RO Data)                55984 (  54.67kB)
    Total RW  Size (RW Data + ZI Data)              3736 (   3.65kB)
    Total ROM Size (Code + RO Data + RW Data)      56324 (  55.00kB)

==============================================================================

